******************************************************************************
                  MSP430 Linker PC v21.6.1                     
******************************************************************************
>> Linked Wed Jul 16 15:25:11 2025

OUTPUT FILE NAME:   <gfxEmbed.out>
ENTRY POINT SYMBOL: "_c_int00_noargs"  address: 0000d39a


MEMORY CONFIGURATION

         name            origin    length      used     unused   attr    fill
----------------------  --------  ---------  --------  --------  ----  --------
  SFR                   00000000   00000010  00000000  00000010  RWIX
  PERIPHERALS_8BIT      00000010   000000f0  00000000  000000f0  RWIX
  PERIPHERALS_16BIT     00000100   00000100  00000000  00000100  RWIX
  RAM                   00000200   00000200  000001d2  0000002e  RWIX
  INFOD                 00001000   00000040  00000000  00000040  RWIX
  INFOC                 00001040   00000040  00000000  00000040  RWIX
  INFOB                 00001080   00000040  00000000  00000040  RWIX
  INFOA                 000010c0   00000040  00000000  00000040  RWIX
  FLASH                 0000c000   00003fde  00002154  00001e8a  RWIX
  BSLSIGNATURE          0000ffde   00000002  00000002  00000000  RWIX  ffff 
  INT00                 0000ffe0   00000002  00000002  00000000  RWIX
  INT01                 0000ffe2   00000002  00000000  00000002  RWIX
  INT02                 0000ffe4   00000002  00000002  00000000  RWIX
  INT03                 0000ffe6   00000002  00000002  00000000  RWIX
  INT04                 0000ffe8   00000002  00000000  00000002  RWIX
  INT05                 0000ffea   00000002  00000002  00000000  RWIX
  INT06                 0000ffec   00000002  00000002  00000000  RWIX
  INT07                 0000ffee   00000002  00000002  00000000  RWIX
  INT08                 0000fff0   00000002  00000002  00000000  RWIX
  INT09                 0000fff2   00000002  00000002  00000000  RWIX
  INT10                 0000fff4   00000002  00000002  00000000  RWIX
  INT11                 0000fff6   00000002  00000002  00000000  RWIX
  INT12                 0000fff8   00000002  00000002  00000000  RWIX
  INT13                 0000fffa   00000002  00000002  00000000  RWIX
  INT14                 0000fffc   00000002  00000002  00000000  RWIX
  RESET                 0000fffe   00000002  00000002  00000000  RWIX


SECTION ALLOCATION MAP

 output                                  attributes/
section   page    origin      length       input sections
--------  ----  ----------  ----------   ----------------
.data      0    00000000    00000106     FAILED TO ALLOCATE
.bss       0    00000320    000000b2     UNINITIALIZED
                  00000320    000000a0     (.common:__TI_tmpnams)
                  000003c0    00000008     (.common:parmbuf)
                  000003c8    00000002     rts430_eabi.lib : memory.c.obj (.bss)
                  000003ca    00000002     (.common:TIMERCOUNT)
                  000003cc    00000002     (.common:TIME_MEASURE)
                  000003ce    00000002     (.common:font_data_ptr)
                  000003d0    00000001     (.common:Inverted)
                  000003d1    00000001     (.common:masking)

.sysmem    0    00000000    00000050     FAILED TO ALLOCATE
.stack     0    00000000    00000050     FAILED TO ALLOCATE
.text      0    0000c000    00001564     
                  0000c000    00000116     rts430_eabi.lib : _printfi.c.obj (.text:__TI_printfi_minimal:_setfield___TI_printfi_minimal)
                  0000c116    000000f6                     : memory.c.obj (.text:aligned_alloc)
                  0000c20c    000000ec                     : _printfi.c.obj (.text:__TI_printfi_minimal:__TI_printfi_minimal)
                  0000c2f8    000000ea                     : fputs.c.obj (.text:fputs)
                  0000c3e2    000000d2                     : memory.c.obj (.text:free)
                  0000c4b4    000000d0                     : setvbuf.c.obj (.text:setvbuf)
                  0000c584    000000ca                     : _printfi.c.obj (.text:__TI_printfi_minimal:_pproc_diouxp___TI_printfi_minimal)
                  0000c64e    000000c0     main.obj (.text:main)
                  0000c70e    000000ba     nt75451.obj (.text:PutChar)
                  0000c7c8    00000090     rts430_eabi.lib : fputc.c.obj (.text:fputc)
                  0000c858    00000088                     : hostlseek.c.obj (.text:HOSTlseek)
                  0000c8e0    00000084     nt75451.obj (.text:WriteFSGraphic)
                  0000c964    0000007c     rts430_eabi.lib : copy_decompress_lzss.c.obj (.text:decompress:lzss:__TI_decompress_lzss)
                  0000c9e0    0000007a                     : _io_perm.c.obj (.text:__TI_wrt_ok)
                  0000ca5a    00000078     nt75451.obj (.text:ClearDisplay)
                  0000cad2    00000072     rts430_eabi.lib : fclose.c.obj (.text:__TI_closefile)
                  0000cb44    00000070                     : fseek.c.obj (.text:fseeko)
                  0000cbb4    0000006a                     : hostrename.c.obj (.text:HOSTrename)
                  0000cc1e    00000068                     : memory.c.obj (.text:split)
                  0000cc86    00000066                     : hostopen.c.obj (.text:HOSTopen)
                  0000ccec    00000062                     : hostwrite.c.obj (.text:HOSTwrite)
                  0000cd4e    00000062                     : fflush.c.obj (.text:__TI_doflush)
                  0000cdb0    00000060                     : hostread.c.obj (.text:HOSTread)
                  0000ce10    00000060     nt75451.obj (.text:InitDisplay)
                  0000ce70    00000058     rts430_eabi.lib : getdevice.c.obj (.text:getdevice)
                  0000cec8    0000004c                     : lsr16.asm.obj (.text)
                  0000cf14    0000004a                     : close.c.obj (.text:close)
                  0000cf5e    00000044                     : hostclose.c.obj (.text:HOSTclose)
                  0000cfa2    00000044                     : exit.c.obj (.text:exit)
                  0000cfe6    00000042                     : autoinit.c.obj (.text:__TI_auto_init_nobinit_nopinit:__TI_auto_init_nobinit_nopinit)
                  0000d028    00000042     nt75451.obj (.text:putPixels)
                  0000d06a    00000040     rts430_eabi.lib : hostunlink.c.obj (.text:HOSTunlink)
                  0000d0aa    0000003e                     : lsl32.asm.obj (.text:l_lsl_const)
                  0000d0e8    0000003c                     : printf.c.obj (.text:printf)
                  0000d124    0000003a     nt75451.obj (.text:sendSPI)
                  0000d15e    00000034     rts430_eabi.lib : fopen.c.obj (.text:__TI_cleanup)
                  0000d192    00000034                     : getdevice.c.obj (.text:finddevice)
                  0000d1c6    0000002e                     : trgmsg.c.obj (.text:__TI_writemsg)
                  0000d1f4    0000002c                     : trgmsg.c.obj (.text:__TI_readmsg)
                  0000d220    0000002c                     : asr16.asm.obj (.text)
                  0000d24c    0000002c                     : lsl16.asm.obj (.text)
                  0000d278    0000002c                     : strncpy.c.obj (.text:strncpy)
                  0000d2a4    00000028                     : memory.c.obj (.text:free_list_insert)
                  0000d2cc    00000028                     : unlink.c.obj (.text:unlink)
                  0000d2f4    00000026                     : lseek.c.obj (.text:lseek)
                  0000d31a    00000024                     : write.c.obj (.text:write)
                  0000d33e    00000022                     : memccpy.c.obj (.text:memccpy)
                  0000d360    0000001e     nt75451.obj (.text:setColumnAddress)
                  0000d37e    0000001c     nt75451.obj (.text:InitDriver)
                  0000d39a    0000001c     rts430_eabi.lib : boot.c.obj (.text:_c_int00_noargs)
                  0000d3b6    0000001c                     : memory.c.obj (.text:free_list_remove)
                  0000d3d2    0000001a                     : strchr.c.obj (.text:strchr)
                  0000d3ec    0000001a     main.obj (.text:watchdog_timer)
                  0000d406    00000018     rts430_eabi.lib : strcmp.c.obj (.text:strcmp)
                  0000d41e    00000016                     : div16u.asm.obj (.text)
                  0000d434    00000014                     : copy_zero_init.c.obj (.text:decompress:ZI:__TI_zero_init_nomemset:__TI_zero_init_nomemset)
                  0000d448    00000014                     : memchr.c.obj (.text:memchr)
                  0000d45c    00000014                     : memset.c.obj (.text:memset)
                  0000d470    00000014                     : mult16.asm.obj (.text)
                  0000d484    00000012                     : copy_decompress_none.c.obj (.text:decompress:none:__TI_decompress_none)
                  0000d496    00000012                     : memcpy.c.obj (.text:memcpy)
                  0000d4a8    00000012     nt75451.obj (.text:sendSPICmd)
                  0000d4ba    00000012     nt75451.obj (.text:sendSPIData)
                  0000d4cc    00000010     rts430_eabi.lib : epilog.asm.obj (.text)
                  0000d4dc    00000010                     : strcpy.c.obj (.text:strcpy)
                  0000d4ec    0000000e     timer.obj (.text:Delay)
                  0000d4fa    0000000e     gfxEmbedLib.obj (.text:Init_gfx)
                  0000d508    0000000e     nt75451.obj (.text:setPageAddress)
                  0000d516    0000000e     rts430_eabi.lib : strlen.c.obj (.text:strlen)
                  0000d524    0000000a     timer.obj (.text:CallInISR)
                  0000d52e    00000008     rts430_eabi.lib : isr_trap.asm.obj (.text:_isr:__TI_ISR_TRAP)
                  0000d536    00000008                     : memory.c.obj (.text:malloc)
                  0000d53e    00000006     timer.obj (.text:InitTimerSystem)
                  0000d544    00000006     nt75451.obj (.text:SetFont)
                  0000d54a    00000006     rts430_eabi.lib : printf.c.obj (.text:_outc)
                  0000d550    00000006                     : exit.c.obj (.text:abort)
                  0000d556    00000004                     : printf.c.obj (.text:_outs)
                  0000d55a    00000004                     : pre_init.c.obj (.text:_system_pre_init)
                  0000d55e    00000002     gfxEmbedLib.obj (.text:Clear_Display)
                  0000d560    00000002     rts430_eabi.lib : _lock.c.obj (.text:_nop)
                  0000d562    00000002                     : startup.c.obj (.text:_system_post_cinit)

.const     0    0000d564    00000bb2     
                  0000d564    00000280     main.obj (.const:.string:Testbmp)
                  0000d7e4    00000200     main.obj (.const:Hitachi)
                  0000d9e4    00000026     rts430_eabi.lib : _printfi.c.obj (.const:.string)
                  0000da0a    0000001e     main.obj (.const:.string:h5x7_14)
                  0000da28    0000001e     main.obj (.const:.string:h5x7_15)
                  0000da46    0000001e     main.obj (.const:.string:h5x7_16)
                  0000da64    0000001e     main.obj (.const:.string:h5x7_17)
                  0000da82    0000001e     main.obj (.const:.string:h5x7_20)
                  0000daa0    0000001e     main.obj (.const:.string:h5x7_21)
                  0000dabe    0000001e     main.obj (.const:.string:h5x7_22)
                  0000dadc    00000014     main.obj (.const:.string:h5x7_06)
                  0000daf0    00000013     main.obj (.const:.string:h5x7_03)
                  0000db03    00000001     --HOLE-- [fill = 0]
                  0000db04    00000013     main.obj (.const:.string:h5x7_13)
                  0000db17    00000001     --HOLE-- [fill = 0]
                  0000db18    0000000f     main.obj (.const:.string:h5x7_08)
                  0000db27    00000001     --HOLE-- [fill = 0]
                  0000db28    0000000e     main.obj (.const:.string)
                  0000db36    0000000d     main.obj (.const:.string:h5x7_04)
                  0000db43    00000001     --HOLE-- [fill = 0]
                  0000db44    0000000b     main.obj (.const:.string:h5x7_05)
                  0000db4f    00000001     --HOLE-- [fill = 0]
                  0000db50    00000009     main.obj (.const:.string:h5x7_18)
                  0000db59    00000001     --HOLE-- [fill = 0]
                  0000db5a    00000009     main.obj (.const:.string:h5x7_19)
                  0000db63    00000001     --HOLE-- [fill = 0]
                  0000db64    00000008     main.obj (.const:.string:h5x7_02)
                  0000db6c    00000008     main.obj (.const:.string:h5x7_07)
                  0000db74    00000008     main.obj (.const:.string:h5x7_09)
                  0000db7c    00000008     main.obj (.const:.string:h5x7_10)
                  0000db84    00000008     main.obj (.const:.string:h5x7_11)
                  0000db8c    00000008     main.obj (.const:.string:h5x7_12)
                  0000db94    00000006     main.obj (.const:.string:h5x7_00)
                  0000db9a    00000006     main.obj (.const:.string:h5x7_01)
                  0000dba0    00000006     main.obj (.const:.string:h5x7_100)
                  0000dba6    00000006     main.obj (.const:.string:h5x7_101)
                  0000dbac    00000006     main.obj (.const:.string:h5x7_102)
                  0000dbb2    00000006     main.obj (.const:.string:h5x7_103)
                  0000dbb8    00000006     main.obj (.const:.string:h5x7_104)
                  0000dbbe    00000006     main.obj (.const:.string:h5x7_105)
                  0000dbc4    00000006     main.obj (.const:.string:h5x7_106)
                  0000dbca    00000006     main.obj (.const:.string:h5x7_107)
                  0000dbd0    00000006     main.obj (.const:.string:h5x7_108)
                  0000dbd6    00000006     main.obj (.const:.string:h5x7_109)
                  0000dbdc    00000006     main.obj (.const:.string:h5x7_110)
                  0000dbe2    00000006     main.obj (.const:.string:h5x7_111)
                  0000dbe8    00000006     main.obj (.const:.string:h5x7_112)
                  0000dbee    00000006     main.obj (.const:.string:h5x7_113)
                  0000dbf4    00000006     main.obj (.const:.string:h5x7_114)
                  0000dbfa    00000006     main.obj (.const:.string:h5x7_115)
                  0000dc00    00000006     main.obj (.const:.string:h5x7_116)
                  0000dc06    00000006     main.obj (.const:.string:h5x7_117)
                  0000dc0c    00000006     main.obj (.const:.string:h5x7_118)
                  0000dc12    00000006     main.obj (.const:.string:h5x7_119)
                  0000dc18    00000006     main.obj (.const:.string:h5x7_120)
                  0000dc1e    00000006     main.obj (.const:.string:h5x7_121)
                  0000dc24    00000006     main.obj (.const:.string:h5x7_122)
                  0000dc2a    00000006     main.obj (.const:.string:h5x7_123)
                  0000dc30    00000006     main.obj (.const:.string:h5x7_124)
                  0000dc36    00000006     main.obj (.const:.string:h5x7_125)
                  0000dc3c    00000006     main.obj (.const:.string:h5x7_126)
                  0000dc42    00000006     main.obj (.const:.string:h5x7_127)
                  0000dc48    00000006     main.obj (.const:.string:h5x7_128)
                  0000dc4e    00000006     main.obj (.const:.string:h5x7_129)
                  0000dc54    00000006     main.obj (.const:.string:h5x7_130)
                  0000dc5a    00000006     main.obj (.const:.string:h5x7_131)
                  0000dc60    00000006     main.obj (.const:.string:h5x7_132)
                  0000dc66    00000006     main.obj (.const:.string:h5x7_133)
                  0000dc6c    00000006     main.obj (.const:.string:h5x7_134)
                  0000dc72    00000006     main.obj (.const:.string:h5x7_135)
                  0000dc78    00000006     main.obj (.const:.string:h5x7_136)
                  0000dc7e    00000006     main.obj (.const:.string:h5x7_137)
                  0000dc84    00000006     main.obj (.const:.string:h5x7_138)
                  0000dc8a    00000006     main.obj (.const:.string:h5x7_139)
                  0000dc90    00000006     main.obj (.const:.string:h5x7_140)
                  0000dc96    00000006     main.obj (.const:.string:h5x7_141)
                  0000dc9c    00000006     main.obj (.const:.string:h5x7_142)
                  0000dca2    00000006     main.obj (.const:.string:h5x7_143)
                  0000dca8    00000006     main.obj (.const:.string:h5x7_144)
                  0000dcae    00000006     main.obj (.const:.string:h5x7_145)
                  0000dcb4    00000006     main.obj (.const:.string:h5x7_146)
                  0000dcba    00000006     main.obj (.const:.string:h5x7_147)
                  0000dcc0    00000006     main.obj (.const:.string:h5x7_148)
                  0000dcc6    00000006     main.obj (.const:.string:h5x7_149)
                  0000dccc    00000006     main.obj (.const:.string:h5x7_150)
                  0000dcd2    00000006     main.obj (.const:.string:h5x7_151)
                  0000dcd8    00000006     main.obj (.const:.string:h5x7_152)
                  0000dcde    00000006     main.obj (.const:.string:h5x7_153)
                  0000dce4    00000006     main.obj (.const:.string:h5x7_154)
                  0000dcea    00000006     main.obj (.const:.string:h5x7_155)
                  0000dcf0    00000006     main.obj (.const:.string:h5x7_156)
                  0000dcf6    00000006     main.obj (.const:.string:h5x7_157)
                  0000dcfc    00000006     main.obj (.const:.string:h5x7_158)
                  0000dd02    00000006     main.obj (.const:.string:h5x7_159)
                  0000dd08    00000006     main.obj (.const:.string:h5x7_160)
                  0000dd0e    00000006     main.obj (.const:.string:h5x7_161)
                  0000dd14    00000006     main.obj (.const:.string:h5x7_162)
                  0000dd1a    00000006     main.obj (.const:.string:h5x7_163)
                  0000dd20    00000006     main.obj (.const:.string:h5x7_164)
                  0000dd26    00000006     main.obj (.const:.string:h5x7_165)
                  0000dd2c    00000006     main.obj (.const:.string:h5x7_166)
                  0000dd32    00000006     main.obj (.const:.string:h5x7_167)
                  0000dd38    00000006     main.obj (.const:.string:h5x7_168)
                  0000dd3e    00000006     main.obj (.const:.string:h5x7_169)
                  0000dd44    00000006     main.obj (.const:.string:h5x7_170)
                  0000dd4a    00000006     main.obj (.const:.string:h5x7_171)
                  0000dd50    00000006     main.obj (.const:.string:h5x7_172)
                  0000dd56    00000006     main.obj (.const:.string:h5x7_173)
                  0000dd5c    00000006     main.obj (.const:.string:h5x7_174)
                  0000dd62    00000006     main.obj (.const:.string:h5x7_175)
                  0000dd68    00000006     main.obj (.const:.string:h5x7_176)
                  0000dd6e    00000006     main.obj (.const:.string:h5x7_177)
                  0000dd74    00000006     main.obj (.const:.string:h5x7_178)
                  0000dd7a    00000006     main.obj (.const:.string:h5x7_179)
                  0000dd80    00000006     main.obj (.const:.string:h5x7_180)
                  0000dd86    00000006     main.obj (.const:.string:h5x7_181)
                  0000dd8c    00000006     main.obj (.const:.string:h5x7_182)
                  0000dd92    00000006     main.obj (.const:.string:h5x7_183)
                  0000dd98    00000006     main.obj (.const:.string:h5x7_184)
                  0000dd9e    00000006     main.obj (.const:.string:h5x7_185)
                  0000dda4    00000006     main.obj (.const:.string:h5x7_186)
                  0000ddaa    00000006     main.obj (.const:.string:h5x7_187)
                  0000ddb0    00000006     main.obj (.const:.string:h5x7_188)
                  0000ddb6    00000006     main.obj (.const:.string:h5x7_189)
                  0000ddbc    00000006     main.obj (.const:.string:h5x7_190)
                  0000ddc2    00000006     main.obj (.const:.string:h5x7_191)
                  0000ddc8    00000006     main.obj (.const:.string:h5x7_192)
                  0000ddce    00000006     main.obj (.const:.string:h5x7_193)
                  0000ddd4    00000006     main.obj (.const:.string:h5x7_194)
                  0000ddda    00000006     main.obj (.const:.string:h5x7_195)
                  0000dde0    00000006     main.obj (.const:.string:h5x7_196)
                  0000dde6    00000006     main.obj (.const:.string:h5x7_197)
                  0000ddec    00000006     main.obj (.const:.string:h5x7_198)
                  0000ddf2    00000006     main.obj (.const:.string:h5x7_199)
                  0000ddf8    00000006     main.obj (.const:.string:h5x7_200)
                  0000ddfe    00000006     main.obj (.const:.string:h5x7_201)
                  0000de04    00000006     main.obj (.const:.string:h5x7_202)
                  0000de0a    00000006     main.obj (.const:.string:h5x7_203)
                  0000de10    00000006     main.obj (.const:.string:h5x7_204)
                  0000de16    00000006     main.obj (.const:.string:h5x7_205)
                  0000de1c    00000006     main.obj (.const:.string:h5x7_206)
                  0000de22    00000006     main.obj (.const:.string:h5x7_207)
                  0000de28    00000006     main.obj (.const:.string:h5x7_208)
                  0000de2e    00000006     main.obj (.const:.string:h5x7_209)
                  0000de34    00000006     main.obj (.const:.string:h5x7_210)
                  0000de3a    00000006     main.obj (.const:.string:h5x7_211)
                  0000de40    00000006     main.obj (.const:.string:h5x7_212)
                  0000de46    00000006     main.obj (.const:.string:h5x7_213)
                  0000de4c    00000006     main.obj (.const:.string:h5x7_214)
                  0000de52    00000006     main.obj (.const:.string:h5x7_215)
                  0000de58    00000006     main.obj (.const:.string:h5x7_216)
                  0000de5e    00000006     main.obj (.const:.string:h5x7_217)
                  0000de64    00000006     main.obj (.const:.string:h5x7_218)
                  0000de6a    00000006     main.obj (.const:.string:h5x7_219)
                  0000de70    00000006     main.obj (.const:.string:h5x7_220)
                  0000de76    00000006     main.obj (.const:.string:h5x7_221)
                  0000de7c    00000006     main.obj (.const:.string:h5x7_222)
                  0000de82    00000006     main.obj (.const:.string:h5x7_223)
                  0000de88    00000006     main.obj (.const:.string:h5x7_224)
                  0000de8e    00000006     main.obj (.const:.string:h5x7_225)
                  0000de94    00000006     main.obj (.const:.string:h5x7_226)
                  0000de9a    00000006     main.obj (.const:.string:h5x7_227)
                  0000dea0    00000006     main.obj (.const:.string:h5x7_228)
                  0000dea6    00000006     main.obj (.const:.string:h5x7_229)
                  0000deac    00000006     main.obj (.const:.string:h5x7_230)
                  0000deb2    00000006     main.obj (.const:.string:h5x7_231)
                  0000deb8    00000006     main.obj (.const:.string:h5x7_232)
                  0000debe    00000006     main.obj (.const:.string:h5x7_233)
                  0000dec4    00000006     main.obj (.const:.string:h5x7_234)
                  0000deca    00000006     main.obj (.const:.string:h5x7_235)
                  0000ded0    00000006     main.obj (.const:.string:h5x7_236)
                  0000ded6    00000006     main.obj (.const:.string:h5x7_237)
                  0000dedc    00000006     main.obj (.const:.string:h5x7_238)
                  0000dee2    00000006     main.obj (.const:.string:h5x7_239)
                  0000dee8    00000006     main.obj (.const:.string:h5x7_23)
                  0000deee    00000006     main.obj (.const:.string:h5x7_240)
                  0000def4    00000006     main.obj (.const:.string:h5x7_241)
                  0000defa    00000006     main.obj (.const:.string:h5x7_242)
                  0000df00    00000006     main.obj (.const:.string:h5x7_243)
                  0000df06    00000006     main.obj (.const:.string:h5x7_244)
                  0000df0c    00000006     main.obj (.const:.string:h5x7_245)
                  0000df12    00000006     main.obj (.const:.string:h5x7_246)
                  0000df18    00000006     main.obj (.const:.string:h5x7_247)
                  0000df1e    00000006     main.obj (.const:.string:h5x7_248)
                  0000df24    00000006     main.obj (.const:.string:h5x7_249)
                  0000df2a    00000006     main.obj (.const:.string:h5x7_24)
                  0000df30    00000006     main.obj (.const:.string:h5x7_250)
                  0000df36    00000006     main.obj (.const:.string:h5x7_251)
                  0000df3c    00000006     main.obj (.const:.string:h5x7_252)
                  0000df42    00000006     main.obj (.const:.string:h5x7_253)
                  0000df48    00000006     main.obj (.const:.string:h5x7_254)
                  0000df4e    00000006     main.obj (.const:.string:h5x7_255)
                  0000df54    00000006     main.obj (.const:.string:h5x7_25)
                  0000df5a    00000006     main.obj (.const:.string:h5x7_26)
                  0000df60    00000006     main.obj (.const:.string:h5x7_27)
                  0000df66    00000006     main.obj (.const:.string:h5x7_28)
                  0000df6c    00000006     main.obj (.const:.string:h5x7_29)
                  0000df72    00000006     main.obj (.const:.string:h5x7_30)
                  0000df78    00000006     main.obj (.const:.string:h5x7_31)
                  0000df7e    00000006     main.obj (.const:.string:h5x7_32)
                  0000df84    00000006     main.obj (.const:.string:h5x7_33)
                  0000df8a    00000006     main.obj (.const:.string:h5x7_34)
                  0000df90    00000006     main.obj (.const:.string:h5x7_35)
                  0000df96    00000006     main.obj (.const:.string:h5x7_36)
                  0000df9c    00000006     main.obj (.const:.string:h5x7_37)
                  0000dfa2    00000006     main.obj (.const:.string:h5x7_38)
                  0000dfa8    00000006     main.obj (.const:.string:h5x7_39)
                  0000dfae    00000006     main.obj (.const:.string:h5x7_40)
                  0000dfb4    00000006     main.obj (.const:.string:h5x7_41)
                  0000dfba    00000006     main.obj (.const:.string:h5x7_42)
                  0000dfc0    00000006     main.obj (.const:.string:h5x7_43)
                  0000dfc6    00000006     main.obj (.const:.string:h5x7_44)
                  0000dfcc    00000006     main.obj (.const:.string:h5x7_45)
                  0000dfd2    00000006     main.obj (.const:.string:h5x7_46)
                  0000dfd8    00000006     main.obj (.const:.string:h5x7_47)
                  0000dfde    00000006     main.obj (.const:.string:h5x7_48)
                  0000dfe4    00000006     main.obj (.const:.string:h5x7_49)
                  0000dfea    00000006     main.obj (.const:.string:h5x7_50)
                  0000dff0    00000006     main.obj (.const:.string:h5x7_51)
                  0000dff6    00000006     main.obj (.const:.string:h5x7_52)
                  0000dffc    00000006     main.obj (.const:.string:h5x7_53)
                  0000e002    00000006     main.obj (.const:.string:h5x7_54)
                  0000e008    00000006     main.obj (.const:.string:h5x7_55)
                  0000e00e    00000006     main.obj (.const:.string:h5x7_56)
                  0000e014    00000006     main.obj (.const:.string:h5x7_57)
                  0000e01a    00000006     main.obj (.const:.string:h5x7_58)
                  0000e020    00000006     main.obj (.const:.string:h5x7_59)
                  0000e026    00000006     main.obj (.const:.string:h5x7_60)
                  0000e02c    00000006     main.obj (.const:.string:h5x7_61)
                  0000e032    00000006     main.obj (.const:.string:h5x7_62)
                  0000e038    00000006     main.obj (.const:.string:h5x7_63)
                  0000e03e    00000006     main.obj (.const:.string:h5x7_64)
                  0000e044    00000006     main.obj (.const:.string:h5x7_65)
                  0000e04a    00000006     main.obj (.const:.string:h5x7_66)
                  0000e050    00000006     main.obj (.const:.string:h5x7_67)
                  0000e056    00000006     main.obj (.const:.string:h5x7_68)
                  0000e05c    00000006     main.obj (.const:.string:h5x7_69)
                  0000e062    00000006     main.obj (.const:.string:h5x7_70)
                  0000e068    00000006     main.obj (.const:.string:h5x7_71)
                  0000e06e    00000006     main.obj (.const:.string:h5x7_72)
                  0000e074    00000006     main.obj (.const:.string:h5x7_73)
                  0000e07a    00000006     main.obj (.const:.string:h5x7_74)
                  0000e080    00000006     main.obj (.const:.string:h5x7_75)
                  0000e086    00000006     main.obj (.const:.string:h5x7_76)
                  0000e08c    00000006     main.obj (.const:.string:h5x7_77)
                  0000e092    00000006     main.obj (.const:.string:h5x7_78)
                  0000e098    00000006     main.obj (.const:.string:h5x7_79)
                  0000e09e    00000006     main.obj (.const:.string:h5x7_80)
                  0000e0a4    00000006     main.obj (.const:.string:h5x7_81)
                  0000e0aa    00000006     main.obj (.const:.string:h5x7_82)
                  0000e0b0    00000006     main.obj (.const:.string:h5x7_83)
                  0000e0b6    00000006     main.obj (.const:.string:h5x7_84)
                  0000e0bc    00000006     main.obj (.const:.string:h5x7_85)
                  0000e0c2    00000006     main.obj (.const:.string:h5x7_86)
                  0000e0c8    00000006     main.obj (.const:.string:h5x7_87)
                  0000e0ce    00000006     main.obj (.const:.string:h5x7_88)
                  0000e0d4    00000006     main.obj (.const:.string:h5x7_89)
                  0000e0da    00000006     main.obj (.const:.string:h5x7_90)
                  0000e0e0    00000006     main.obj (.const:.string:h5x7_91)
                  0000e0e6    00000006     main.obj (.const:.string:h5x7_92)
                  0000e0ec    00000006     main.obj (.const:.string:h5x7_93)
                  0000e0f2    00000006     main.obj (.const:.string:h5x7_94)
                  0000e0f8    00000006     main.obj (.const:.string:h5x7_95)
                  0000e0fe    00000006     main.obj (.const:.string:h5x7_96)
                  0000e104    00000006     main.obj (.const:.string:h5x7_97)
                  0000e10a    00000006     main.obj (.const:.string:h5x7_98)
                  0000e110    00000006     main.obj (.const:.string:h5x7_99)

.cinit     0    0000e116    0000003e     
                  0000e116    0000002b     (.cinit..data.load) [load image, compression = lzss]
                  0000e141    00000001     --HOLE-- [fill = 0]
                  0000e142    00000006     (__TI_handler_table)
                  0000e148    00000004     (.cinit..bss.load) [load image, compression = zero_init]
                  0000e14c    00000008     (__TI_cinit_table)

.cio       0    00000200    00000120     UNINITIALIZED
                  00000200    00000120     rts430_eabi.lib : trgmsg.c.obj (.cio)

.binit     0    0000c000    00000000     

.init_array 
*          0    0000c000    00000000     UNINITIALIZED

TRAPINT    0    0000ffe0    00000002     
                  0000ffe0    00000002     rts430_eabi.lib : int00.asm.obj (.int00)

PORT1      0    0000ffe4    00000002     
                  0000ffe4    00000002     rts430_eabi.lib : int02.asm.obj (.int02)

PORT2      0    0000ffe6    00000002     
                  0000ffe6    00000002     rts430_eabi.lib : int03.asm.obj (.int03)

ADC10      0    0000ffea    00000002     
                  0000ffea    00000002     rts430_eabi.lib : int05.asm.obj (.int05)

USCIAB0TX 
*          0    0000ffec    00000002     
                  0000ffec    00000002     rts430_eabi.lib : int06.asm.obj (.int06)

USCIAB0RX 
*          0    0000ffee    00000002     
                  0000ffee    00000002     rts430_eabi.lib : int07.asm.obj (.int07)

TIMER0_A1 
*          0    0000fff0    00000002     
                  0000fff0    00000002     rts430_eabi.lib : int08.asm.obj (.int08)

TIMER0_A0 
*          0    0000fff2    00000002     
                  0000fff2    00000002     rts430_eabi.lib : int09.asm.obj (.int09)

WDT        0    0000fff4    00000002     
                  0000fff4    00000002     main.obj (.int10)

COMPARATORA 
*          0    0000fff6    00000002     
                  0000fff6    00000002     rts430_eabi.lib : int11.asm.obj (.int11)

TIMER1_A1 
*          0    0000fff8    00000002     
                  0000fff8    00000002     rts430_eabi.lib : int12.asm.obj (.int12)

TIMER1_A0 
*          0    0000fffa    00000002     
                  0000fffa    00000002     rts430_eabi.lib : int13.asm.obj (.int13)

NMI        0    0000fffc    00000002     
                  0000fffc    00000002     rts430_eabi.lib : int14.asm.obj (.int14)

.reset     0    0000fffe    00000002     
                  0000fffe    00000002     rts430_eabi.lib : boot.c.obj (.reset)

$fill000   0    0000ffde    00000002     
                  0000ffde    00000002     --HOLE-- [fill = ffff]

MODULE SUMMARY

       Module                       code   ro data   rw data
       ------                       ----   -------   -------
    .\
       main.obj                     218    2951      2      
       timer.obj                    30     0         2      
    +--+----------------------------+------+---------+---------+
       Total:                       248    2951      4      
                                                            
    .\gfxEmbedLib\
       gfxEmbedLib.obj              16     0         0      
    +--+----------------------------+------+---------+---------+
       Total:                       16     0         0      
                                                            
    .\gfxEmbedLib\Drivers\
       nt75451.obj                  772    0         4      
    +--+----------------------------+------+---------+---------+
       Total:                       772    0         4      
                                                            
    C:\ti\ccs2010\ccs\tools\compiler\ti-cgt-msp430_21.6.1.LTS\lib\rts430_eabi.lib
       _printfi.c.obj               716    38        0      
       memory.c.obj                 636    0         2      
       trgmsg.c.obj                 90     0         288    
       fputs.c.obj                  234    0         0      
       setvbuf.c.obj                208    0         0      
       defs.c.obj                   0      0         160    
       fputc.c.obj                  144    0         0      
       getdevice.c.obj              140    0         0      
       hostlseek.c.obj              136    0         0      
       copy_decompress_lzss.c.obj   124    0         0      
       _io_perm.c.obj               122    0         0      
       fclose.c.obj                 114    0         0      
       fseek.c.obj                  112    0         0      
       hostopen.c.obj               102    0         8      
       hostrename.c.obj             106    0         0      
       fflush.c.obj                 98     0         0      
       hostwrite.c.obj              98     0         0      
       hostread.c.obj               96     0         0      
       lsr16.asm.obj                76     0         0      
       close.c.obj                  74     0         0      
       exit.c.obj                   74     0         0      
       printf.c.obj                 70     0         0      
       hostclose.c.obj              68     0         0      
       autoinit.c.obj               66     0         0      
       hostunlink.c.obj             64     0         0      
       lsl32.asm.obj                62     0         0      
       fopen.c.obj                  52     0         0      
       asr16.asm.obj                44     0         0      
       lsl16.asm.obj                44     0         0      
       strncpy.c.obj                44     0         0      
       unlink.c.obj                 40     0         0      
       lseek.c.obj                  38     0         0      
       write.c.obj                  36     0         0      
       memccpy.c.obj                34     0         0      
       boot.c.obj                   28     2         0      
       strchr.c.obj                 26     0         0      
       strcmp.c.obj                 24     0         0      
       div16u.asm.obj               22     0         0      
       copy_zero_init.c.obj         20     0         0      
       memchr.c.obj                 20     0         0      
       memset.c.obj                 20     0         0      
       mult16.asm.obj               20     0         0      
       copy_decompress_none.c.obj   18     0         0      
       memcpy.c.obj                 18     0         0      
       epilog.asm.obj               16     0         0      
       strcpy.c.obj                 16     0         0      
       strlen.c.obj                 14     0         0      
       isr_trap.asm.obj             8      0         0      
       pre_init.c.obj               4      0         0      
       _lock.c.obj                  2      0         0      
       int00.asm.obj                0      2         0      
       int02.asm.obj                0      2         0      
       int03.asm.obj                0      2         0      
       int05.asm.obj                0      2         0      
       int06.asm.obj                0      2         0      
       int07.asm.obj                0      2         0      
       int08.asm.obj                0      2         0      
       int09.asm.obj                0      2         0      
       int11.asm.obj                0      2         0      
       int12.asm.obj                0      2         0      
       int13.asm.obj                0      2         0      
       int14.asm.obj                0      2         0      
       startup.c.obj                2      0         0      
    +--+----------------------------+------+---------+---------+
       Total:                       4440   64        458    
                                                            
       Linker Generated:            0      61        0      
    +--+----------------------------+------+---------+---------+
       Grand Total:                 5476   3076      466    


LINKER GENERATED COPY TABLES

__TI_cinit_table @ 0000e14c records: 2, size/record: 4, table size: 8
	.data: load addr=0000e116, load size=0000002b bytes, run addr=00000000, run size=00000106 bytes, compression=lzss
	.bss: load addr=0000e148, load size=00000004 bytes, run addr=00000320, run size=000000b2 bytes, compression=zero_init


LINKER GENERATED HANDLER TABLE

__TI_handler_table @ 0000e142 records: 3, size/record: 2, table size: 6
	index: 0, handler: __TI_zero_init
	index: 1, handler: __TI_decompress_lzss
	index: 2, handler: __TI_decompress_none


GLOBAL SYMBOLS: SORTED ALPHABETICALLY BY Name 

address   name                           
-------   ----                           
0000004a  ADC10AE0                       
000001b0  ADC10CTL0                      
000001b2  ADC10CTL1                      
00000048  ADC10DTC0                      
00000049  ADC10DTC1                      
000001b4  ADC10MEM                       
000001bc  ADC10SA                        
00000057  BCSCTL1                        
00000058  BCSCTL2                        
00000053  BCSCTL3                        
000000f6  BaselineShift                  
0000d550  C$$EXIT                        
0000d1f0  C$$IO$$                        
00000059  CACTL1                         
0000005a  CACTL2                         
000010fb  CALBC1_12MHZ                   
000010f9  CALBC1_16MHZ                   
000010ff  CALBC1_1MHZ                    
000010fd  CALBC1_8MHZ                    
000010fa  CALDCO_12MHZ                   
000010f8  CALDCO_16MHZ                   
000010fe  CALDCO_1MHZ                    
000010fc  CALDCO_8MHZ                    
0000005b  CAPD                           
0000d524  CallInISR                      
0000ca5a  ClearDisplay                   
0000d55e  Clear_Display                  
00000056  DCOCTL                         
0000d4ec  Delay                          
00000128  FCTL1                          
0000012a  FCTL2                          
0000012c  FCTL3                          
0000cf5e  HOSTclose                      
0000c858  HOSTlseek                      
0000cc86  HOSTopen                       
0000cdb0  HOSTread                       
0000cbb4  HOSTrename                     
0000d06a  HOSTunlink                     
0000ccec  HOSTwrite                      
0000d7e4  Hitachi                        
00000000  IE1                            
00000001  IE2                            
00000002  IFG1                           
00000003  IFG2                           
0000ce10  InitDisplay                    
0000d37e  InitDriver                     
0000d53e  InitTimerSystem                
0000d4fa  Init_gfx                       
000003d0  Inverted                       
00000022  P1DIR                          
00000025  P1IE                           
00000024  P1IES                          
00000023  P1IFG                          
00000020  P1IN                           
00000021  P1OUT                          
00000027  P1REN                          
00000026  P1SEL                          
00000041  P1SEL2                         
0000002a  P2DIR                          
0000002d  P2IE                           
0000002c  P2IES                          
0000002b  P2IFG                          
00000028  P2IN                           
00000029  P2OUT                          
0000002f  P2REN                          
0000002e  P2SEL                          
00000042  P2SEL2                         
0000001a  P3DIR                          
00000018  P3IN                           
00000019  P3OUT                          
00000010  P3REN                          
0000001b  P3SEL                          
00000043  P3SEL2                         
0000c70e  PutChar                        
0000c70e  Put_Char                       
0000c8e0  Put_graphic                    
0000d544  SetFont                        
0000d544  Set_Font                       
00000172  TA0CCR0                        
00000174  TA0CCR1                        
00000176  TA0CCR2                        
00000162  TA0CCTL0                       
00000164  TA0CCTL1                       
00000166  TA0CCTL2                       
00000160  TA0CTL                         
0000012e  TA0IV                          
00000170  TA0R                           
00000192  TA1CCR0                        
00000194  TA1CCR1                        
00000196  TA1CCR2                        
00000182  TA1CCTL0                       
00000184  TA1CCTL1                       
00000186  TA1CCTL2                       
00000180  TA1CTL                         
0000011e  TA1IV                          
00000190  TA1R                           
000003ca  TIMERCOUNT                     
000003cc  TIME_MEASURE                   
000010db  TLV_ADC10_1_LEN                
000010da  TLV_ADC10_1_TAG                
000010c0  TLV_CHECKSUM                   
000010f7  TLV_DCO_30_LEN                 
000010f6  TLV_DCO_30_TAG                 
0000d564  Testbmp                        
0000005d  UCA0ABCTL                      
00000062  UCA0BR0                        
00000063  UCA0BR1                        
00000060  UCA0CTL0                       
00000061  UCA0CTL1                       
0000005f  UCA0IRRCTL                     
0000005e  UCA0IRTCTL                     
00000064  UCA0MCTL                       
00000066  UCA0RXBUF                      
00000065  UCA0STAT                       
00000067  UCA0TXBUF                      
0000006a  UCB0BR0                        
0000006b  UCB0BR1                        
00000068  UCB0CTL0                       
00000069  UCB0CTL1                       
0000006c  UCB0I2CIE                      
00000118  UCB0I2COA                      
0000011a  UCB0I2CSA                      
0000006e  UCB0RXBUF                      
0000006d  UCB0STAT                       
0000006f  UCB0TXBUF                      
00000120  WDTCTL                         
0000c8e0  WriteFSGraphic                 
00000200  _CIOBUF_                       
00000050  __STACK_END                    
00000050  __STACK_SIZE                   
00000050  __SYSMEM_SIZE                  
0000e14c  __TI_CINIT_Base                
0000e154  __TI_CINIT_Limit               
0000e154  __TI_CINIT_Warm                
0000e142  __TI_Handler_Table_Base        
0000e148  __TI_Handler_Table_Limit       
0000d52e  __TI_ISR_TRAP                  
0000cfe6  __TI_auto_init_nobinit_nopinit 
0000d15e  __TI_cleanup                   
000000f8  __TI_cleanup_ptr               
0000cad2  __TI_closefile                 
0000c964  __TI_decompress_lzss           
0000d484  __TI_decompress_none           
0000cd4e  __TI_doflush                   
000000fa  __TI_dtors_ptr                 
00000102  __TI_enable_exit_profile_output
00000100  __TI_ft_end                    
0000ffe0  __TI_int00                     
0000ffe4  __TI_int02                     
0000ffe6  __TI_int03                     
0000ffea  __TI_int05                     
0000ffec  __TI_int06                     
0000ffee  __TI_int07                     
0000fff0  __TI_int08                     
0000fff2  __TI_int09                     
0000fff4  __TI_int10                     
0000fff6  __TI_int11                     
0000fff8  __TI_int12                     
0000fffa  __TI_int13                     
0000fffc  __TI_int14                     
ffffffff  __TI_pprof_out_hndl            
0000c20c  __TI_printfi_minimal           
ffffffff  __TI_prof_data_size            
ffffffff  __TI_prof_data_start           
0000d1f4  __TI_readmsg                   
00000320  __TI_tmpnams                   
0000d1c6  __TI_writemsg                  
0000c9e0  __TI_wrt_ok                    
0000d434  __TI_zero_init_nomemset        
ffffffff  __c_args__                     
0000d41e  __mspabi_divu                  
0000d4d8  __mspabi_func_epilog_1         
0000d4d6  __mspabi_func_epilog_2         
0000d4d4  __mspabi_func_epilog_3         
0000d4d2  __mspabi_func_epilog_4         
0000d4d0  __mspabi_func_epilog_5         
0000d4ce  __mspabi_func_epilog_6         
0000d4cc  __mspabi_func_epilog_7         
0000d470  __mspabi_mpyi                  
0000d470  __mspabi_mpyi_sw               
0000d41e  __mspabi_remu                  
0000d24c  __mspabi_slli                  
0000d274  __mspabi_slli_1                
0000d262  __mspabi_slli_10               
0000d260  __mspabi_slli_11               
0000d25e  __mspabi_slli_12               
0000d25c  __mspabi_slli_13               
0000d25a  __mspabi_slli_14               
0000d258  __mspabi_slli_15               
0000d272  __mspabi_slli_2                
0000d270  __mspabi_slli_3                
0000d26e  __mspabi_slli_4                
0000d26c  __mspabi_slli_5                
0000d26a  __mspabi_slli_6                
0000d268  __mspabi_slli_7                
0000d266  __mspabi_slli_8                
0000d264  __mspabi_slli_9                
0000d0e2  __mspabi_slll_1                
0000d0be  __mspabi_slll_10               
0000d0ba  __mspabi_slll_11               
0000d0b6  __mspabi_slll_12               
0000d0b2  __mspabi_slll_13               
0000d0ae  __mspabi_slll_14               
0000d0aa  __mspabi_slll_15               
0000d0de  __mspabi_slll_2                
0000d0da  __mspabi_slll_3                
0000d0d6  __mspabi_slll_4                
0000d0d2  __mspabi_slll_5                
0000d0ce  __mspabi_slll_6                
0000d0ca  __mspabi_slll_7                
0000d0c6  __mspabi_slll_8                
0000d0c2  __mspabi_slll_9                
0000d220  __mspabi_srai                  
0000d248  __mspabi_srai_1                
0000d236  __mspabi_srai_10               
0000d234  __mspabi_srai_11               
0000d232  __mspabi_srai_12               
0000d230  __mspabi_srai_13               
0000d22e  __mspabi_srai_14               
0000d22c  __mspabi_srai_15               
0000d246  __mspabi_srai_2                
0000d244  __mspabi_srai_3                
0000d242  __mspabi_srai_4                
0000d240  __mspabi_srai_5                
0000d23e  __mspabi_srai_6                
0000d23c  __mspabi_srai_7                
0000d23a  __mspabi_srai_8                
0000d238  __mspabi_srai_9                
0000cec8  __mspabi_srli                  
0000cf0e  __mspabi_srli_1                
0000ceea  __mspabi_srli_10               
0000cee6  __mspabi_srli_11               
0000cee2  __mspabi_srli_12               
0000cede  __mspabi_srli_13               
0000ceda  __mspabi_srli_14               
0000ced6  __mspabi_srli_15               
0000cf0a  __mspabi_srli_2                
0000cf06  __mspabi_srli_3                
0000cf02  __mspabi_srli_4                
0000cefe  __mspabi_srli_5                
0000cefa  __mspabi_srli_6                
0000cef6  __mspabi_srli_7                
0000cef2  __mspabi_srli_8                
0000ceee  __mspabi_srli_9                
0000d39a  _c_int00_noargs                
00000078  _device                        
00000000  _ftable                        
000000fc  _lock                          
0000d560  _nop                           
0000fffe  _reset_vector                  
00000000  _stack                         
000000c6  _stream                        
00000000  _sys_memory                    
0000d562  _system_post_cinit             
0000d55a  _system_pre_init               
000000fe  _unlock                        
0000d550  abort                          
0000c116  aligned_alloc                  
0000cf14  close                          
000000ee  column                         
000000f4  debug_var                      
000000f5  debug_var_2                    
000000f0  display_x_size                 
000000f2  display_y_size                 
0000cfa2  exit                           
0000d192  finddevice                     
000003ce  font_data_ptr                  
0000c7c8  fputc                          
0000c2f8  fputs                          
0000c3e2  free                           
0000cb44  fseek                          
0000cb44  fseeko                         
0000ce70  getdevice                      
0000db94  h5x7_00                        
0000db9a  h5x7_01                        
0000db64  h5x7_02                        
0000daf0  h5x7_03                        
0000db36  h5x7_04                        
0000db44  h5x7_05                        
0000dadc  h5x7_06                        
0000db6c  h5x7_07                        
0000db18  h5x7_08                        
0000db74  h5x7_09                        
0000db7c  h5x7_10                        
0000dba0  h5x7_100                       
0000dba6  h5x7_101                       
0000dbac  h5x7_102                       
0000dbb2  h5x7_103                       
0000dbb8  h5x7_104                       
0000dbbe  h5x7_105                       
0000dbc4  h5x7_106                       
0000dbca  h5x7_107                       
0000dbd0  h5x7_108                       
0000dbd6  h5x7_109                       
0000db84  h5x7_11                        
0000dbdc  h5x7_110                       
0000dbe2  h5x7_111                       
0000dbe8  h5x7_112                       
0000dbee  h5x7_113                       
0000dbf4  h5x7_114                       
0000dbfa  h5x7_115                       
0000dc00  h5x7_116                       
0000dc06  h5x7_117                       
0000dc0c  h5x7_118                       
0000dc12  h5x7_119                       
0000db8c  h5x7_12                        
0000dc18  h5x7_120                       
0000dc1e  h5x7_121                       
0000dc24  h5x7_122                       
0000dc2a  h5x7_123                       
0000dc30  h5x7_124                       
0000dc36  h5x7_125                       
0000dc3c  h5x7_126                       
0000dc42  h5x7_127                       
0000dc48  h5x7_128                       
0000dc4e  h5x7_129                       
0000db04  h5x7_13                        
0000dc54  h5x7_130                       
0000dc5a  h5x7_131                       
0000dc60  h5x7_132                       
0000dc66  h5x7_133                       
0000dc6c  h5x7_134                       
0000dc72  h5x7_135                       
0000dc78  h5x7_136                       
0000dc7e  h5x7_137                       
0000dc84  h5x7_138                       
0000dc8a  h5x7_139                       
0000da0a  h5x7_14                        
0000dc90  h5x7_140                       
0000dc96  h5x7_141                       
0000dc9c  h5x7_142                       
0000dca2  h5x7_143                       
0000dca8  h5x7_144                       
0000dcae  h5x7_145                       
0000dcb4  h5x7_146                       
0000dcba  h5x7_147                       
0000dcc0  h5x7_148                       
0000dcc6  h5x7_149                       
0000da28  h5x7_15                        
0000dccc  h5x7_150                       
0000dcd2  h5x7_151                       
0000dcd8  h5x7_152                       
0000dcde  h5x7_153                       
0000dce4  h5x7_154                       
0000dcea  h5x7_155                       
0000dcf0  h5x7_156                       
0000dcf6  h5x7_157                       
0000dcfc  h5x7_158                       
0000dd02  h5x7_159                       
0000da46  h5x7_16                        
0000dd08  h5x7_160                       
0000dd0e  h5x7_161                       
0000dd14  h5x7_162                       
0000dd1a  h5x7_163                       
0000dd20  h5x7_164                       
0000dd26  h5x7_165                       
0000dd2c  h5x7_166                       
0000dd32  h5x7_167                       
0000dd38  h5x7_168                       
0000dd3e  h5x7_169                       
0000da64  h5x7_17                        
0000dd44  h5x7_170                       
0000dd4a  h5x7_171                       
0000dd50  h5x7_172                       
0000dd56  h5x7_173                       
0000dd5c  h5x7_174                       
0000dd62  h5x7_175                       
0000dd68  h5x7_176                       
0000dd6e  h5x7_177                       
0000dd74  h5x7_178                       
0000dd7a  h5x7_179                       
0000db50  h5x7_18                        
0000dd80  h5x7_180                       
0000dd86  h5x7_181                       
0000dd8c  h5x7_182                       
0000dd92  h5x7_183                       
0000dd98  h5x7_184                       
0000dd9e  h5x7_185                       
0000dda4  h5x7_186                       
0000ddaa  h5x7_187                       
0000ddb0  h5x7_188                       
0000ddb6  h5x7_189                       
0000db5a  h5x7_19                        
0000ddbc  h5x7_190                       
0000ddc2  h5x7_191                       
0000ddc8  h5x7_192                       
0000ddce  h5x7_193                       
0000ddd4  h5x7_194                       
0000ddda  h5x7_195                       
0000dde0  h5x7_196                       
0000dde6  h5x7_197                       
0000ddec  h5x7_198                       
0000ddf2  h5x7_199                       
0000da82  h5x7_20                        
0000ddf8  h5x7_200                       
0000ddfe  h5x7_201                       
0000de04  h5x7_202                       
0000de0a  h5x7_203                       
0000de10  h5x7_204                       
0000de16  h5x7_205                       
0000de1c  h5x7_206                       
0000de22  h5x7_207                       
0000de28  h5x7_208                       
0000de2e  h5x7_209                       
0000daa0  h5x7_21                        
0000de34  h5x7_210                       
0000de3a  h5x7_211                       
0000de40  h5x7_212                       
0000de46  h5x7_213                       
0000de4c  h5x7_214                       
0000de52  h5x7_215                       
0000de58  h5x7_216                       
0000de5e  h5x7_217                       
0000de64  h5x7_218                       
0000de6a  h5x7_219                       
0000dabe  h5x7_22                        
0000de70  h5x7_220                       
0000de76  h5x7_221                       
0000de7c  h5x7_222                       
0000de82  h5x7_223                       
0000de88  h5x7_224                       
0000de8e  h5x7_225                       
0000de94  h5x7_226                       
0000de9a  h5x7_227                       
0000dea0  h5x7_228                       
0000dea6  h5x7_229                       
0000dee8  h5x7_23                        
0000deac  h5x7_230                       
0000deb2  h5x7_231                       
0000deb8  h5x7_232                       
0000debe  h5x7_233                       
0000dec4  h5x7_234                       
0000deca  h5x7_235                       
0000ded0  h5x7_236                       
0000ded6  h5x7_237                       
0000dedc  h5x7_238                       
0000dee2  h5x7_239                       
0000df2a  h5x7_24                        
0000deee  h5x7_240                       
0000def4  h5x7_241                       
0000defa  h5x7_242                       
0000df00  h5x7_243                       
0000df06  h5x7_244                       
0000df0c  h5x7_245                       
0000df12  h5x7_246                       
0000df18  h5x7_247                       
0000df1e  h5x7_248                       
0000df24  h5x7_249                       
0000df54  h5x7_25                        
0000df30  h5x7_250                       
0000df36  h5x7_251                       
0000df3c  h5x7_252                       
0000df42  h5x7_253                       
0000df48  h5x7_254                       
0000df4e  h5x7_255                       
0000df5a  h5x7_26                        
0000df60  h5x7_27                        
0000df66  h5x7_28                        
0000df6c  h5x7_29                        
0000df72  h5x7_30                        
0000df78  h5x7_31                        
0000df7e  h5x7_32                        
0000df84  h5x7_33                        
0000df8a  h5x7_34                        
0000df90  h5x7_35                        
0000df96  h5x7_36                        
0000df9c  h5x7_37                        
0000dfa2  h5x7_38                        
0000dfa8  h5x7_39                        
0000dfae  h5x7_40                        
0000dfb4  h5x7_41                        
0000dfba  h5x7_42                        
0000dfc0  h5x7_43                        
0000dfc6  h5x7_44                        
0000dfcc  h5x7_45                        
0000dfd2  h5x7_46                        
0000dfd8  h5x7_47                        
0000dfde  h5x7_48                        
0000dfe4  h5x7_49                        
0000dfea  h5x7_50                        
0000dff0  h5x7_51                        
0000dff6  h5x7_52                        
0000dffc  h5x7_53                        
0000e002  h5x7_54                        
0000e008  h5x7_55                        
0000e00e  h5x7_56                        
0000e014  h5x7_57                        
0000e01a  h5x7_58                        
0000e020  h5x7_59                        
0000e026  h5x7_60                        
0000e02c  h5x7_61                        
0000e032  h5x7_62                        
0000e038  h5x7_63                        
0000e03e  h5x7_64                        
0000e044  h5x7_65                        
0000e04a  h5x7_66                        
0000e050  h5x7_67                        
0000e056  h5x7_68                        
0000e05c  h5x7_69                        
0000e062  h5x7_70                        
0000e068  h5x7_71                        
0000e06e  h5x7_72                        
0000e074  h5x7_73                        
0000e07a  h5x7_74                        
0000e080  h5x7_75                        
0000e086  h5x7_76                        
0000e08c  h5x7_77                        
0000e092  h5x7_78                        
0000e098  h5x7_79                        
0000e09e  h5x7_80                        
0000e0a4  h5x7_81                        
0000e0aa  h5x7_82                        
0000e0b0  h5x7_83                        
0000e0b6  h5x7_84                        
0000e0bc  h5x7_85                        
0000e0c2  h5x7_86                        
0000e0c8  h5x7_87                        
0000e0ce  h5x7_88                        
0000e0d4  h5x7_89                        
0000e0da  h5x7_90                        
0000e0e0  h5x7_91                        
0000e0e6  h5x7_92                        
0000e0ec  h5x7_93                        
0000e0f2  h5x7_94                        
0000e0f8  h5x7_95                        
0000e0fe  h5x7_96                        
0000e104  h5x7_97                        
0000e10a  h5x7_98                        
0000e110  h5x7_99                        
0000d2f4  lseek                          
0000c64e  main                           
0000d536  malloc                         
000003d1  masking                        
0000c116  memalign                       
0000d33e  memccpy                        
0000d448  memchr                         
0000d496  memcpy                         
0000d45c  memset                         
000003c0  parmbuf                        
0000d0e8  printf                         
0000d028  putPixels                      
0000c7c8  putc                           
0000d2cc  remove                         
000000ef  row                            
0000d124  sendSPI                        
0000d4a8  sendSPICmd                     
0000d4ba  sendSPIData                    
0000d360  setColumnAddress               
0000d508  setPageAddress                 
0000c4b4  setvbuf                        
0000d3d2  strchr                         
0000d406  strcmp                         
0000d4dc  strcpy                         
0000d516  strlen                         
0000d278  strncpy                        
0000d2cc  unlink                         
0000d3ec  watchdog_timer                 
0000d31a  write                          


GLOBAL SYMBOLS: SORTED BY Symbol Address 

address   name                           
-------   ----                           
00000000  IE1                            
00000000  _ftable                        
00000000  _stack                         
00000000  _sys_memory                    
00000001  IE2                            
00000002  IFG1                           
00000003  IFG2                           
00000010  P3REN                          
00000018  P3IN                           
00000019  P3OUT                          
0000001a  P3DIR                          
0000001b  P3SEL                          
00000020  P1IN                           
00000021  P1OUT                          
00000022  P1DIR                          
00000023  P1IFG                          
00000024  P1IES                          
00000025  P1IE                           
00000026  P1SEL                          
00000027  P1REN                          
00000028  P2IN                           
00000029  P2OUT                          
0000002a  P2DIR                          
0000002b  P2IFG                          
0000002c  P2IES                          
0000002d  P2IE                           
0000002e  P2SEL                          
0000002f  P2REN                          
00000041  P1SEL2                         
00000042  P2SEL2                         
00000043  P3SEL2                         
00000048  ADC10DTC0                      
00000049  ADC10DTC1                      
0000004a  ADC10AE0                       
00000050  __STACK_END                    
00000050  __STACK_SIZE                   
00000050  __SYSMEM_SIZE                  
00000053  BCSCTL3                        
00000056  DCOCTL                         
00000057  BCSCTL1                        
00000058  BCSCTL2                        
00000059  CACTL1                         
0000005a  CACTL2                         
0000005b  CAPD                           
0000005d  UCA0ABCTL                      
0000005e  UCA0IRTCTL                     
0000005f  UCA0IRRCTL                     
00000060  UCA0CTL0                       
00000061  UCA0CTL1                       
00000062  UCA0BR0                        
00000063  UCA0BR1                        
00000064  UCA0MCTL                       
00000065  UCA0STAT                       
00000066  UCA0RXBUF                      
00000067  UCA0TXBUF                      
00000068  UCB0CTL0                       
00000069  UCB0CTL1                       
0000006a  UCB0BR0                        
0000006b  UCB0BR1                        
0000006c  UCB0I2CIE                      
0000006d  UCB0STAT                       
0000006e  UCB0RXBUF                      
0000006f  UCB0TXBUF                      
00000078  _device                        
000000c6  _stream                        
000000ee  column                         
000000ef  row                            
000000f0  display_x_size                 
000000f2  display_y_size                 
000000f4  debug_var                      
000000f5  debug_var_2                    
000000f6  BaselineShift                  
000000f8  __TI_cleanup_ptr               
000000fa  __TI_dtors_ptr                 
000000fc  _lock                          
000000fe  _unlock                        
00000100  __TI_ft_end                    
00000102  __TI_enable_exit_profile_output
00000118  UCB0I2COA                      
0000011a  UCB0I2CSA                      
0000011e  TA1IV                          
00000120  WDTCTL                         
00000128  FCTL1                          
0000012a  FCTL2                          
0000012c  FCTL3                          
0000012e  TA0IV                          
00000160  TA0CTL                         
00000162  TA0CCTL0                       
00000164  TA0CCTL1                       
00000166  TA0CCTL2                       
00000170  TA0R                           
00000172  TA0CCR0                        
00000174  TA0CCR1                        
00000176  TA0CCR2                        
00000180  TA1CTL                         
00000182  TA1CCTL0                       
00000184  TA1CCTL1                       
00000186  TA1CCTL2                       
00000190  TA1R                           
00000192  TA1CCR0                        
00000194  TA1CCR1                        
00000196  TA1CCR2                        
000001b0  ADC10CTL0                      
000001b2  ADC10CTL1                      
000001b4  ADC10MEM                       
000001bc  ADC10SA                        
00000200  _CIOBUF_                       
00000320  __TI_tmpnams                   
000003c0  parmbuf                        
000003ca  TIMERCOUNT                     
000003cc  TIME_MEASURE                   
000003ce  font_data_ptr                  
000003d0  Inverted                       
000003d1  masking                        
000010c0  TLV_CHECKSUM                   
000010da  TLV_ADC10_1_TAG                
000010db  TLV_ADC10_1_LEN                
000010f6  TLV_DCO_30_TAG                 
000010f7  TLV_DCO_30_LEN                 
000010f8  CALDCO_16MHZ                   
000010f9  CALBC1_16MHZ                   
000010fa  CALDCO_12MHZ                   
000010fb  CALBC1_12MHZ                   
000010fc  CALDCO_8MHZ                    
000010fd  CALBC1_8MHZ                    
000010fe  CALDCO_1MHZ                    
000010ff  CALBC1_1MHZ                    
0000c116  aligned_alloc                  
0000c116  memalign                       
0000c20c  __TI_printfi_minimal           
0000c2f8  fputs                          
0000c3e2  free                           
0000c4b4  setvbuf                        
0000c64e  main                           
0000c70e  PutChar                        
0000c70e  Put_Char                       
0000c7c8  fputc                          
0000c7c8  putc                           
0000c858  HOSTlseek                      
0000c8e0  Put_graphic                    
0000c8e0  WriteFSGraphic                 
0000c964  __TI_decompress_lzss           
0000c9e0  __TI_wrt_ok                    
0000ca5a  ClearDisplay                   
0000cad2  __TI_closefile                 
0000cb44  fseek                          
0000cb44  fseeko                         
0000cbb4  HOSTrename                     
0000cc86  HOSTopen                       
0000ccec  HOSTwrite                      
0000cd4e  __TI_doflush                   
0000cdb0  HOSTread                       
0000ce10  InitDisplay                    
0000ce70  getdevice                      
0000cec8  __mspabi_srli                  
0000ced6  __mspabi_srli_15               
0000ceda  __mspabi_srli_14               
0000cede  __mspabi_srli_13               
0000cee2  __mspabi_srli_12               
0000cee6  __mspabi_srli_11               
0000ceea  __mspabi_srli_10               
0000ceee  __mspabi_srli_9                
0000cef2  __mspabi_srli_8                
0000cef6  __mspabi_srli_7                
0000cefa  __mspabi_srli_6                
0000cefe  __mspabi_srli_5                
0000cf02  __mspabi_srli_4                
0000cf06  __mspabi_srli_3                
0000cf0a  __mspabi_srli_2                
0000cf0e  __mspabi_srli_1                
0000cf14  close                          
0000cf5e  HOSTclose                      
0000cfa2  exit                           
0000cfe6  __TI_auto_init_nobinit_nopinit 
0000d028  putPixels                      
0000d06a  HOSTunlink                     
0000d0aa  __mspabi_slll_15               
0000d0ae  __mspabi_slll_14               
0000d0b2  __mspabi_slll_13               
0000d0b6  __mspabi_slll_12               
0000d0ba  __mspabi_slll_11               
0000d0be  __mspabi_slll_10               
0000d0c2  __mspabi_slll_9                
0000d0c6  __mspabi_slll_8                
0000d0ca  __mspabi_slll_7                
0000d0ce  __mspabi_slll_6                
0000d0d2  __mspabi_slll_5                
0000d0d6  __mspabi_slll_4                
0000d0da  __mspabi_slll_3                
0000d0de  __mspabi_slll_2                
0000d0e2  __mspabi_slll_1                
0000d0e8  printf                         
0000d124  sendSPI                        
0000d15e  __TI_cleanup                   
0000d192  finddevice                     
0000d1c6  __TI_writemsg                  
0000d1f0  C$$IO$$                        
0000d1f4  __TI_readmsg                   
0000d220  __mspabi_srai                  
0000d22c  __mspabi_srai_15               
0000d22e  __mspabi_srai_14               
0000d230  __mspabi_srai_13               
0000d232  __mspabi_srai_12               
0000d234  __mspabi_srai_11               
0000d236  __mspabi_srai_10               
0000d238  __mspabi_srai_9                
0000d23a  __mspabi_srai_8                
0000d23c  __mspabi_srai_7                
0000d23e  __mspabi_srai_6                
0000d240  __mspabi_srai_5                
0000d242  __mspabi_srai_4                
0000d244  __mspabi_srai_3                
0000d246  __mspabi_srai_2                
0000d248  __mspabi_srai_1                
0000d24c  __mspabi_slli                  
0000d258  __mspabi_slli_15               
0000d25a  __mspabi_slli_14               
0000d25c  __mspabi_slli_13               
0000d25e  __mspabi_slli_12               
0000d260  __mspabi_slli_11               
0000d262  __mspabi_slli_10               
0000d264  __mspabi_slli_9                
0000d266  __mspabi_slli_8                
0000d268  __mspabi_slli_7                
0000d26a  __mspabi_slli_6                
0000d26c  __mspabi_slli_5                
0000d26e  __mspabi_slli_4                
0000d270  __mspabi_slli_3                
0000d272  __mspabi_slli_2                
0000d274  __mspabi_slli_1                
0000d278  strncpy                        
0000d2cc  remove                         
0000d2cc  unlink                         
0000d2f4  lseek                          
0000d31a  write                          
0000d33e  memccpy                        
0000d360  setColumnAddress               
0000d37e  InitDriver                     
0000d39a  _c_int00_noargs                
0000d3d2  strchr                         
0000d3ec  watchdog_timer                 
0000d406  strcmp                         
0000d41e  __mspabi_divu                  
0000d41e  __mspabi_remu                  
0000d434  __TI_zero_init_nomemset        
0000d448  memchr                         
0000d45c  memset                         
0000d470  __mspabi_mpyi                  
0000d470  __mspabi_mpyi_sw               
0000d484  __TI_decompress_none           
0000d496  memcpy                         
0000d4a8  sendSPICmd                     
0000d4ba  sendSPIData                    
0000d4cc  __mspabi_func_epilog_7         
0000d4ce  __mspabi_func_epilog_6         
0000d4d0  __mspabi_func_epilog_5         
0000d4d2  __mspabi_func_epilog_4         
0000d4d4  __mspabi_func_epilog_3         
0000d4d6  __mspabi_func_epilog_2         
0000d4d8  __mspabi_func_epilog_1         
0000d4dc  strcpy                         
0000d4ec  Delay                          
0000d4fa  Init_gfx                       
0000d508  setPageAddress                 
0000d516  strlen                         
0000d524  CallInISR                      
0000d52e  __TI_ISR_TRAP                  
0000d536  malloc                         
0000d53e  InitTimerSystem                
0000d544  SetFont                        
0000d544  Set_Font                       
0000d550  C$$EXIT                        
0000d550  abort                          
0000d55a  _system_pre_init               
0000d55e  Clear_Display                  
0000d560  _nop                           
0000d562  _system_post_cinit             
0000d564  Testbmp                        
0000d7e4  Hitachi                        
0000da0a  h5x7_14                        
0000da28  h5x7_15                        
0000da46  h5x7_16                        
0000da64  h5x7_17                        
0000da82  h5x7_20                        
0000daa0  h5x7_21                        
0000dabe  h5x7_22                        
0000dadc  h5x7_06                        
0000daf0  h5x7_03                        
0000db04  h5x7_13                        
0000db18  h5x7_08                        
0000db36  h5x7_04                        
0000db44  h5x7_05                        
0000db50  h5x7_18                        
0000db5a  h5x7_19                        
0000db64  h5x7_02                        
0000db6c  h5x7_07                        
0000db74  h5x7_09                        
0000db7c  h5x7_10                        
0000db84  h5x7_11                        
0000db8c  h5x7_12                        
0000db94  h5x7_00                        
0000db9a  h5x7_01                        
0000dba0  h5x7_100                       
0000dba6  h5x7_101                       
0000dbac  h5x7_102                       
0000dbb2  h5x7_103                       
0000dbb8  h5x7_104                       
0000dbbe  h5x7_105                       
0000dbc4  h5x7_106                       
0000dbca  h5x7_107                       
0000dbd0  h5x7_108                       
0000dbd6  h5x7_109                       
0000dbdc  h5x7_110                       
0000dbe2  h5x7_111                       
0000dbe8  h5x7_112                       
0000dbee  h5x7_113                       
0000dbf4  h5x7_114                       
0000dbfa  h5x7_115                       
0000dc00  h5x7_116                       
0000dc06  h5x7_117                       
0000dc0c  h5x7_118                       
0000dc12  h5x7_119                       
0000dc18  h5x7_120                       
0000dc1e  h5x7_121                       
0000dc24  h5x7_122                       
0000dc2a  h5x7_123                       
0000dc30  h5x7_124                       
0000dc36  h5x7_125                       
0000dc3c  h5x7_126                       
0000dc42  h5x7_127                       
0000dc48  h5x7_128                       
0000dc4e  h5x7_129                       
0000dc54  h5x7_130                       
0000dc5a  h5x7_131                       
0000dc60  h5x7_132                       
0000dc66  h5x7_133                       
0000dc6c  h5x7_134                       
0000dc72  h5x7_135                       
0000dc78  h5x7_136                       
0000dc7e  h5x7_137                       
0000dc84  h5x7_138                       
0000dc8a  h5x7_139                       
0000dc90  h5x7_140                       
0000dc96  h5x7_141                       
0000dc9c  h5x7_142                       
0000dca2  h5x7_143                       
0000dca8  h5x7_144                       
0000dcae  h5x7_145                       
0000dcb4  h5x7_146                       
0000dcba  h5x7_147                       
0000dcc0  h5x7_148                       
0000dcc6  h5x7_149                       
0000dccc  h5x7_150                       
0000dcd2  h5x7_151                       
0000dcd8  h5x7_152                       
0000dcde  h5x7_153                       
0000dce4  h5x7_154                       
0000dcea  h5x7_155                       
0000dcf0  h5x7_156                       
0000dcf6  h5x7_157                       
0000dcfc  h5x7_158                       
0000dd02  h5x7_159                       
0000dd08  h5x7_160                       
0000dd0e  h5x7_161                       
0000dd14  h5x7_162                       
0000dd1a  h5x7_163                       
0000dd20  h5x7_164                       
0000dd26  h5x7_165                       
0000dd2c  h5x7_166                       
0000dd32  h5x7_167                       
0000dd38  h5x7_168                       
0000dd3e  h5x7_169                       
0000dd44  h5x7_170                       
0000dd4a  h5x7_171                       
0000dd50  h5x7_172                       
0000dd56  h5x7_173                       
0000dd5c  h5x7_174                       
0000dd62  h5x7_175                       
0000dd68  h5x7_176                       
0000dd6e  h5x7_177                       
0000dd74  h5x7_178                       
0000dd7a  h5x7_179                       
0000dd80  h5x7_180                       
0000dd86  h5x7_181                       
0000dd8c  h5x7_182                       
0000dd92  h5x7_183                       
0000dd98  h5x7_184                       
0000dd9e  h5x7_185                       
0000dda4  h5x7_186                       
0000ddaa  h5x7_187                       
0000ddb0  h5x7_188                       
0000ddb6  h5x7_189                       
0000ddbc  h5x7_190                       
0000ddc2  h5x7_191                       
0000ddc8  h5x7_192                       
0000ddce  h5x7_193                       
0000ddd4  h5x7_194                       
0000ddda  h5x7_195                       
0000dde0  h5x7_196                       
0000dde6  h5x7_197                       
0000ddec  h5x7_198                       
0000ddf2  h5x7_199                       
0000ddf8  h5x7_200                       
0000ddfe  h5x7_201                       
0000de04  h5x7_202                       
0000de0a  h5x7_203                       
0000de10  h5x7_204                       
0000de16  h5x7_205                       
0000de1c  h5x7_206                       
0000de22  h5x7_207                       
0000de28  h5x7_208                       
0000de2e  h5x7_209                       
0000de34  h5x7_210                       
0000de3a  h5x7_211                       
0000de40  h5x7_212                       
0000de46  h5x7_213                       
0000de4c  h5x7_214                       
0000de52  h5x7_215                       
0000de58  h5x7_216                       
0000de5e  h5x7_217                       
0000de64  h5x7_218                       
0000de6a  h5x7_219                       
0000de70  h5x7_220                       
0000de76  h5x7_221                       
0000de7c  h5x7_222                       
0000de82  h5x7_223                       
0000de88  h5x7_224                       
0000de8e  h5x7_225                       
0000de94  h5x7_226                       
0000de9a  h5x7_227                       
0000dea0  h5x7_228                       
0000dea6  h5x7_229                       
0000deac  h5x7_230                       
0000deb2  h5x7_231                       
0000deb8  h5x7_232                       
0000debe  h5x7_233                       
0000dec4  h5x7_234                       
0000deca  h5x7_235                       
0000ded0  h5x7_236                       
0000ded6  h5x7_237                       
0000dedc  h5x7_238                       
0000dee2  h5x7_239                       
0000dee8  h5x7_23                        
0000deee  h5x7_240                       
0000def4  h5x7_241                       
0000defa  h5x7_242                       
0000df00  h5x7_243                       
0000df06  h5x7_244                       
0000df0c  h5x7_245                       
0000df12  h5x7_246                       
0000df18  h5x7_247                       
0000df1e  h5x7_248                       
0000df24  h5x7_249                       
0000df2a  h5x7_24                        
0000df30  h5x7_250                       
0000df36  h5x7_251                       
0000df3c  h5x7_252                       
0000df42  h5x7_253                       
0000df48  h5x7_254                       
0000df4e  h5x7_255                       
0000df54  h5x7_25                        
0000df5a  h5x7_26                        
0000df60  h5x7_27                        
0000df66  h5x7_28                        
0000df6c  h5x7_29                        
0000df72  h5x7_30                        
0000df78  h5x7_31                        
0000df7e  h5x7_32                        
0000df84  h5x7_33                        
0000df8a  h5x7_34                        
0000df90  h5x7_35                        
0000df96  h5x7_36                        
0000df9c  h5x7_37                        
0000dfa2  h5x7_38                        
0000dfa8  h5x7_39                        
0000dfae  h5x7_40                        
0000dfb4  h5x7_41                        
0000dfba  h5x7_42                        
0000dfc0  h5x7_43                        
0000dfc6  h5x7_44                        
0000dfcc  h5x7_45                        
0000dfd2  h5x7_46                        
0000dfd8  h5x7_47                        
0000dfde  h5x7_48                        
0000dfe4  h5x7_49                        
0000dfea  h5x7_50                        
0000dff0  h5x7_51                        
0000dff6  h5x7_52                        
0000dffc  h5x7_53                        
0000e002  h5x7_54                        
0000e008  h5x7_55                        
0000e00e  h5x7_56                        
0000e014  h5x7_57                        
0000e01a  h5x7_58                        
0000e020  h5x7_59                        
0000e026  h5x7_60                        
0000e02c  h5x7_61                        
0000e032  h5x7_62                        
0000e038  h5x7_63                        
0000e03e  h5x7_64                        
0000e044  h5x7_65                        
0000e04a  h5x7_66                        
0000e050  h5x7_67                        
0000e056  h5x7_68                        
0000e05c  h5x7_69                        
0000e062  h5x7_70                        
0000e068  h5x7_71                        
0000e06e  h5x7_72                        
0000e074  h5x7_73                        
0000e07a  h5x7_74                        
0000e080  h5x7_75                        
0000e086  h5x7_76                        
0000e08c  h5x7_77                        
0000e092  h5x7_78                        
0000e098  h5x7_79                        
0000e09e  h5x7_80                        
0000e0a4  h5x7_81                        
0000e0aa  h5x7_82                        
0000e0b0  h5x7_83                        
0000e0b6  h5x7_84                        
0000e0bc  h5x7_85                        
0000e0c2  h5x7_86                        
0000e0c8  h5x7_87                        
0000e0ce  h5x7_88                        
0000e0d4  h5x7_89                        
0000e0da  h5x7_90                        
0000e0e0  h5x7_91                        
0000e0e6  h5x7_92                        
0000e0ec  h5x7_93                        
0000e0f2  h5x7_94                        
0000e0f8  h5x7_95                        
0000e0fe  h5x7_96                        
0000e104  h5x7_97                        
0000e10a  h5x7_98                        
0000e110  h5x7_99                        
0000e142  __TI_Handler_Table_Base        
0000e148  __TI_Handler_Table_Limit       
0000e14c  __TI_CINIT_Base                
0000e154  __TI_CINIT_Limit               
0000e154  __TI_CINIT_Warm                
0000ffe0  __TI_int00                     
0000ffe4  __TI_int02                     
0000ffe6  __TI_int03                     
0000ffea  __TI_int05                     
0000ffec  __TI_int06                     
0000ffee  __TI_int07                     
0000fff0  __TI_int08                     
0000fff2  __TI_int09                     
0000fff4  __TI_int10                     
0000fff6  __TI_int11                     
0000fff8  __TI_int12                     
0000fffa  __TI_int13                     
0000fffc  __TI_int14                     
0000fffe  _reset_vector                  
ffffffff  __TI_pprof_out_hndl            
ffffffff  __TI_prof_data_size            
ffffffff  __TI_prof_data_start           
ffffffff  __c_args__                     

[558 symbols]
