<?xml version="1.0" encoding="ISO-8859-1" ?>
<link_info>
   <banner>MSP430 Linker PC v21.6.1.LTS</banner>
   <copyright>Copyright (c) 2003-2018 Texas Instruments Incorporated</copyright>
   <link_time>0x68718ceb</link_time>
   <link_errors>0x0</link_errors>
   <output_file>gfxEmbed.out</output_file>
   <entry_point>
      <name>_c_int00_noargs</name>
      <address>0xd074</address>
   </entry_point>
   <input_file_list>
      <input_file id="fl-2">
         <path>.\</path>
         <kind>object</kind>
         <file>main.obj</file>
         <name>main.obj</name>
      </input_file>
      <input_file id="fl-3">
         <path>.\</path>
         <kind>object</kind>
         <file>timer.obj</file>
         <name>timer.obj</name>
      </input_file>
      <input_file id="fl-4">
         <path>.\gfxEmbedLib\Drivers\</path>
         <kind>object</kind>
         <file>nt75451.obj</file>
         <name>nt75451.obj</name>
      </input_file>
      <input_file id="fl-5">
         <path>.\gfxEmbedLib\</path>
         <kind>object</kind>
         <file>gfxEmbedLib.obj</file>
         <name>gfxEmbedLib.obj</name>
      </input_file>
      <input_file id="fl-a">
         <kind>object</kind>
         <file>&lt;internal&gt;</file>
         <name>&lt;internal&gt;</name>
      </input_file>
      <input_file id="fl-20">
         <path>C:\ti\ccs2010\ccs\tools\compiler\ti-cgt-msp430_21.6.1.LTS\lib\</path>
         <kind>archive</kind>
         <file>rts430_eabi.lib</file>
         <name>asr16.asm.obj</name>
      </input_file>
      <input_file id="fl-21">
         <path>C:\ti\ccs2010\ccs\tools\compiler\ti-cgt-msp430_21.6.1.LTS\lib\</path>
         <kind>archive</kind>
         <file>rts430_eabi.lib</file>
         <name>epilog.asm.obj</name>
      </input_file>
      <input_file id="fl-22">
         <path>C:\ti\ccs2010\ccs\tools\compiler\ti-cgt-msp430_21.6.1.LTS\lib\</path>
         <kind>archive</kind>
         <file>rts430_eabi.lib</file>
         <name>int00.asm.obj</name>
      </input_file>
      <input_file id="fl-23">
         <path>C:\ti\ccs2010\ccs\tools\compiler\ti-cgt-msp430_21.6.1.LTS\lib\</path>
         <kind>archive</kind>
         <file>rts430_eabi.lib</file>
         <name>int02.asm.obj</name>
      </input_file>
      <input_file id="fl-24">
         <path>C:\ti\ccs2010\ccs\tools\compiler\ti-cgt-msp430_21.6.1.LTS\lib\</path>
         <kind>archive</kind>
         <file>rts430_eabi.lib</file>
         <name>int03.asm.obj</name>
      </input_file>
      <input_file id="fl-25">
         <path>C:\ti\ccs2010\ccs\tools\compiler\ti-cgt-msp430_21.6.1.LTS\lib\</path>
         <kind>archive</kind>
         <file>rts430_eabi.lib</file>
         <name>int05.asm.obj</name>
      </input_file>
      <input_file id="fl-26">
         <path>C:\ti\ccs2010\ccs\tools\compiler\ti-cgt-msp430_21.6.1.LTS\lib\</path>
         <kind>archive</kind>
         <file>rts430_eabi.lib</file>
         <name>int06.asm.obj</name>
      </input_file>
      <input_file id="fl-27">
         <path>C:\ti\ccs2010\ccs\tools\compiler\ti-cgt-msp430_21.6.1.LTS\lib\</path>
         <kind>archive</kind>
         <file>rts430_eabi.lib</file>
         <name>int07.asm.obj</name>
      </input_file>
      <input_file id="fl-28">
         <path>C:\ti\ccs2010\ccs\tools\compiler\ti-cgt-msp430_21.6.1.LTS\lib\</path>
         <kind>archive</kind>
         <file>rts430_eabi.lib</file>
         <name>int08.asm.obj</name>
      </input_file>
      <input_file id="fl-29">
         <path>C:\ti\ccs2010\ccs\tools\compiler\ti-cgt-msp430_21.6.1.LTS\lib\</path>
         <kind>archive</kind>
         <file>rts430_eabi.lib</file>
         <name>int09.asm.obj</name>
      </input_file>
      <input_file id="fl-2a">
         <path>C:\ti\ccs2010\ccs\tools\compiler\ti-cgt-msp430_21.6.1.LTS\lib\</path>
         <kind>archive</kind>
         <file>rts430_eabi.lib</file>
         <name>int11.asm.obj</name>
      </input_file>
      <input_file id="fl-2b">
         <path>C:\ti\ccs2010\ccs\tools\compiler\ti-cgt-msp430_21.6.1.LTS\lib\</path>
         <kind>archive</kind>
         <file>rts430_eabi.lib</file>
         <name>int12.asm.obj</name>
      </input_file>
      <input_file id="fl-2c">
         <path>C:\ti\ccs2010\ccs\tools\compiler\ti-cgt-msp430_21.6.1.LTS\lib\</path>
         <kind>archive</kind>
         <file>rts430_eabi.lib</file>
         <name>int13.asm.obj</name>
      </input_file>
      <input_file id="fl-2d">
         <path>C:\ti\ccs2010\ccs\tools\compiler\ti-cgt-msp430_21.6.1.LTS\lib\</path>
         <kind>archive</kind>
         <file>rts430_eabi.lib</file>
         <name>int14.asm.obj</name>
      </input_file>
      <input_file id="fl-2e">
         <path>C:\ti\ccs2010\ccs\tools\compiler\ti-cgt-msp430_21.6.1.LTS\lib\</path>
         <kind>archive</kind>
         <file>rts430_eabi.lib</file>
         <name>isr_trap.asm.obj</name>
      </input_file>
      <input_file id="fl-2f">
         <path>C:\ti\ccs2010\ccs\tools\compiler\ti-cgt-msp430_21.6.1.LTS\lib\</path>
         <kind>archive</kind>
         <file>rts430_eabi.lib</file>
         <name>lsr16.asm.obj</name>
      </input_file>
      <input_file id="fl-30">
         <path>C:\ti\ccs2010\ccs\tools\compiler\ti-cgt-msp430_21.6.1.LTS\lib\</path>
         <kind>archive</kind>
         <file>rts430_eabi.lib</file>
         <name>boot.c.obj</name>
      </input_file>
      <input_file id="fl-31">
         <path>C:\ti\ccs2010\ccs\tools\compiler\ti-cgt-msp430_21.6.1.LTS\lib\</path>
         <kind>archive</kind>
         <file>rts430_eabi.lib</file>
         <name>autoinit.c.obj</name>
      </input_file>
      <input_file id="fl-32">
         <path>C:\ti\ccs2010\ccs\tools\compiler\ti-cgt-msp430_21.6.1.LTS\lib\</path>
         <kind>archive</kind>
         <file>rts430_eabi.lib</file>
         <name>copy_zero_init.c.obj</name>
      </input_file>
      <input_file id="fl-33">
         <path>C:\ti\ccs2010\ccs\tools\compiler\ti-cgt-msp430_21.6.1.LTS\lib\</path>
         <kind>archive</kind>
         <file>rts430_eabi.lib</file>
         <name>cpy_tbl.c.obj</name>
      </input_file>
      <input_file id="fl-34">
         <path>C:\ti\ccs2010\ccs\tools\compiler\ti-cgt-msp430_21.6.1.LTS\lib\</path>
         <kind>archive</kind>
         <file>rts430_eabi.lib</file>
         <name>mpu_init.c.obj</name>
      </input_file>
      <input_file id="fl-35">
         <path>C:\ti\ccs2010\ccs\tools\compiler\ti-cgt-msp430_21.6.1.LTS\lib\</path>
         <kind>archive</kind>
         <file>rts430_eabi.lib</file>
         <name>pre_init.c.obj</name>
      </input_file>
      <input_file id="fl-36">
         <path>C:\ti\ccs2010\ccs\tools\compiler\ti-cgt-msp430_21.6.1.LTS\lib\</path>
         <kind>archive</kind>
         <file>rts430_eabi.lib</file>
         <name>startup.c.obj</name>
      </input_file>
      <input_file id="fl-37">
         <path>C:\ti\ccs2010\ccs\tools\compiler\ti-cgt-msp430_21.6.1.LTS\lib\</path>
         <kind>archive</kind>
         <file>rts430_eabi.lib</file>
         <name>copy_decompress_none.c.obj</name>
      </input_file>
      <input_file id="fl-38">
         <path>C:\ti\ccs2010\ccs\tools\compiler\ti-cgt-msp430_21.6.1.LTS\lib\</path>
         <kind>archive</kind>
         <file>rts430_eabi.lib</file>
         <name>copy_decompress_lzss.c.obj</name>
      </input_file>
      <input_file id="fl-39">
         <path>C:\ti\ccs2010\ccs\tools\compiler\ti-cgt-msp430_21.6.1.LTS\lib\</path>
         <kind>archive</kind>
         <file>rts430_eabi.lib</file>
         <name>exit.c.obj</name>
      </input_file>
      <input_file id="fl-3a">
         <path>C:\ti\ccs2010\ccs\tools\compiler\ti-cgt-msp430_21.6.1.LTS\lib\</path>
         <kind>archive</kind>
         <file>rts430_eabi.lib</file>
         <name>_lock.c.obj</name>
      </input_file>
      <input_file id="fl-3b">
         <path>C:\ti\ccs2010\ccs\tools\compiler\ti-cgt-msp430_21.6.1.LTS\lib\</path>
         <kind>archive</kind>
         <file>rts430_eabi.lib</file>
         <name>args_main.c.obj</name>
      </input_file>
      <input_file id="fl-3c">
         <path>C:\ti\ccs2010\ccs\tools\compiler\ti-cgt-msp430_21.6.1.LTS\lib\</path>
         <kind>archive</kind>
         <file>rts430_eabi.lib</file>
         <name>memcpy.c.obj</name>
      </input_file>
      <input_file id="fl-3d">
         <path>C:\ti\ccs2010\ccs\tools\compiler\ti-cgt-msp430_21.6.1.LTS\lib\</path>
         <kind>archive</kind>
         <file>rts430_eabi.lib</file>
         <name>lsl16.asm.obj</name>
      </input_file>
      <input_file id="fl-3e">
         <path>C:\ti\ccs2010\ccs\tools\compiler\ti-cgt-msp430_21.6.1.LTS\lib\</path>
         <kind>archive</kind>
         <file>rts430_eabi.lib</file>
         <name>mult16.asm.obj</name>
      </input_file>
      <input_file id="fl-3f">
         <path>C:\ti\ccs2010\ccs\tools\compiler\ti-cgt-msp430_21.6.1.LTS\lib\</path>
         <kind>archive</kind>
         <file>rts430_eabi.lib</file>
         <name>exit_gvars.c.obj</name>
      </input_file>
   </input_file_list>
   <object_component_list>
      <object_component id="oc-17a">
         <name>.common:TIME_MEASURE</name>
         <uninitialized>true</uninitialized>
         <run_address>0x20c</run_address>
         <size>0x2</size>
      </object_component>
      <object_component id="oc-177">
         <name>.common:TIMERCOUNT</name>
         <uninitialized>true</uninitialized>
         <run_address>0x20a</run_address>
         <size>0x2</size>
      </object_component>
      <object_component id="oc-530">
         <name>.common:font_data_ptr</name>
         <uninitialized>true</uninitialized>
         <run_address>0x20e</run_address>
         <size>0x2</size>
      </object_component>
      <object_component id="oc-538">
         <name>.common:masking</name>
         <uninitialized>true</uninitialized>
         <run_address>0x211</run_address>
         <size>0x1</size>
      </object_component>
      <object_component id="oc-537">
         <name>.common:Inverted</name>
         <uninitialized>true</uninitialized>
         <run_address>0x210</run_address>
         <size>0x1</size>
      </object_component>
      <object_component id="oc-218">
         <name>.data</name>
         <load_address>0x200</load_address>
         <run_address>0x200</run_address>
         <size>0x9</size>
         <input_file_ref idref="fl-4"/>
      </object_component>
      <object_component id="oc-b1">
         <name>.stack</name>
         <uninitialized>true</uninitialized>
         <run_address>0x3b0</run_address>
         <size>0x2</size>
         <input_file_ref idref="fl-30"/>
      </object_component>
      <object_component id="oc-80e">
         <name>.stack</name>
         <uninitialized>true</uninitialized>
         <run_address>0x3b0</run_address>
         <size>0x0</size>
      </object_component>
      <object_component id="oc-1a1">
         <name>.text:PutChar</name>
         <load_address>0xcb7e</load_address>
         <run_address>0xcb7e</run_address>
         <size>0xbc</size>
         <input_file_ref idref="fl-4"/>
      </object_component>
      <object_component id="oc-152">
         <name>.text:main</name>
         <load_address>0xcc3a</load_address>
         <run_address>0xcc3a</run_address>
         <size>0xb0</size>
         <input_file_ref idref="fl-2"/>
      </object_component>
      <object_component id="oc-192">
         <name>.text:WriteFSGraphic</name>
         <load_address>0xccea</load_address>
         <run_address>0xccea</run_address>
         <size>0x84</size>
         <input_file_ref idref="fl-4"/>
      </object_component>
      <object_component id="oc-34">
         <name>.text:decompress:lzss:__TI_decompress_lzss</name>
         <load_address>0xcd6e</load_address>
         <run_address>0xcd6e</run_address>
         <size>0x7c</size>
         <input_file_ref idref="fl-38"/>
      </object_component>
      <object_component id="oc-20f">
         <name>.text:ClearDisplay</name>
         <load_address>0xcdea</load_address>
         <run_address>0xcdea</run_address>
         <size>0x78</size>
         <input_file_ref idref="fl-4"/>
      </object_component>
      <object_component id="oc-209">
         <name>.text:InitDisplay</name>
         <load_address>0xce62</load_address>
         <run_address>0xce62</run_address>
         <size>0x60</size>
         <input_file_ref idref="fl-4"/>
      </object_component>
      <object_component id="oc-ba">
         <name>.text</name>
         <load_address>0xcec2</load_address>
         <run_address>0xcec2</run_address>
         <size>0x4c</size>
         <input_file_ref idref="fl-2f"/>
      </object_component>
      <object_component id="oc-227">
         <name>.text:putPixels</name>
         <load_address>0xcf0e</load_address>
         <run_address>0xcf0e</run_address>
         <size>0x48</size>
         <input_file_ref idref="fl-4"/>
      </object_component>
      <object_component id="oc-1ba">
         <name>.text:__TI_auto_init_nobinit_nopinit:__TI_auto_init_nobinit_nopinit</name>
         <load_address>0xcf56</load_address>
         <run_address>0xcf56</run_address>
         <size>0x42</size>
         <input_file_ref idref="fl-31"/>
      </object_component>
      <object_component id="oc-7b5">
         <name>.text:sendSPI</name>
         <load_address>0xcf98</load_address>
         <run_address>0xcf98</run_address>
         <size>0x3a</size>
         <input_file_ref idref="fl-4"/>
      </object_component>
      <object_component id="oc-532">
         <name>.text</name>
         <load_address>0xcfd2</load_address>
         <run_address>0xcfd2</run_address>
         <size>0x2c</size>
         <input_file_ref idref="fl-20"/>
      </object_component>
      <object_component id="oc-b5">
         <name>.text</name>
         <load_address>0xcffe</load_address>
         <run_address>0xcffe</run_address>
         <size>0x2c</size>
         <input_file_ref idref="fl-3d"/>
      </object_component>
      <object_component id="oc-221">
         <name>.text:setColumnAddress</name>
         <load_address>0xd02a</load_address>
         <run_address>0xd02a</run_address>
         <size>0x26</size>
         <input_file_ref idref="fl-4"/>
      </object_component>
      <object_component id="oc-203">
         <name>.text:InitDriver</name>
         <load_address>0xd050</load_address>
         <run_address>0xd050</run_address>
         <size>0x24</size>
         <input_file_ref idref="fl-4"/>
      </object_component>
      <object_component id="oc-f9">
         <name>.text:_c_int00_noargs</name>
         <load_address>0xd074</load_address>
         <run_address>0xd074</run_address>
         <size>0x1c</size>
         <input_file_ref idref="fl-30"/>
      </object_component>
      <object_component id="oc-e1">
         <name>.text:watchdog_timer</name>
         <load_address>0xd090</load_address>
         <run_address>0xd090</run_address>
         <size>0x1a</size>
         <input_file_ref idref="fl-2"/>
      </object_component>
      <object_component id="oc-189">
         <name>.text:Init_gfx</name>
         <load_address>0xd0aa</load_address>
         <run_address>0xd0aa</run_address>
         <size>0x16</size>
         <input_file_ref idref="fl-5"/>
      </object_component>
      <object_component id="oc-e7">
         <name>.text:decompress:ZI:__TI_zero_init_nomemset:__TI_zero_init_nomemset</name>
         <load_address>0xd0c0</load_address>
         <run_address>0xd0c0</run_address>
         <size>0x14</size>
         <input_file_ref idref="fl-32"/>
      </object_component>
      <object_component id="oc-3a">
         <name>.text:decompress:none:__TI_decompress_none</name>
         <load_address>0xd0d4</load_address>
         <run_address>0xd0d4</run_address>
         <size>0x12</size>
         <input_file_ref idref="fl-37"/>
      </object_component>
      <object_component id="oc-cf">
         <name>.text:memcpy</name>
         <load_address>0xd0e6</load_address>
         <run_address>0xd0e6</run_address>
         <size>0x12</size>
         <input_file_ref idref="fl-3c"/>
      </object_component>
      <object_component id="oc-574">
         <name>.text:sendSPICmd</name>
         <load_address>0xd0f8</load_address>
         <run_address>0xd0f8</run_address>
         <size>0x12</size>
         <input_file_ref idref="fl-4"/>
      </object_component>
      <object_component id="oc-580">
         <name>.text:sendSPIData</name>
         <load_address>0xd10a</load_address>
         <run_address>0xd10a</run_address>
         <size>0x12</size>
         <input_file_ref idref="fl-4"/>
      </object_component>
      <object_component id="oc-bf">
         <name>.text</name>
         <load_address>0xd11c</load_address>
         <run_address>0xd11c</run_address>
         <size>0x10</size>
         <input_file_ref idref="fl-21"/>
      </object_component>
      <object_component id="oc-21b">
         <name>.text:setPageAddress</name>
         <load_address>0xd12c</load_address>
         <run_address>0xd12c</run_address>
         <size>0x10</size>
         <input_file_ref idref="fl-4"/>
      </object_component>
      <object_component id="oc-1a7">
         <name>.text:Delay</name>
         <load_address>0xd13c</load_address>
         <run_address>0xd13c</run_address>
         <size>0xe</size>
         <input_file_ref idref="fl-3"/>
      </object_component>
      <object_component id="oc-13d">
         <name>.text:CallInISR</name>
         <load_address>0xd14a</load_address>
         <run_address>0xd14a</run_address>
         <size>0xa</size>
         <input_file_ref idref="fl-3"/>
      </object_component>
      <object_component id="oc-dc">
         <name>.text:_isr:__TI_ISR_TRAP</name>
         <load_address>0xd154</load_address>
         <run_address>0xd154</run_address>
         <size>0x8</size>
         <input_file_ref idref="fl-2e"/>
      </object_component>
      <object_component id="oc-183">
         <name>.text:InitTimerSystem</name>
         <load_address>0xd15c</load_address>
         <run_address>0xd15c</run_address>
         <size>0x6</size>
         <input_file_ref idref="fl-3"/>
      </object_component>
      <object_component id="oc-19b">
         <name>.text:SetFont</name>
         <load_address>0xd162</load_address>
         <run_address>0xd162</run_address>
         <size>0x6</size>
         <input_file_ref idref="fl-4"/>
      </object_component>
      <object_component id="oc-1ae">
         <name>.text:abort</name>
         <load_address>0xd168</load_address>
         <run_address>0xd168</run_address>
         <size>0x6</size>
         <input_file_ref idref="fl-39"/>
      </object_component>
      <object_component id="oc-14c">
         <name>.text:_system_pre_init</name>
         <load_address>0xd16e</load_address>
         <run_address>0xd16e</run_address>
         <size>0x4</size>
         <input_file_ref idref="fl-35"/>
      </object_component>
      <object_component id="oc-54d">
         <name>.text:_system_post_cinit</name>
         <load_address>0xd172</load_address>
         <run_address>0xd172</run_address>
         <size>0x2</size>
         <input_file_ref idref="fl-36"/>
      </object_component>
      <object_component id="oc-80d">
         <name>.cinit..data.load</name>
         <load_address>0xd174</load_address>
         <run_address>0xd174</run_address>
         <size>0x7</size>
      </object_component>
      <object_component id="oc-80a">
         <name>__TI_handler_table</name>
         <load_address>0xd17c</load_address>
         <run_address>0xd17c</run_address>
         <size>0x6</size>
      </object_component>
      <object_component id="oc-80c">
         <name>.cinit..bss.load</name>
         <load_address>0xd182</load_address>
         <run_address>0xd182</run_address>
         <size>0x4</size>
      </object_component>
      <object_component id="oc-80b">
         <name>__TI_cinit_table</name>
         <load_address>0xd186</load_address>
         <run_address>0xd186</run_address>
         <size>0x8</size>
      </object_component>
      <object_component id="oc-18f">
         <name>.const:.string:Testbmp</name>
         <load_address>0xc000</load_address>
         <run_address>0xc000</run_address>
         <size>0x280</size>
         <input_file_ref idref="fl-2"/>
      </object_component>
      <object_component id="oc-198">
         <name>.const:Hitachi</name>
         <load_address>0xc280</load_address>
         <run_address>0xc280</run_address>
         <size>0x200</size>
         <input_file_ref idref="fl-2"/>
      </object_component>
      <object_component id="oc-258">
         <name>.const:.string:h5x7_14</name>
         <load_address>0xc480</load_address>
         <run_address>0xc480</run_address>
         <size>0x1e</size>
         <input_file_ref idref="fl-2"/>
      </object_component>
      <object_component id="oc-25b">
         <name>.const:.string:h5x7_15</name>
         <load_address>0xc49e</load_address>
         <run_address>0xc49e</run_address>
         <size>0x1e</size>
         <input_file_ref idref="fl-2"/>
      </object_component>
      <object_component id="oc-25e">
         <name>.const:.string:h5x7_16</name>
         <load_address>0xc4bc</load_address>
         <run_address>0xc4bc</run_address>
         <size>0x1e</size>
         <input_file_ref idref="fl-2"/>
      </object_component>
      <object_component id="oc-261">
         <name>.const:.string:h5x7_17</name>
         <load_address>0xc4da</load_address>
         <run_address>0xc4da</run_address>
         <size>0x1e</size>
         <input_file_ref idref="fl-2"/>
      </object_component>
      <object_component id="oc-26a">
         <name>.const:.string:h5x7_20</name>
         <load_address>0xc4f8</load_address>
         <run_address>0xc4f8</run_address>
         <size>0x1e</size>
         <input_file_ref idref="fl-2"/>
      </object_component>
      <object_component id="oc-26d">
         <name>.const:.string:h5x7_21</name>
         <load_address>0xc516</load_address>
         <run_address>0xc516</run_address>
         <size>0x1e</size>
         <input_file_ref idref="fl-2"/>
      </object_component>
      <object_component id="oc-270">
         <name>.const:.string:h5x7_22</name>
         <load_address>0xc534</load_address>
         <run_address>0xc534</run_address>
         <size>0x1e</size>
         <input_file_ref idref="fl-2"/>
      </object_component>
      <object_component id="oc-240">
         <name>.const:.string:h5x7_06</name>
         <load_address>0xc552</load_address>
         <run_address>0xc552</run_address>
         <size>0x14</size>
         <input_file_ref idref="fl-2"/>
      </object_component>
      <object_component id="oc-237">
         <name>.const:.string:h5x7_03</name>
         <load_address>0xc566</load_address>
         <run_address>0xc566</run_address>
         <size>0x13</size>
         <input_file_ref idref="fl-2"/>
      </object_component>
      <object_component id="oc-255">
         <name>.const:.string:h5x7_13</name>
         <load_address>0xc57a</load_address>
         <run_address>0xc57a</run_address>
         <size>0x13</size>
         <input_file_ref idref="fl-2"/>
      </object_component>
      <object_component id="oc-246">
         <name>.const:.string:h5x7_08</name>
         <load_address>0xc58e</load_address>
         <run_address>0xc58e</run_address>
         <size>0xf</size>
         <input_file_ref idref="fl-2"/>
      </object_component>
      <object_component id="oc-23a">
         <name>.const:.string:h5x7_04</name>
         <load_address>0xc59e</load_address>
         <run_address>0xc59e</run_address>
         <size>0xd</size>
         <input_file_ref idref="fl-2"/>
      </object_component>
      <object_component id="oc-23d">
         <name>.const:.string:h5x7_05</name>
         <load_address>0xc5ac</load_address>
         <run_address>0xc5ac</run_address>
         <size>0xb</size>
         <input_file_ref idref="fl-2"/>
      </object_component>
      <object_component id="oc-264">
         <name>.const:.string:h5x7_18</name>
         <load_address>0xc5b8</load_address>
         <run_address>0xc5b8</run_address>
         <size>0x9</size>
         <input_file_ref idref="fl-2"/>
      </object_component>
      <object_component id="oc-267">
         <name>.const:.string:h5x7_19</name>
         <load_address>0xc5c2</load_address>
         <run_address>0xc5c2</run_address>
         <size>0x9</size>
         <input_file_ref idref="fl-2"/>
      </object_component>
      <object_component id="oc-234">
         <name>.const:.string:h5x7_02</name>
         <load_address>0xc5cc</load_address>
         <run_address>0xc5cc</run_address>
         <size>0x8</size>
         <input_file_ref idref="fl-2"/>
      </object_component>
      <object_component id="oc-243">
         <name>.const:.string:h5x7_07</name>
         <load_address>0xc5d4</load_address>
         <run_address>0xc5d4</run_address>
         <size>0x8</size>
         <input_file_ref idref="fl-2"/>
      </object_component>
      <object_component id="oc-249">
         <name>.const:.string:h5x7_09</name>
         <load_address>0xc5dc</load_address>
         <run_address>0xc5dc</run_address>
         <size>0x8</size>
         <input_file_ref idref="fl-2"/>
      </object_component>
      <object_component id="oc-24c">
         <name>.const:.string:h5x7_10</name>
         <load_address>0xc5e4</load_address>
         <run_address>0xc5e4</run_address>
         <size>0x8</size>
         <input_file_ref idref="fl-2"/>
      </object_component>
      <object_component id="oc-24f">
         <name>.const:.string:h5x7_11</name>
         <load_address>0xc5ec</load_address>
         <run_address>0xc5ec</run_address>
         <size>0x8</size>
         <input_file_ref idref="fl-2"/>
      </object_component>
      <object_component id="oc-252">
         <name>.const:.string:h5x7_12</name>
         <load_address>0xc5f4</load_address>
         <run_address>0xc5f4</run_address>
         <size>0x8</size>
         <input_file_ref idref="fl-2"/>
      </object_component>
      <object_component id="oc-22e">
         <name>.const:.string:h5x7_00</name>
         <load_address>0xc5fc</load_address>
         <run_address>0xc5fc</run_address>
         <size>0x6</size>
         <input_file_ref idref="fl-2"/>
      </object_component>
      <object_component id="oc-231">
         <name>.const:.string:h5x7_01</name>
         <load_address>0xc602</load_address>
         <run_address>0xc602</run_address>
         <size>0x6</size>
         <input_file_ref idref="fl-2"/>
      </object_component>
      <object_component id="oc-35a">
         <name>.const:.string:h5x7_100</name>
         <load_address>0xc608</load_address>
         <run_address>0xc608</run_address>
         <size>0x6</size>
         <input_file_ref idref="fl-2"/>
      </object_component>
      <object_component id="oc-35d">
         <name>.const:.string:h5x7_101</name>
         <load_address>0xc60e</load_address>
         <run_address>0xc60e</run_address>
         <size>0x6</size>
         <input_file_ref idref="fl-2"/>
      </object_component>
      <object_component id="oc-360">
         <name>.const:.string:h5x7_102</name>
         <load_address>0xc614</load_address>
         <run_address>0xc614</run_address>
         <size>0x6</size>
         <input_file_ref idref="fl-2"/>
      </object_component>
      <object_component id="oc-363">
         <name>.const:.string:h5x7_103</name>
         <load_address>0xc61a</load_address>
         <run_address>0xc61a</run_address>
         <size>0x6</size>
         <input_file_ref idref="fl-2"/>
      </object_component>
      <object_component id="oc-366">
         <name>.const:.string:h5x7_104</name>
         <load_address>0xc620</load_address>
         <run_address>0xc620</run_address>
         <size>0x6</size>
         <input_file_ref idref="fl-2"/>
      </object_component>
      <object_component id="oc-369">
         <name>.const:.string:h5x7_105</name>
         <load_address>0xc626</load_address>
         <run_address>0xc626</run_address>
         <size>0x6</size>
         <input_file_ref idref="fl-2"/>
      </object_component>
      <object_component id="oc-36c">
         <name>.const:.string:h5x7_106</name>
         <load_address>0xc62c</load_address>
         <run_address>0xc62c</run_address>
         <size>0x6</size>
         <input_file_ref idref="fl-2"/>
      </object_component>
      <object_component id="oc-36f">
         <name>.const:.string:h5x7_107</name>
         <load_address>0xc632</load_address>
         <run_address>0xc632</run_address>
         <size>0x6</size>
         <input_file_ref idref="fl-2"/>
      </object_component>
      <object_component id="oc-372">
         <name>.const:.string:h5x7_108</name>
         <load_address>0xc638</load_address>
         <run_address>0xc638</run_address>
         <size>0x6</size>
         <input_file_ref idref="fl-2"/>
      </object_component>
      <object_component id="oc-375">
         <name>.const:.string:h5x7_109</name>
         <load_address>0xc63e</load_address>
         <run_address>0xc63e</run_address>
         <size>0x6</size>
         <input_file_ref idref="fl-2"/>
      </object_component>
      <object_component id="oc-378">
         <name>.const:.string:h5x7_110</name>
         <load_address>0xc644</load_address>
         <run_address>0xc644</run_address>
         <size>0x6</size>
         <input_file_ref idref="fl-2"/>
      </object_component>
      <object_component id="oc-37b">
         <name>.const:.string:h5x7_111</name>
         <load_address>0xc64a</load_address>
         <run_address>0xc64a</run_address>
         <size>0x6</size>
         <input_file_ref idref="fl-2"/>
      </object_component>
      <object_component id="oc-37e">
         <name>.const:.string:h5x7_112</name>
         <load_address>0xc650</load_address>
         <run_address>0xc650</run_address>
         <size>0x6</size>
         <input_file_ref idref="fl-2"/>
      </object_component>
      <object_component id="oc-381">
         <name>.const:.string:h5x7_113</name>
         <load_address>0xc656</load_address>
         <run_address>0xc656</run_address>
         <size>0x6</size>
         <input_file_ref idref="fl-2"/>
      </object_component>
      <object_component id="oc-384">
         <name>.const:.string:h5x7_114</name>
         <load_address>0xc65c</load_address>
         <run_address>0xc65c</run_address>
         <size>0x6</size>
         <input_file_ref idref="fl-2"/>
      </object_component>
      <object_component id="oc-387">
         <name>.const:.string:h5x7_115</name>
         <load_address>0xc662</load_address>
         <run_address>0xc662</run_address>
         <size>0x6</size>
         <input_file_ref idref="fl-2"/>
      </object_component>
      <object_component id="oc-38a">
         <name>.const:.string:h5x7_116</name>
         <load_address>0xc668</load_address>
         <run_address>0xc668</run_address>
         <size>0x6</size>
         <input_file_ref idref="fl-2"/>
      </object_component>
      <object_component id="oc-38d">
         <name>.const:.string:h5x7_117</name>
         <load_address>0xc66e</load_address>
         <run_address>0xc66e</run_address>
         <size>0x6</size>
         <input_file_ref idref="fl-2"/>
      </object_component>
      <object_component id="oc-390">
         <name>.const:.string:h5x7_118</name>
         <load_address>0xc674</load_address>
         <run_address>0xc674</run_address>
         <size>0x6</size>
         <input_file_ref idref="fl-2"/>
      </object_component>
      <object_component id="oc-393">
         <name>.const:.string:h5x7_119</name>
         <load_address>0xc67a</load_address>
         <run_address>0xc67a</run_address>
         <size>0x6</size>
         <input_file_ref idref="fl-2"/>
      </object_component>
      <object_component id="oc-396">
         <name>.const:.string:h5x7_120</name>
         <load_address>0xc680</load_address>
         <run_address>0xc680</run_address>
         <size>0x6</size>
         <input_file_ref idref="fl-2"/>
      </object_component>
      <object_component id="oc-399">
         <name>.const:.string:h5x7_121</name>
         <load_address>0xc686</load_address>
         <run_address>0xc686</run_address>
         <size>0x6</size>
         <input_file_ref idref="fl-2"/>
      </object_component>
      <object_component id="oc-39c">
         <name>.const:.string:h5x7_122</name>
         <load_address>0xc68c</load_address>
         <run_address>0xc68c</run_address>
         <size>0x6</size>
         <input_file_ref idref="fl-2"/>
      </object_component>
      <object_component id="oc-39f">
         <name>.const:.string:h5x7_123</name>
         <load_address>0xc692</load_address>
         <run_address>0xc692</run_address>
         <size>0x6</size>
         <input_file_ref idref="fl-2"/>
      </object_component>
      <object_component id="oc-3a2">
         <name>.const:.string:h5x7_124</name>
         <load_address>0xc698</load_address>
         <run_address>0xc698</run_address>
         <size>0x6</size>
         <input_file_ref idref="fl-2"/>
      </object_component>
      <object_component id="oc-3a5">
         <name>.const:.string:h5x7_125</name>
         <load_address>0xc69e</load_address>
         <run_address>0xc69e</run_address>
         <size>0x6</size>
         <input_file_ref idref="fl-2"/>
      </object_component>
      <object_component id="oc-3a8">
         <name>.const:.string:h5x7_126</name>
         <load_address>0xc6a4</load_address>
         <run_address>0xc6a4</run_address>
         <size>0x6</size>
         <input_file_ref idref="fl-2"/>
      </object_component>
      <object_component id="oc-3ab">
         <name>.const:.string:h5x7_127</name>
         <load_address>0xc6aa</load_address>
         <run_address>0xc6aa</run_address>
         <size>0x6</size>
         <input_file_ref idref="fl-2"/>
      </object_component>
      <object_component id="oc-3ae">
         <name>.const:.string:h5x7_128</name>
         <load_address>0xc6b0</load_address>
         <run_address>0xc6b0</run_address>
         <size>0x6</size>
         <input_file_ref idref="fl-2"/>
      </object_component>
      <object_component id="oc-3b1">
         <name>.const:.string:h5x7_129</name>
         <load_address>0xc6b6</load_address>
         <run_address>0xc6b6</run_address>
         <size>0x6</size>
         <input_file_ref idref="fl-2"/>
      </object_component>
      <object_component id="oc-3b4">
         <name>.const:.string:h5x7_130</name>
         <load_address>0xc6bc</load_address>
         <run_address>0xc6bc</run_address>
         <size>0x6</size>
         <input_file_ref idref="fl-2"/>
      </object_component>
      <object_component id="oc-3b7">
         <name>.const:.string:h5x7_131</name>
         <load_address>0xc6c2</load_address>
         <run_address>0xc6c2</run_address>
         <size>0x6</size>
         <input_file_ref idref="fl-2"/>
      </object_component>
      <object_component id="oc-3ba">
         <name>.const:.string:h5x7_132</name>
         <load_address>0xc6c8</load_address>
         <run_address>0xc6c8</run_address>
         <size>0x6</size>
         <input_file_ref idref="fl-2"/>
      </object_component>
      <object_component id="oc-3bd">
         <name>.const:.string:h5x7_133</name>
         <load_address>0xc6ce</load_address>
         <run_address>0xc6ce</run_address>
         <size>0x6</size>
         <input_file_ref idref="fl-2"/>
      </object_component>
      <object_component id="oc-3c0">
         <name>.const:.string:h5x7_134</name>
         <load_address>0xc6d4</load_address>
         <run_address>0xc6d4</run_address>
         <size>0x6</size>
         <input_file_ref idref="fl-2"/>
      </object_component>
      <object_component id="oc-3c3">
         <name>.const:.string:h5x7_135</name>
         <load_address>0xc6da</load_address>
         <run_address>0xc6da</run_address>
         <size>0x6</size>
         <input_file_ref idref="fl-2"/>
      </object_component>
      <object_component id="oc-3c6">
         <name>.const:.string:h5x7_136</name>
         <load_address>0xc6e0</load_address>
         <run_address>0xc6e0</run_address>
         <size>0x6</size>
         <input_file_ref idref="fl-2"/>
      </object_component>
      <object_component id="oc-3c9">
         <name>.const:.string:h5x7_137</name>
         <load_address>0xc6e6</load_address>
         <run_address>0xc6e6</run_address>
         <size>0x6</size>
         <input_file_ref idref="fl-2"/>
      </object_component>
      <object_component id="oc-3cc">
         <name>.const:.string:h5x7_138</name>
         <load_address>0xc6ec</load_address>
         <run_address>0xc6ec</run_address>
         <size>0x6</size>
         <input_file_ref idref="fl-2"/>
      </object_component>
      <object_component id="oc-3cf">
         <name>.const:.string:h5x7_139</name>
         <load_address>0xc6f2</load_address>
         <run_address>0xc6f2</run_address>
         <size>0x6</size>
         <input_file_ref idref="fl-2"/>
      </object_component>
      <object_component id="oc-3d2">
         <name>.const:.string:h5x7_140</name>
         <load_address>0xc6f8</load_address>
         <run_address>0xc6f8</run_address>
         <size>0x6</size>
         <input_file_ref idref="fl-2"/>
      </object_component>
      <object_component id="oc-3d5">
         <name>.const:.string:h5x7_141</name>
         <load_address>0xc6fe</load_address>
         <run_address>0xc6fe</run_address>
         <size>0x6</size>
         <input_file_ref idref="fl-2"/>
      </object_component>
      <object_component id="oc-3d8">
         <name>.const:.string:h5x7_142</name>
         <load_address>0xc704</load_address>
         <run_address>0xc704</run_address>
         <size>0x6</size>
         <input_file_ref idref="fl-2"/>
      </object_component>
      <object_component id="oc-3db">
         <name>.const:.string:h5x7_143</name>
         <load_address>0xc70a</load_address>
         <run_address>0xc70a</run_address>
         <size>0x6</size>
         <input_file_ref idref="fl-2"/>
      </object_component>
      <object_component id="oc-3de">
         <name>.const:.string:h5x7_144</name>
         <load_address>0xc710</load_address>
         <run_address>0xc710</run_address>
         <size>0x6</size>
         <input_file_ref idref="fl-2"/>
      </object_component>
      <object_component id="oc-3e1">
         <name>.const:.string:h5x7_145</name>
         <load_address>0xc716</load_address>
         <run_address>0xc716</run_address>
         <size>0x6</size>
         <input_file_ref idref="fl-2"/>
      </object_component>
      <object_component id="oc-3e4">
         <name>.const:.string:h5x7_146</name>
         <load_address>0xc71c</load_address>
         <run_address>0xc71c</run_address>
         <size>0x6</size>
         <input_file_ref idref="fl-2"/>
      </object_component>
      <object_component id="oc-3e7">
         <name>.const:.string:h5x7_147</name>
         <load_address>0xc722</load_address>
         <run_address>0xc722</run_address>
         <size>0x6</size>
         <input_file_ref idref="fl-2"/>
      </object_component>
      <object_component id="oc-3ea">
         <name>.const:.string:h5x7_148</name>
         <load_address>0xc728</load_address>
         <run_address>0xc728</run_address>
         <size>0x6</size>
         <input_file_ref idref="fl-2"/>
      </object_component>
      <object_component id="oc-3ed">
         <name>.const:.string:h5x7_149</name>
         <load_address>0xc72e</load_address>
         <run_address>0xc72e</run_address>
         <size>0x6</size>
         <input_file_ref idref="fl-2"/>
      </object_component>
      <object_component id="oc-3f0">
         <name>.const:.string:h5x7_150</name>
         <load_address>0xc734</load_address>
         <run_address>0xc734</run_address>
         <size>0x6</size>
         <input_file_ref idref="fl-2"/>
      </object_component>
      <object_component id="oc-3f3">
         <name>.const:.string:h5x7_151</name>
         <load_address>0xc73a</load_address>
         <run_address>0xc73a</run_address>
         <size>0x6</size>
         <input_file_ref idref="fl-2"/>
      </object_component>
      <object_component id="oc-3f6">
         <name>.const:.string:h5x7_152</name>
         <load_address>0xc740</load_address>
         <run_address>0xc740</run_address>
         <size>0x6</size>
         <input_file_ref idref="fl-2"/>
      </object_component>
      <object_component id="oc-3f9">
         <name>.const:.string:h5x7_153</name>
         <load_address>0xc746</load_address>
         <run_address>0xc746</run_address>
         <size>0x6</size>
         <input_file_ref idref="fl-2"/>
      </object_component>
      <object_component id="oc-3fc">
         <name>.const:.string:h5x7_154</name>
         <load_address>0xc74c</load_address>
         <run_address>0xc74c</run_address>
         <size>0x6</size>
         <input_file_ref idref="fl-2"/>
      </object_component>
      <object_component id="oc-3ff">
         <name>.const:.string:h5x7_155</name>
         <load_address>0xc752</load_address>
         <run_address>0xc752</run_address>
         <size>0x6</size>
         <input_file_ref idref="fl-2"/>
      </object_component>
      <object_component id="oc-402">
         <name>.const:.string:h5x7_156</name>
         <load_address>0xc758</load_address>
         <run_address>0xc758</run_address>
         <size>0x6</size>
         <input_file_ref idref="fl-2"/>
      </object_component>
      <object_component id="oc-405">
         <name>.const:.string:h5x7_157</name>
         <load_address>0xc75e</load_address>
         <run_address>0xc75e</run_address>
         <size>0x6</size>
         <input_file_ref idref="fl-2"/>
      </object_component>
      <object_component id="oc-408">
         <name>.const:.string:h5x7_158</name>
         <load_address>0xc764</load_address>
         <run_address>0xc764</run_address>
         <size>0x6</size>
         <input_file_ref idref="fl-2"/>
      </object_component>
      <object_component id="oc-40b">
         <name>.const:.string:h5x7_159</name>
         <load_address>0xc76a</load_address>
         <run_address>0xc76a</run_address>
         <size>0x6</size>
         <input_file_ref idref="fl-2"/>
      </object_component>
      <object_component id="oc-40e">
         <name>.const:.string:h5x7_160</name>
         <load_address>0xc770</load_address>
         <run_address>0xc770</run_address>
         <size>0x6</size>
         <input_file_ref idref="fl-2"/>
      </object_component>
      <object_component id="oc-411">
         <name>.const:.string:h5x7_161</name>
         <load_address>0xc776</load_address>
         <run_address>0xc776</run_address>
         <size>0x6</size>
         <input_file_ref idref="fl-2"/>
      </object_component>
      <object_component id="oc-414">
         <name>.const:.string:h5x7_162</name>
         <load_address>0xc77c</load_address>
         <run_address>0xc77c</run_address>
         <size>0x6</size>
         <input_file_ref idref="fl-2"/>
      </object_component>
      <object_component id="oc-417">
         <name>.const:.string:h5x7_163</name>
         <load_address>0xc782</load_address>
         <run_address>0xc782</run_address>
         <size>0x6</size>
         <input_file_ref idref="fl-2"/>
      </object_component>
      <object_component id="oc-41a">
         <name>.const:.string:h5x7_164</name>
         <load_address>0xc788</load_address>
         <run_address>0xc788</run_address>
         <size>0x6</size>
         <input_file_ref idref="fl-2"/>
      </object_component>
      <object_component id="oc-41d">
         <name>.const:.string:h5x7_165</name>
         <load_address>0xc78e</load_address>
         <run_address>0xc78e</run_address>
         <size>0x6</size>
         <input_file_ref idref="fl-2"/>
      </object_component>
      <object_component id="oc-420">
         <name>.const:.string:h5x7_166</name>
         <load_address>0xc794</load_address>
         <run_address>0xc794</run_address>
         <size>0x6</size>
         <input_file_ref idref="fl-2"/>
      </object_component>
      <object_component id="oc-423">
         <name>.const:.string:h5x7_167</name>
         <load_address>0xc79a</load_address>
         <run_address>0xc79a</run_address>
         <size>0x6</size>
         <input_file_ref idref="fl-2"/>
      </object_component>
      <object_component id="oc-426">
         <name>.const:.string:h5x7_168</name>
         <load_address>0xc7a0</load_address>
         <run_address>0xc7a0</run_address>
         <size>0x6</size>
         <input_file_ref idref="fl-2"/>
      </object_component>
      <object_component id="oc-429">
         <name>.const:.string:h5x7_169</name>
         <load_address>0xc7a6</load_address>
         <run_address>0xc7a6</run_address>
         <size>0x6</size>
         <input_file_ref idref="fl-2"/>
      </object_component>
      <object_component id="oc-42c">
         <name>.const:.string:h5x7_170</name>
         <load_address>0xc7ac</load_address>
         <run_address>0xc7ac</run_address>
         <size>0x6</size>
         <input_file_ref idref="fl-2"/>
      </object_component>
      <object_component id="oc-42f">
         <name>.const:.string:h5x7_171</name>
         <load_address>0xc7b2</load_address>
         <run_address>0xc7b2</run_address>
         <size>0x6</size>
         <input_file_ref idref="fl-2"/>
      </object_component>
      <object_component id="oc-432">
         <name>.const:.string:h5x7_172</name>
         <load_address>0xc7b8</load_address>
         <run_address>0xc7b8</run_address>
         <size>0x6</size>
         <input_file_ref idref="fl-2"/>
      </object_component>
      <object_component id="oc-435">
         <name>.const:.string:h5x7_173</name>
         <load_address>0xc7be</load_address>
         <run_address>0xc7be</run_address>
         <size>0x6</size>
         <input_file_ref idref="fl-2"/>
      </object_component>
      <object_component id="oc-438">
         <name>.const:.string:h5x7_174</name>
         <load_address>0xc7c4</load_address>
         <run_address>0xc7c4</run_address>
         <size>0x6</size>
         <input_file_ref idref="fl-2"/>
      </object_component>
      <object_component id="oc-43b">
         <name>.const:.string:h5x7_175</name>
         <load_address>0xc7ca</load_address>
         <run_address>0xc7ca</run_address>
         <size>0x6</size>
         <input_file_ref idref="fl-2"/>
      </object_component>
      <object_component id="oc-43e">
         <name>.const:.string:h5x7_176</name>
         <load_address>0xc7d0</load_address>
         <run_address>0xc7d0</run_address>
         <size>0x6</size>
         <input_file_ref idref="fl-2"/>
      </object_component>
      <object_component id="oc-441">
         <name>.const:.string:h5x7_177</name>
         <load_address>0xc7d6</load_address>
         <run_address>0xc7d6</run_address>
         <size>0x6</size>
         <input_file_ref idref="fl-2"/>
      </object_component>
      <object_component id="oc-444">
         <name>.const:.string:h5x7_178</name>
         <load_address>0xc7dc</load_address>
         <run_address>0xc7dc</run_address>
         <size>0x6</size>
         <input_file_ref idref="fl-2"/>
      </object_component>
      <object_component id="oc-447">
         <name>.const:.string:h5x7_179</name>
         <load_address>0xc7e2</load_address>
         <run_address>0xc7e2</run_address>
         <size>0x6</size>
         <input_file_ref idref="fl-2"/>
      </object_component>
      <object_component id="oc-44a">
         <name>.const:.string:h5x7_180</name>
         <load_address>0xc7e8</load_address>
         <run_address>0xc7e8</run_address>
         <size>0x6</size>
         <input_file_ref idref="fl-2"/>
      </object_component>
      <object_component id="oc-44d">
         <name>.const:.string:h5x7_181</name>
         <load_address>0xc7ee</load_address>
         <run_address>0xc7ee</run_address>
         <size>0x6</size>
         <input_file_ref idref="fl-2"/>
      </object_component>
      <object_component id="oc-450">
         <name>.const:.string:h5x7_182</name>
         <load_address>0xc7f4</load_address>
         <run_address>0xc7f4</run_address>
         <size>0x6</size>
         <input_file_ref idref="fl-2"/>
      </object_component>
      <object_component id="oc-453">
         <name>.const:.string:h5x7_183</name>
         <load_address>0xc7fa</load_address>
         <run_address>0xc7fa</run_address>
         <size>0x6</size>
         <input_file_ref idref="fl-2"/>
      </object_component>
      <object_component id="oc-456">
         <name>.const:.string:h5x7_184</name>
         <load_address>0xc800</load_address>
         <run_address>0xc800</run_address>
         <size>0x6</size>
         <input_file_ref idref="fl-2"/>
      </object_component>
      <object_component id="oc-459">
         <name>.const:.string:h5x7_185</name>
         <load_address>0xc806</load_address>
         <run_address>0xc806</run_address>
         <size>0x6</size>
         <input_file_ref idref="fl-2"/>
      </object_component>
      <object_component id="oc-45c">
         <name>.const:.string:h5x7_186</name>
         <load_address>0xc80c</load_address>
         <run_address>0xc80c</run_address>
         <size>0x6</size>
         <input_file_ref idref="fl-2"/>
      </object_component>
      <object_component id="oc-45f">
         <name>.const:.string:h5x7_187</name>
         <load_address>0xc812</load_address>
         <run_address>0xc812</run_address>
         <size>0x6</size>
         <input_file_ref idref="fl-2"/>
      </object_component>
      <object_component id="oc-462">
         <name>.const:.string:h5x7_188</name>
         <load_address>0xc818</load_address>
         <run_address>0xc818</run_address>
         <size>0x6</size>
         <input_file_ref idref="fl-2"/>
      </object_component>
      <object_component id="oc-465">
         <name>.const:.string:h5x7_189</name>
         <load_address>0xc81e</load_address>
         <run_address>0xc81e</run_address>
         <size>0x6</size>
         <input_file_ref idref="fl-2"/>
      </object_component>
      <object_component id="oc-468">
         <name>.const:.string:h5x7_190</name>
         <load_address>0xc824</load_address>
         <run_address>0xc824</run_address>
         <size>0x6</size>
         <input_file_ref idref="fl-2"/>
      </object_component>
      <object_component id="oc-46b">
         <name>.const:.string:h5x7_191</name>
         <load_address>0xc82a</load_address>
         <run_address>0xc82a</run_address>
         <size>0x6</size>
         <input_file_ref idref="fl-2"/>
      </object_component>
      <object_component id="oc-46e">
         <name>.const:.string:h5x7_192</name>
         <load_address>0xc830</load_address>
         <run_address>0xc830</run_address>
         <size>0x6</size>
         <input_file_ref idref="fl-2"/>
      </object_component>
      <object_component id="oc-471">
         <name>.const:.string:h5x7_193</name>
         <load_address>0xc836</load_address>
         <run_address>0xc836</run_address>
         <size>0x6</size>
         <input_file_ref idref="fl-2"/>
      </object_component>
      <object_component id="oc-474">
         <name>.const:.string:h5x7_194</name>
         <load_address>0xc83c</load_address>
         <run_address>0xc83c</run_address>
         <size>0x6</size>
         <input_file_ref idref="fl-2"/>
      </object_component>
      <object_component id="oc-477">
         <name>.const:.string:h5x7_195</name>
         <load_address>0xc842</load_address>
         <run_address>0xc842</run_address>
         <size>0x6</size>
         <input_file_ref idref="fl-2"/>
      </object_component>
      <object_component id="oc-47a">
         <name>.const:.string:h5x7_196</name>
         <load_address>0xc848</load_address>
         <run_address>0xc848</run_address>
         <size>0x6</size>
         <input_file_ref idref="fl-2"/>
      </object_component>
      <object_component id="oc-47d">
         <name>.const:.string:h5x7_197</name>
         <load_address>0xc84e</load_address>
         <run_address>0xc84e</run_address>
         <size>0x6</size>
         <input_file_ref idref="fl-2"/>
      </object_component>
      <object_component id="oc-480">
         <name>.const:.string:h5x7_198</name>
         <load_address>0xc854</load_address>
         <run_address>0xc854</run_address>
         <size>0x6</size>
         <input_file_ref idref="fl-2"/>
      </object_component>
      <object_component id="oc-483">
         <name>.const:.string:h5x7_199</name>
         <load_address>0xc85a</load_address>
         <run_address>0xc85a</run_address>
         <size>0x6</size>
         <input_file_ref idref="fl-2"/>
      </object_component>
      <object_component id="oc-486">
         <name>.const:.string:h5x7_200</name>
         <load_address>0xc860</load_address>
         <run_address>0xc860</run_address>
         <size>0x6</size>
         <input_file_ref idref="fl-2"/>
      </object_component>
      <object_component id="oc-489">
         <name>.const:.string:h5x7_201</name>
         <load_address>0xc866</load_address>
         <run_address>0xc866</run_address>
         <size>0x6</size>
         <input_file_ref idref="fl-2"/>
      </object_component>
      <object_component id="oc-48c">
         <name>.const:.string:h5x7_202</name>
         <load_address>0xc86c</load_address>
         <run_address>0xc86c</run_address>
         <size>0x6</size>
         <input_file_ref idref="fl-2"/>
      </object_component>
      <object_component id="oc-48f">
         <name>.const:.string:h5x7_203</name>
         <load_address>0xc872</load_address>
         <run_address>0xc872</run_address>
         <size>0x6</size>
         <input_file_ref idref="fl-2"/>
      </object_component>
      <object_component id="oc-492">
         <name>.const:.string:h5x7_204</name>
         <load_address>0xc878</load_address>
         <run_address>0xc878</run_address>
         <size>0x6</size>
         <input_file_ref idref="fl-2"/>
      </object_component>
      <object_component id="oc-495">
         <name>.const:.string:h5x7_205</name>
         <load_address>0xc87e</load_address>
         <run_address>0xc87e</run_address>
         <size>0x6</size>
         <input_file_ref idref="fl-2"/>
      </object_component>
      <object_component id="oc-498">
         <name>.const:.string:h5x7_206</name>
         <load_address>0xc884</load_address>
         <run_address>0xc884</run_address>
         <size>0x6</size>
         <input_file_ref idref="fl-2"/>
      </object_component>
      <object_component id="oc-49b">
         <name>.const:.string:h5x7_207</name>
         <load_address>0xc88a</load_address>
         <run_address>0xc88a</run_address>
         <size>0x6</size>
         <input_file_ref idref="fl-2"/>
      </object_component>
      <object_component id="oc-49e">
         <name>.const:.string:h5x7_208</name>
         <load_address>0xc890</load_address>
         <run_address>0xc890</run_address>
         <size>0x6</size>
         <input_file_ref idref="fl-2"/>
      </object_component>
      <object_component id="oc-4a1">
         <name>.const:.string:h5x7_209</name>
         <load_address>0xc896</load_address>
         <run_address>0xc896</run_address>
         <size>0x6</size>
         <input_file_ref idref="fl-2"/>
      </object_component>
      <object_component id="oc-4a4">
         <name>.const:.string:h5x7_210</name>
         <load_address>0xc89c</load_address>
         <run_address>0xc89c</run_address>
         <size>0x6</size>
         <input_file_ref idref="fl-2"/>
      </object_component>
      <object_component id="oc-4a7">
         <name>.const:.string:h5x7_211</name>
         <load_address>0xc8a2</load_address>
         <run_address>0xc8a2</run_address>
         <size>0x6</size>
         <input_file_ref idref="fl-2"/>
      </object_component>
      <object_component id="oc-4aa">
         <name>.const:.string:h5x7_212</name>
         <load_address>0xc8a8</load_address>
         <run_address>0xc8a8</run_address>
         <size>0x6</size>
         <input_file_ref idref="fl-2"/>
      </object_component>
      <object_component id="oc-4ad">
         <name>.const:.string:h5x7_213</name>
         <load_address>0xc8ae</load_address>
         <run_address>0xc8ae</run_address>
         <size>0x6</size>
         <input_file_ref idref="fl-2"/>
      </object_component>
      <object_component id="oc-4b0">
         <name>.const:.string:h5x7_214</name>
         <load_address>0xc8b4</load_address>
         <run_address>0xc8b4</run_address>
         <size>0x6</size>
         <input_file_ref idref="fl-2"/>
      </object_component>
      <object_component id="oc-4b3">
         <name>.const:.string:h5x7_215</name>
         <load_address>0xc8ba</load_address>
         <run_address>0xc8ba</run_address>
         <size>0x6</size>
         <input_file_ref idref="fl-2"/>
      </object_component>
      <object_component id="oc-4b6">
         <name>.const:.string:h5x7_216</name>
         <load_address>0xc8c0</load_address>
         <run_address>0xc8c0</run_address>
         <size>0x6</size>
         <input_file_ref idref="fl-2"/>
      </object_component>
      <object_component id="oc-4b9">
         <name>.const:.string:h5x7_217</name>
         <load_address>0xc8c6</load_address>
         <run_address>0xc8c6</run_address>
         <size>0x6</size>
         <input_file_ref idref="fl-2"/>
      </object_component>
      <object_component id="oc-4bc">
         <name>.const:.string:h5x7_218</name>
         <load_address>0xc8cc</load_address>
         <run_address>0xc8cc</run_address>
         <size>0x6</size>
         <input_file_ref idref="fl-2"/>
      </object_component>
      <object_component id="oc-4bf">
         <name>.const:.string:h5x7_219</name>
         <load_address>0xc8d2</load_address>
         <run_address>0xc8d2</run_address>
         <size>0x6</size>
         <input_file_ref idref="fl-2"/>
      </object_component>
      <object_component id="oc-4c2">
         <name>.const:.string:h5x7_220</name>
         <load_address>0xc8d8</load_address>
         <run_address>0xc8d8</run_address>
         <size>0x6</size>
         <input_file_ref idref="fl-2"/>
      </object_component>
      <object_component id="oc-4c5">
         <name>.const:.string:h5x7_221</name>
         <load_address>0xc8de</load_address>
         <run_address>0xc8de</run_address>
         <size>0x6</size>
         <input_file_ref idref="fl-2"/>
      </object_component>
      <object_component id="oc-4c8">
         <name>.const:.string:h5x7_222</name>
         <load_address>0xc8e4</load_address>
         <run_address>0xc8e4</run_address>
         <size>0x6</size>
         <input_file_ref idref="fl-2"/>
      </object_component>
      <object_component id="oc-4cb">
         <name>.const:.string:h5x7_223</name>
         <load_address>0xc8ea</load_address>
         <run_address>0xc8ea</run_address>
         <size>0x6</size>
         <input_file_ref idref="fl-2"/>
      </object_component>
      <object_component id="oc-4ce">
         <name>.const:.string:h5x7_224</name>
         <load_address>0xc8f0</load_address>
         <run_address>0xc8f0</run_address>
         <size>0x6</size>
         <input_file_ref idref="fl-2"/>
      </object_component>
      <object_component id="oc-4d1">
         <name>.const:.string:h5x7_225</name>
         <load_address>0xc8f6</load_address>
         <run_address>0xc8f6</run_address>
         <size>0x6</size>
         <input_file_ref idref="fl-2"/>
      </object_component>
      <object_component id="oc-4d4">
         <name>.const:.string:h5x7_226</name>
         <load_address>0xc8fc</load_address>
         <run_address>0xc8fc</run_address>
         <size>0x6</size>
         <input_file_ref idref="fl-2"/>
      </object_component>
      <object_component id="oc-4d7">
         <name>.const:.string:h5x7_227</name>
         <load_address>0xc902</load_address>
         <run_address>0xc902</run_address>
         <size>0x6</size>
         <input_file_ref idref="fl-2"/>
      </object_component>
      <object_component id="oc-4da">
         <name>.const:.string:h5x7_228</name>
         <load_address>0xc908</load_address>
         <run_address>0xc908</run_address>
         <size>0x6</size>
         <input_file_ref idref="fl-2"/>
      </object_component>
      <object_component id="oc-4dd">
         <name>.const:.string:h5x7_229</name>
         <load_address>0xc90e</load_address>
         <run_address>0xc90e</run_address>
         <size>0x6</size>
         <input_file_ref idref="fl-2"/>
      </object_component>
      <object_component id="oc-4e0">
         <name>.const:.string:h5x7_230</name>
         <load_address>0xc914</load_address>
         <run_address>0xc914</run_address>
         <size>0x6</size>
         <input_file_ref idref="fl-2"/>
      </object_component>
      <object_component id="oc-4e3">
         <name>.const:.string:h5x7_231</name>
         <load_address>0xc91a</load_address>
         <run_address>0xc91a</run_address>
         <size>0x6</size>
         <input_file_ref idref="fl-2"/>
      </object_component>
      <object_component id="oc-4e6">
         <name>.const:.string:h5x7_232</name>
         <load_address>0xc920</load_address>
         <run_address>0xc920</run_address>
         <size>0x6</size>
         <input_file_ref idref="fl-2"/>
      </object_component>
      <object_component id="oc-4e9">
         <name>.const:.string:h5x7_233</name>
         <load_address>0xc926</load_address>
         <run_address>0xc926</run_address>
         <size>0x6</size>
         <input_file_ref idref="fl-2"/>
      </object_component>
      <object_component id="oc-4ec">
         <name>.const:.string:h5x7_234</name>
         <load_address>0xc92c</load_address>
         <run_address>0xc92c</run_address>
         <size>0x6</size>
         <input_file_ref idref="fl-2"/>
      </object_component>
      <object_component id="oc-4ef">
         <name>.const:.string:h5x7_235</name>
         <load_address>0xc932</load_address>
         <run_address>0xc932</run_address>
         <size>0x6</size>
         <input_file_ref idref="fl-2"/>
      </object_component>
      <object_component id="oc-4f2">
         <name>.const:.string:h5x7_236</name>
         <load_address>0xc938</load_address>
         <run_address>0xc938</run_address>
         <size>0x6</size>
         <input_file_ref idref="fl-2"/>
      </object_component>
      <object_component id="oc-4f5">
         <name>.const:.string:h5x7_237</name>
         <load_address>0xc93e</load_address>
         <run_address>0xc93e</run_address>
         <size>0x6</size>
         <input_file_ref idref="fl-2"/>
      </object_component>
      <object_component id="oc-4f8">
         <name>.const:.string:h5x7_238</name>
         <load_address>0xc944</load_address>
         <run_address>0xc944</run_address>
         <size>0x6</size>
         <input_file_ref idref="fl-2"/>
      </object_component>
      <object_component id="oc-4fb">
         <name>.const:.string:h5x7_239</name>
         <load_address>0xc94a</load_address>
         <run_address>0xc94a</run_address>
         <size>0x6</size>
         <input_file_ref idref="fl-2"/>
      </object_component>
      <object_component id="oc-273">
         <name>.const:.string:h5x7_23</name>
         <load_address>0xc950</load_address>
         <run_address>0xc950</run_address>
         <size>0x6</size>
         <input_file_ref idref="fl-2"/>
      </object_component>
      <object_component id="oc-4fe">
         <name>.const:.string:h5x7_240</name>
         <load_address>0xc956</load_address>
         <run_address>0xc956</run_address>
         <size>0x6</size>
         <input_file_ref idref="fl-2"/>
      </object_component>
      <object_component id="oc-501">
         <name>.const:.string:h5x7_241</name>
         <load_address>0xc95c</load_address>
         <run_address>0xc95c</run_address>
         <size>0x6</size>
         <input_file_ref idref="fl-2"/>
      </object_component>
      <object_component id="oc-504">
         <name>.const:.string:h5x7_242</name>
         <load_address>0xc962</load_address>
         <run_address>0xc962</run_address>
         <size>0x6</size>
         <input_file_ref idref="fl-2"/>
      </object_component>
      <object_component id="oc-507">
         <name>.const:.string:h5x7_243</name>
         <load_address>0xc968</load_address>
         <run_address>0xc968</run_address>
         <size>0x6</size>
         <input_file_ref idref="fl-2"/>
      </object_component>
      <object_component id="oc-50a">
         <name>.const:.string:h5x7_244</name>
         <load_address>0xc96e</load_address>
         <run_address>0xc96e</run_address>
         <size>0x6</size>
         <input_file_ref idref="fl-2"/>
      </object_component>
      <object_component id="oc-50d">
         <name>.const:.string:h5x7_245</name>
         <load_address>0xc974</load_address>
         <run_address>0xc974</run_address>
         <size>0x6</size>
         <input_file_ref idref="fl-2"/>
      </object_component>
      <object_component id="oc-510">
         <name>.const:.string:h5x7_246</name>
         <load_address>0xc97a</load_address>
         <run_address>0xc97a</run_address>
         <size>0x6</size>
         <input_file_ref idref="fl-2"/>
      </object_component>
      <object_component id="oc-513">
         <name>.const:.string:h5x7_247</name>
         <load_address>0xc980</load_address>
         <run_address>0xc980</run_address>
         <size>0x6</size>
         <input_file_ref idref="fl-2"/>
      </object_component>
      <object_component id="oc-516">
         <name>.const:.string:h5x7_248</name>
         <load_address>0xc986</load_address>
         <run_address>0xc986</run_address>
         <size>0x6</size>
         <input_file_ref idref="fl-2"/>
      </object_component>
      <object_component id="oc-519">
         <name>.const:.string:h5x7_249</name>
         <load_address>0xc98c</load_address>
         <run_address>0xc98c</run_address>
         <size>0x6</size>
         <input_file_ref idref="fl-2"/>
      </object_component>
      <object_component id="oc-276">
         <name>.const:.string:h5x7_24</name>
         <load_address>0xc992</load_address>
         <run_address>0xc992</run_address>
         <size>0x6</size>
         <input_file_ref idref="fl-2"/>
      </object_component>
      <object_component id="oc-51c">
         <name>.const:.string:h5x7_250</name>
         <load_address>0xc998</load_address>
         <run_address>0xc998</run_address>
         <size>0x6</size>
         <input_file_ref idref="fl-2"/>
      </object_component>
      <object_component id="oc-51f">
         <name>.const:.string:h5x7_251</name>
         <load_address>0xc99e</load_address>
         <run_address>0xc99e</run_address>
         <size>0x6</size>
         <input_file_ref idref="fl-2"/>
      </object_component>
      <object_component id="oc-522">
         <name>.const:.string:h5x7_252</name>
         <load_address>0xc9a4</load_address>
         <run_address>0xc9a4</run_address>
         <size>0x6</size>
         <input_file_ref idref="fl-2"/>
      </object_component>
      <object_component id="oc-525">
         <name>.const:.string:h5x7_253</name>
         <load_address>0xc9aa</load_address>
         <run_address>0xc9aa</run_address>
         <size>0x6</size>
         <input_file_ref idref="fl-2"/>
      </object_component>
      <object_component id="oc-528">
         <name>.const:.string:h5x7_254</name>
         <load_address>0xc9b0</load_address>
         <run_address>0xc9b0</run_address>
         <size>0x6</size>
         <input_file_ref idref="fl-2"/>
      </object_component>
      <object_component id="oc-52b">
         <name>.const:.string:h5x7_255</name>
         <load_address>0xc9b6</load_address>
         <run_address>0xc9b6</run_address>
         <size>0x6</size>
         <input_file_ref idref="fl-2"/>
      </object_component>
      <object_component id="oc-279">
         <name>.const:.string:h5x7_25</name>
         <load_address>0xc9bc</load_address>
         <run_address>0xc9bc</run_address>
         <size>0x6</size>
         <input_file_ref idref="fl-2"/>
      </object_component>
      <object_component id="oc-27c">
         <name>.const:.string:h5x7_26</name>
         <load_address>0xc9c2</load_address>
         <run_address>0xc9c2</run_address>
         <size>0x6</size>
         <input_file_ref idref="fl-2"/>
      </object_component>
      <object_component id="oc-27f">
         <name>.const:.string:h5x7_27</name>
         <load_address>0xc9c8</load_address>
         <run_address>0xc9c8</run_address>
         <size>0x6</size>
         <input_file_ref idref="fl-2"/>
      </object_component>
      <object_component id="oc-282">
         <name>.const:.string:h5x7_28</name>
         <load_address>0xc9ce</load_address>
         <run_address>0xc9ce</run_address>
         <size>0x6</size>
         <input_file_ref idref="fl-2"/>
      </object_component>
      <object_component id="oc-285">
         <name>.const:.string:h5x7_29</name>
         <load_address>0xc9d4</load_address>
         <run_address>0xc9d4</run_address>
         <size>0x6</size>
         <input_file_ref idref="fl-2"/>
      </object_component>
      <object_component id="oc-288">
         <name>.const:.string:h5x7_30</name>
         <load_address>0xc9da</load_address>
         <run_address>0xc9da</run_address>
         <size>0x6</size>
         <input_file_ref idref="fl-2"/>
      </object_component>
      <object_component id="oc-28b">
         <name>.const:.string:h5x7_31</name>
         <load_address>0xc9e0</load_address>
         <run_address>0xc9e0</run_address>
         <size>0x6</size>
         <input_file_ref idref="fl-2"/>
      </object_component>
      <object_component id="oc-28e">
         <name>.const:.string:h5x7_32</name>
         <load_address>0xc9e6</load_address>
         <run_address>0xc9e6</run_address>
         <size>0x6</size>
         <input_file_ref idref="fl-2"/>
      </object_component>
      <object_component id="oc-291">
         <name>.const:.string:h5x7_33</name>
         <load_address>0xc9ec</load_address>
         <run_address>0xc9ec</run_address>
         <size>0x6</size>
         <input_file_ref idref="fl-2"/>
      </object_component>
      <object_component id="oc-294">
         <name>.const:.string:h5x7_34</name>
         <load_address>0xc9f2</load_address>
         <run_address>0xc9f2</run_address>
         <size>0x6</size>
         <input_file_ref idref="fl-2"/>
      </object_component>
      <object_component id="oc-297">
         <name>.const:.string:h5x7_35</name>
         <load_address>0xc9f8</load_address>
         <run_address>0xc9f8</run_address>
         <size>0x6</size>
         <input_file_ref idref="fl-2"/>
      </object_component>
      <object_component id="oc-29a">
         <name>.const:.string:h5x7_36</name>
         <load_address>0xc9fe</load_address>
         <run_address>0xc9fe</run_address>
         <size>0x6</size>
         <input_file_ref idref="fl-2"/>
      </object_component>
      <object_component id="oc-29d">
         <name>.const:.string:h5x7_37</name>
         <load_address>0xca04</load_address>
         <run_address>0xca04</run_address>
         <size>0x6</size>
         <input_file_ref idref="fl-2"/>
      </object_component>
      <object_component id="oc-2a0">
         <name>.const:.string:h5x7_38</name>
         <load_address>0xca0a</load_address>
         <run_address>0xca0a</run_address>
         <size>0x6</size>
         <input_file_ref idref="fl-2"/>
      </object_component>
      <object_component id="oc-2a3">
         <name>.const:.string:h5x7_39</name>
         <load_address>0xca10</load_address>
         <run_address>0xca10</run_address>
         <size>0x6</size>
         <input_file_ref idref="fl-2"/>
      </object_component>
      <object_component id="oc-2a6">
         <name>.const:.string:h5x7_40</name>
         <load_address>0xca16</load_address>
         <run_address>0xca16</run_address>
         <size>0x6</size>
         <input_file_ref idref="fl-2"/>
      </object_component>
      <object_component id="oc-2a9">
         <name>.const:.string:h5x7_41</name>
         <load_address>0xca1c</load_address>
         <run_address>0xca1c</run_address>
         <size>0x6</size>
         <input_file_ref idref="fl-2"/>
      </object_component>
      <object_component id="oc-2ac">
         <name>.const:.string:h5x7_42</name>
         <load_address>0xca22</load_address>
         <run_address>0xca22</run_address>
         <size>0x6</size>
         <input_file_ref idref="fl-2"/>
      </object_component>
      <object_component id="oc-2af">
         <name>.const:.string:h5x7_43</name>
         <load_address>0xca28</load_address>
         <run_address>0xca28</run_address>
         <size>0x6</size>
         <input_file_ref idref="fl-2"/>
      </object_component>
      <object_component id="oc-2b2">
         <name>.const:.string:h5x7_44</name>
         <load_address>0xca2e</load_address>
         <run_address>0xca2e</run_address>
         <size>0x6</size>
         <input_file_ref idref="fl-2"/>
      </object_component>
      <object_component id="oc-2b5">
         <name>.const:.string:h5x7_45</name>
         <load_address>0xca34</load_address>
         <run_address>0xca34</run_address>
         <size>0x6</size>
         <input_file_ref idref="fl-2"/>
      </object_component>
      <object_component id="oc-2b8">
         <name>.const:.string:h5x7_46</name>
         <load_address>0xca3a</load_address>
         <run_address>0xca3a</run_address>
         <size>0x6</size>
         <input_file_ref idref="fl-2"/>
      </object_component>
      <object_component id="oc-2bb">
         <name>.const:.string:h5x7_47</name>
         <load_address>0xca40</load_address>
         <run_address>0xca40</run_address>
         <size>0x6</size>
         <input_file_ref idref="fl-2"/>
      </object_component>
      <object_component id="oc-2be">
         <name>.const:.string:h5x7_48</name>
         <load_address>0xca46</load_address>
         <run_address>0xca46</run_address>
         <size>0x6</size>
         <input_file_ref idref="fl-2"/>
      </object_component>
      <object_component id="oc-2c1">
         <name>.const:.string:h5x7_49</name>
         <load_address>0xca4c</load_address>
         <run_address>0xca4c</run_address>
         <size>0x6</size>
         <input_file_ref idref="fl-2"/>
      </object_component>
      <object_component id="oc-2c4">
         <name>.const:.string:h5x7_50</name>
         <load_address>0xca52</load_address>
         <run_address>0xca52</run_address>
         <size>0x6</size>
         <input_file_ref idref="fl-2"/>
      </object_component>
      <object_component id="oc-2c7">
         <name>.const:.string:h5x7_51</name>
         <load_address>0xca58</load_address>
         <run_address>0xca58</run_address>
         <size>0x6</size>
         <input_file_ref idref="fl-2"/>
      </object_component>
      <object_component id="oc-2ca">
         <name>.const:.string:h5x7_52</name>
         <load_address>0xca5e</load_address>
         <run_address>0xca5e</run_address>
         <size>0x6</size>
         <input_file_ref idref="fl-2"/>
      </object_component>
      <object_component id="oc-2cd">
         <name>.const:.string:h5x7_53</name>
         <load_address>0xca64</load_address>
         <run_address>0xca64</run_address>
         <size>0x6</size>
         <input_file_ref idref="fl-2"/>
      </object_component>
      <object_component id="oc-2d0">
         <name>.const:.string:h5x7_54</name>
         <load_address>0xca6a</load_address>
         <run_address>0xca6a</run_address>
         <size>0x6</size>
         <input_file_ref idref="fl-2"/>
      </object_component>
      <object_component id="oc-2d3">
         <name>.const:.string:h5x7_55</name>
         <load_address>0xca70</load_address>
         <run_address>0xca70</run_address>
         <size>0x6</size>
         <input_file_ref idref="fl-2"/>
      </object_component>
      <object_component id="oc-2d6">
         <name>.const:.string:h5x7_56</name>
         <load_address>0xca76</load_address>
         <run_address>0xca76</run_address>
         <size>0x6</size>
         <input_file_ref idref="fl-2"/>
      </object_component>
      <object_component id="oc-2d9">
         <name>.const:.string:h5x7_57</name>
         <load_address>0xca7c</load_address>
         <run_address>0xca7c</run_address>
         <size>0x6</size>
         <input_file_ref idref="fl-2"/>
      </object_component>
      <object_component id="oc-2dc">
         <name>.const:.string:h5x7_58</name>
         <load_address>0xca82</load_address>
         <run_address>0xca82</run_address>
         <size>0x6</size>
         <input_file_ref idref="fl-2"/>
      </object_component>
      <object_component id="oc-2df">
         <name>.const:.string:h5x7_59</name>
         <load_address>0xca88</load_address>
         <run_address>0xca88</run_address>
         <size>0x6</size>
         <input_file_ref idref="fl-2"/>
      </object_component>
      <object_component id="oc-2e2">
         <name>.const:.string:h5x7_60</name>
         <load_address>0xca8e</load_address>
         <run_address>0xca8e</run_address>
         <size>0x6</size>
         <input_file_ref idref="fl-2"/>
      </object_component>
      <object_component id="oc-2e5">
         <name>.const:.string:h5x7_61</name>
         <load_address>0xca94</load_address>
         <run_address>0xca94</run_address>
         <size>0x6</size>
         <input_file_ref idref="fl-2"/>
      </object_component>
      <object_component id="oc-2e8">
         <name>.const:.string:h5x7_62</name>
         <load_address>0xca9a</load_address>
         <run_address>0xca9a</run_address>
         <size>0x6</size>
         <input_file_ref idref="fl-2"/>
      </object_component>
      <object_component id="oc-2eb">
         <name>.const:.string:h5x7_63</name>
         <load_address>0xcaa0</load_address>
         <run_address>0xcaa0</run_address>
         <size>0x6</size>
         <input_file_ref idref="fl-2"/>
      </object_component>
      <object_component id="oc-2ee">
         <name>.const:.string:h5x7_64</name>
         <load_address>0xcaa6</load_address>
         <run_address>0xcaa6</run_address>
         <size>0x6</size>
         <input_file_ref idref="fl-2"/>
      </object_component>
      <object_component id="oc-2f1">
         <name>.const:.string:h5x7_65</name>
         <load_address>0xcaac</load_address>
         <run_address>0xcaac</run_address>
         <size>0x6</size>
         <input_file_ref idref="fl-2"/>
      </object_component>
      <object_component id="oc-2f4">
         <name>.const:.string:h5x7_66</name>
         <load_address>0xcab2</load_address>
         <run_address>0xcab2</run_address>
         <size>0x6</size>
         <input_file_ref idref="fl-2"/>
      </object_component>
      <object_component id="oc-2f7">
         <name>.const:.string:h5x7_67</name>
         <load_address>0xcab8</load_address>
         <run_address>0xcab8</run_address>
         <size>0x6</size>
         <input_file_ref idref="fl-2"/>
      </object_component>
      <object_component id="oc-2fa">
         <name>.const:.string:h5x7_68</name>
         <load_address>0xcabe</load_address>
         <run_address>0xcabe</run_address>
         <size>0x6</size>
         <input_file_ref idref="fl-2"/>
      </object_component>
      <object_component id="oc-2fd">
         <name>.const:.string:h5x7_69</name>
         <load_address>0xcac4</load_address>
         <run_address>0xcac4</run_address>
         <size>0x6</size>
         <input_file_ref idref="fl-2"/>
      </object_component>
      <object_component id="oc-300">
[...]
      <symbol id="sm-6c1">
         <name>h5x7_11</name>
         <value>0xc5ec</value>
         <object_component_ref idref="oc-24f"/>
      </symbol>
      <symbol id="sm-6c2">
         <name>h5x7_12</name>
         <value>0xc5f4</value>
         <object_component_ref idref="oc-252"/>
      </symbol>
      <symbol id="sm-6c3">
         <name>h5x7_13</name>
         <value>0xc57a</value>
         <object_component_ref idref="oc-255"/>
      </symbol>
      <symbol id="sm-6c4">
         <name>h5x7_14</name>
         <value>0xc480</value>
         <object_component_ref idref="oc-258"/>
      </symbol>
      <symbol id="sm-6c5">
         <name>h5x7_15</name>
         <value>0xc49e</value>
         <object_component_ref idref="oc-25b"/>
      </symbol>
      <symbol id="sm-6c6">
         <name>h5x7_16</name>
         <value>0xc4bc</value>
         <object_component_ref idref="oc-25e"/>
      </symbol>
      <symbol id="sm-6c7">
         <name>h5x7_17</name>
         <value>0xc4da</value>
         <object_component_ref idref="oc-261"/>
      </symbol>
      <symbol id="sm-6c8">
         <name>h5x7_18</name>
         <value>0xc5b8</value>
         <object_component_ref idref="oc-264"/>
      </symbol>
      <symbol id="sm-6c9">
         <name>h5x7_19</name>
         <value>0xc5c2</value>
         <object_component_ref idref="oc-267"/>
      </symbol>
      <symbol id="sm-6ca">
         <name>h5x7_20</name>
         <value>0xc4f8</value>
         <object_component_ref idref="oc-26a"/>
      </symbol>
      <symbol id="sm-6cb">
         <name>h5x7_21</name>
         <value>0xc516</value>
         <object_component_ref idref="oc-26d"/>
      </symbol>
      <symbol id="sm-6cc">
         <name>h5x7_22</name>
         <value>0xc534</value>
         <object_component_ref idref="oc-270"/>
      </symbol>
      <symbol id="sm-6cd">
         <name>h5x7_23</name>
         <value>0xc950</value>
         <object_component_ref idref="oc-273"/>
      </symbol>
      <symbol id="sm-6ce">
         <name>h5x7_24</name>
         <value>0xc992</value>
         <object_component_ref idref="oc-276"/>
      </symbol>
      <symbol id="sm-6cf">
         <name>h5x7_25</name>
         <value>0xc9bc</value>
         <object_component_ref idref="oc-279"/>
      </symbol>
      <symbol id="sm-6d0">
         <name>h5x7_26</name>
         <value>0xc9c2</value>
         <object_component_ref idref="oc-27c"/>
      </symbol>
      <symbol id="sm-6d1">
         <name>h5x7_27</name>
         <value>0xc9c8</value>
         <object_component_ref idref="oc-27f"/>
      </symbol>
      <symbol id="sm-6d2">
         <name>h5x7_28</name>
         <value>0xc9ce</value>
         <object_component_ref idref="oc-282"/>
      </symbol>
      <symbol id="sm-6d3">
         <name>h5x7_29</name>
         <value>0xc9d4</value>
         <object_component_ref idref="oc-285"/>
      </symbol>
      <symbol id="sm-6ef">
         <name>TIMERCOUNT</name>
         <value>0x20a</value>
      </symbol>
      <symbol id="sm-6f0">
         <name>Delay</name>
         <value>0xd13c</value>
         <object_component_ref idref="oc-1a7"/>
      </symbol>
      <symbol id="sm-6f1">
         <name>InitTimerSystem</name>
         <value>0xd15c</value>
         <object_component_ref idref="oc-183"/>
      </symbol>
      <symbol id="sm-6f2">
         <name>CallInISR</name>
         <value>0xd14a</value>
         <object_component_ref idref="oc-13d"/>
      </symbol>
      <symbol id="sm-76c">
         <name>font_data_ptr</name>
         <value>0x20e</value>
      </symbol>
      <symbol id="sm-76d">
         <name>masking</name>
         <value>0x211</value>
      </symbol>
      <symbol id="sm-76e">
         <name>Inverted</name>
         <value>0x210</value>
      </symbol>
      <symbol id="sm-76f">
         <name>row</name>
         <value>0x201</value>
         <object_component_ref idref="oc-218"/>
      </symbol>
      <symbol id="sm-770">
         <name>PutChar</name>
         <value>0xcb7e</value>
         <object_component_ref idref="oc-1a1"/>
      </symbol>
      <symbol id="sm-771">
         <name>SetFont</name>
         <value>0xd162</value>
         <object_component_ref idref="oc-19b"/>
      </symbol>
      <symbol id="sm-772">
         <name>ClearDisplay</name>
         <value>0xcdea</value>
         <object_component_ref idref="oc-20f"/>
      </symbol>
      <symbol id="sm-773">
         <name>BaselineShift</name>
         <value>0x208</value>
         <object_component_ref idref="oc-218"/>
      </symbol>
      <symbol id="sm-774">
         <name>InitDisplay</name>
         <value>0xce62</value>
         <object_component_ref idref="oc-209"/>
      </symbol>
      <symbol id="sm-775">
         <name>setPageAddress</name>
         <value>0xd12c</value>
         <object_component_ref idref="oc-21b"/>
      </symbol>
      <symbol id="sm-776">
         <name>sendSPIData</name>
         <value>0xd10a</value>
         <object_component_ref idref="oc-580"/>
      </symbol>
      <symbol id="sm-777">
         <name>WriteFSGraphic</name>
         <value>0xccea</value>
         <object_component_ref idref="oc-192"/>
      </symbol>
      <symbol id="sm-778">
         <name>debug_var</name>
         <value>0x206</value>
         <object_component_ref idref="oc-218"/>
      </symbol>
      <symbol id="sm-779">
         <name>column</name>
         <value>0x200</value>
         <object_component_ref idref="oc-218"/>
      </symbol>
      <symbol id="sm-77a">
         <name>InitDriver</name>
         <value>0xd050</value>
         <object_component_ref idref="oc-203"/>
      </symbol>
      <symbol id="sm-77b">
         <name>debug_var_2</name>
         <value>0x207</value>
         <object_component_ref idref="oc-218"/>
      </symbol>
      <symbol id="sm-77c">
         <name>sendSPI</name>
         <value>0xcf98</value>
         <object_component_ref idref="oc-7b5"/>
      </symbol>
      <symbol id="sm-77d">
         <name>display_y_size</name>
         <value>0x204</value>
         <object_component_ref idref="oc-218"/>
      </symbol>
      <symbol id="sm-77e">
         <name>putPixels</name>
         <value>0xcf0e</value>
         <object_component_ref idref="oc-227"/>
      </symbol>
      <symbol id="sm-77f">
         <name>display_x_size</name>
         <value>0x202</value>
         <object_component_ref idref="oc-218"/>
      </symbol>
      <symbol id="sm-780">
         <name>setColumnAddress</name>
         <value>0xd02a</value>
         <object_component_ref idref="oc-221"/>
      </symbol>
      <symbol id="sm-781">
         <name>sendSPICmd</name>
         <value>0xd0f8</value>
         <object_component_ref idref="oc-574"/>
      </symbol>
      <symbol id="sm-78a">
         <name>Init_gfx</name>
         <value>0xd0aa</value>
         <object_component_ref idref="oc-189"/>
      </symbol>
      <symbol id="sm-792">
         <name>__mspabi_srai</name>
         <value>0xcfd2</value>
         <object_component_ref idref="oc-532"/>
      </symbol>
      <symbol id="sm-793">
         <name>__mspabi_srai_8</name>
         <value>0xcfec</value>
         <object_component_ref idref="oc-532"/>
      </symbol>
      <symbol id="sm-794">
         <name>__mspabi_srai_9</name>
         <value>0xcfea</value>
         <object_component_ref idref="oc-532"/>
      </symbol>
      <symbol id="sm-795">
         <name>__mspabi_srai_6</name>
         <value>0xcff0</value>
         <object_component_ref idref="oc-532"/>
      </symbol>
      <symbol id="sm-796">
         <name>__mspabi_srai_7</name>
         <value>0xcfee</value>
         <object_component_ref idref="oc-532"/>
      </symbol>
      <symbol id="sm-797">
         <name>__mspabi_srai_4</name>
         <value>0xcff4</value>
         <object_component_ref idref="oc-532"/>
      </symbol>
      <symbol id="sm-798">
         <name>__mspabi_srai_5</name>
         <value>0xcff2</value>
         <object_component_ref idref="oc-532"/>
      </symbol>
      <symbol id="sm-799">
         <name>__mspabi_srai_2</name>
         <value>0xcff8</value>
         <object_component_ref idref="oc-532"/>
      </symbol>
      <symbol id="sm-79a">
         <name>__mspabi_srai_3</name>
         <value>0xcff6</value>
         <object_component_ref idref="oc-532"/>
      </symbol>
      <symbol id="sm-79b">
         <name>__mspabi_srai_1</name>
         <value>0xcffa</value>
         <object_component_ref idref="oc-532"/>
      </symbol>
      <symbol id="sm-79c">
         <name>__mspabi_srai_15</name>
         <value>0xcfde</value>
         <object_component_ref idref="oc-532"/>
      </symbol>
      <symbol id="sm-79d">
         <name>__mspabi_srai_14</name>
         <value>0xcfe0</value>
         <object_component_ref idref="oc-532"/>
      </symbol>
      <symbol id="sm-79e">
         <name>__mspabi_srai_13</name>
         <value>0xcfe2</value>
         <object_component_ref idref="oc-532"/>
      </symbol>
      <symbol id="sm-79f">
         <name>__mspabi_srai_12</name>
         <value>0xcfe4</value>
         <object_component_ref idref="oc-532"/>
      </symbol>
      <symbol id="sm-7a0">
         <name>__mspabi_srai_11</name>
         <value>0xcfe6</value>
         <object_component_ref idref="oc-532"/>
      </symbol>
      <symbol id="sm-7a1">
         <name>__mspabi_srai_10</name>
         <value>0xcfe8</value>
         <object_component_ref idref="oc-532"/>
      </symbol>
      <symbol id="sm-7aa">
         <name>__mspabi_func_epilog_2</name>
         <value>0xd126</value>
         <object_component_ref idref="oc-bf"/>
      </symbol>
      <symbol id="sm-7ab">
         <name>__mspabi_func_epilog_3</name>
         <value>0xd124</value>
         <object_component_ref idref="oc-bf"/>
      </symbol>
      <symbol id="sm-7ac">
         <name>__mspabi_func_epilog_1</name>
         <value>0xd128</value>
         <object_component_ref idref="oc-bf"/>
      </symbol>
      <symbol id="sm-7ad">
         <name>__mspabi_func_epilog_6</name>
         <value>0xd11e</value>
         <object_component_ref idref="oc-bf"/>
      </symbol>
      <symbol id="sm-7ae">
         <name>__mspabi_func_epilog_7</name>
         <value>0xd11c</value>
         <object_component_ref idref="oc-bf"/>
      </symbol>
      <symbol id="sm-7af">
         <name>__mspabi_func_epilog_4</name>
         <value>0xd122</value>
         <object_component_ref idref="oc-bf"/>
      </symbol>
      <symbol id="sm-7b0">
         <name>__mspabi_func_epilog_5</name>
         <value>0xd120</value>
         <object_component_ref idref="oc-bf"/>
      </symbol>
      <symbol id="sm-7b3">
         <name>__TI_int00</name>
         <value>0xffe0</value>
         <object_component_ref idref="oc-40"/>
      </symbol>
      <symbol id="sm-7b6">
         <name>__TI_int02</name>
         <value>0xffe4</value>
         <object_component_ref idref="oc-41"/>
      </symbol>
      <symbol id="sm-7b9">
         <name>__TI_int03</name>
         <value>0xffe6</value>
         <object_component_ref idref="oc-42"/>
      </symbol>
      <symbol id="sm-7bc">
         <name>__TI_int05</name>
         <value>0xffea</value>
         <object_component_ref idref="oc-43"/>
      </symbol>
      <symbol id="sm-7bf">
         <name>__TI_int06</name>
         <value>0xffec</value>
         <object_component_ref idref="oc-44"/>
      </symbol>
      <symbol id="sm-7c2">
         <name>__TI_int07</name>
         <value>0xffee</value>
         <object_component_ref idref="oc-45"/>
      </symbol>
      <symbol id="sm-7c5">
         <name>__TI_int08</name>
         <value>0xfff0</value>
         <object_component_ref idref="oc-46"/>
      </symbol>
      <symbol id="sm-7c8">
         <name>__TI_int09</name>
         <value>0xfff2</value>
         <object_component_ref idref="oc-47"/>
      </symbol>
      <symbol id="sm-7cb">
         <name>__TI_int11</name>
         <value>0xfff6</value>
         <object_component_ref idref="oc-49"/>
      </symbol>
      <symbol id="sm-7ce">
         <name>__TI_int12</name>
         <value>0xfff8</value>
         <object_component_ref idref="oc-4a"/>
      </symbol>
      <symbol id="sm-7d1">
         <name>__TI_int13</name>
         <value>0xfffa</value>
         <object_component_ref idref="oc-4b"/>
      </symbol>
      <symbol id="sm-7d4">
         <name>__TI_int14</name>
         <value>0xfffc</value>
         <object_component_ref idref="oc-4c"/>
      </symbol>
      <symbol id="sm-7dc">
         <name>__TI_ISR_TRAP</name>
         <value>0xd154</value>
         <object_component_ref idref="oc-dc"/>
      </symbol>
      <symbol id="sm-7e4">
         <name>__mspabi_srli_8</name>
         <value>0xceec</value>
         <object_component_ref idref="oc-ba"/>
      </symbol>
      <symbol id="sm-7e5">
         <name>__mspabi_srli_9</name>
         <value>0xcee8</value>
         <object_component_ref idref="oc-ba"/>
      </symbol>
      <symbol id="sm-7e6">
         <name>__mspabi_srli_6</name>
         <value>0xcef4</value>
         <object_component_ref idref="oc-ba"/>
      </symbol>
      <symbol id="sm-7e7">
         <name>__mspabi_srli_7</name>
         <value>0xcef0</value>
         <object_component_ref idref="oc-ba"/>
      </symbol>
      <symbol id="sm-7e8">
         <name>__mspabi_srli_4</name>
         <value>0xcefc</value>
         <object_component_ref idref="oc-ba"/>
      </symbol>
      <symbol id="sm-7e9">
         <name>__mspabi_srli_5</name>
         <value>0xcef8</value>
         <object_component_ref idref="oc-ba"/>
      </symbol>
      <symbol id="sm-7ea">
         <name>__mspabi_srli_2</name>
         <value>0xcf04</value>
         <object_component_ref idref="oc-ba"/>
      </symbol>
      <symbol id="sm-7eb">
         <name>__mspabi_srli_3</name>
         <value>0xcf00</value>
         <object_component_ref idref="oc-ba"/>
      </symbol>
      <symbol id="sm-7ec">
         <name>__mspabi_srli_1</name>
         <value>0xcf08</value>
         <object_component_ref idref="oc-ba"/>
      </symbol>
      <symbol id="sm-7ed">
         <name>__mspabi_srli</name>
         <value>0xcec2</value>
         <object_component_ref idref="oc-ba"/>
      </symbol>
      <symbol id="sm-7ee">
         <name>__mspabi_srli_15</name>
         <value>0xced0</value>
         <object_component_ref idref="oc-ba"/>
      </symbol>
      <symbol id="sm-7ef">
         <name>__mspabi_srli_14</name>
         <value>0xced4</value>
         <object_component_ref idref="oc-ba"/>
      </symbol>
      <symbol id="sm-7f0">
         <name>__mspabi_srli_13</name>
         <value>0xced8</value>
         <object_component_ref idref="oc-ba"/>
      </symbol>
      <symbol id="sm-7f1">
         <name>__mspabi_srli_12</name>
         <value>0xcedc</value>
         <object_component_ref idref="oc-ba"/>
      </symbol>
      <symbol id="sm-7f2">
         <name>__mspabi_srli_11</name>
         <value>0xcee0</value>
         <object_component_ref idref="oc-ba"/>
      </symbol>
      <symbol id="sm-7f3">
         <name>__mspabi_srli_10</name>
         <value>0xcee4</value>
         <object_component_ref idref="oc-ba"/>
      </symbol>
      <symbol id="sm-803">
         <name>_stack</name>
         <value>0x3b0</value>
         <object_component_ref idref="oc-b1"/>
      </symbol>
      <symbol id="sm-804">
         <name>_c_int00_noargs</name>
         <value>0xd074</value>
         <object_component_ref idref="oc-f9"/>
      </symbol>
      <symbol id="sm-805">
         <name>_reset_vector</name>
         <value>0xfffe</value>
         <object_component_ref idref="oc-b4"/>
      </symbol>
      <symbol id="sm-827">
         <name>__TI_auto_init_nobinit_nopinit</name>
         <value>0xcf56</value>
         <object_component_ref idref="oc-1ba"/>
      </symbol>
      <symbol id="sm-83f">
         <name>__TI_zero_init_nomemset</name>
         <value>0xd0c0</value>
         <object_component_ref idref="oc-e7"/>
      </symbol>
      <symbol id="sm-84a">
         <name>_system_pre_init</name>
         <value>0xd16e</value>
         <object_component_ref idref="oc-14c"/>
      </symbol>
      <symbol id="sm-853">
         <name>_system_post_cinit</name>
         <value>0xd172</value>
         <object_component_ref idref="oc-54d"/>
      </symbol>
      <symbol id="sm-869">
         <name>__TI_decompress_none</name>
         <value>0xd0d4</value>
         <object_component_ref idref="oc-3a"/>
      </symbol>
      <symbol id="sm-88c">
         <name>__TI_decompress_lzss</name>
         <value>0xcd6e</value>
         <object_component_ref idref="oc-34"/>
      </symbol>
      <symbol id="sm-896">
         <name>C$$EXIT</name>
         <value>0xd168</value>
         <object_component_ref idref="oc-1ae"/>
      </symbol>
      <symbol id="sm-897">
         <name>abort</name>
         <value>0xd168</value>
         <object_component_ref idref="oc-1ae"/>
      </symbol>
      <symbol id="sm-8a7">
         <name>memcpy</name>
         <value>0xd0e6</value>
         <object_component_ref idref="oc-cf"/>
      </symbol>
      <symbol id="sm-8af">
         <name>__mspabi_slli</name>
         <value>0xcffe</value>
         <object_component_ref idref="oc-b5"/>
      </symbol>
      <symbol id="sm-8b0">
         <name>__mspabi_slli_9</name>
         <value>0xd016</value>
         <object_component_ref idref="oc-b5"/>
      </symbol>
      <symbol id="sm-8b1">
         <name>__mspabi_slli_8</name>
         <value>0xd018</value>
         <object_component_ref idref="oc-b5"/>
      </symbol>
      <symbol id="sm-8b2">
         <name>__mspabi_slli_7</name>
         <value>0xd01a</value>
         <object_component_ref idref="oc-b5"/>
      </symbol>
      <symbol id="sm-8b3">
         <name>__mspabi_slli_6</name>
         <value>0xd01c</value>
         <object_component_ref idref="oc-b5"/>
      </symbol>
      <symbol id="sm-8b4">
         <name>__mspabi_slli_5</name>
         <value>0xd01e</value>
         <object_component_ref idref="oc-b5"/>
      </symbol>
      <symbol id="sm-8b5">
         <name>__mspabi_slli_4</name>
         <value>0xd020</value>
         <object_component_ref idref="oc-b5"/>
      </symbol>
      <symbol id="sm-8b6">
         <name>__mspabi_slli_3</name>
         <value>0xd022</value>
         <object_component_ref idref="oc-b5"/>
      </symbol>
      <symbol id="sm-8b7">
         <name>__mspabi_slli_2</name>
         <value>0xd024</value>
         <object_component_ref idref="oc-b5"/>
      </symbol>
      <symbol id="sm-8b8">
         <name>__mspabi_slli_1</name>
         <value>0xd026</value>
         <object_component_ref idref="oc-b5"/>
      </symbol>
      <symbol id="sm-8b9">
         <name>__mspabi_slli_15</name>
         <value>0xd00a</value>
         <object_component_ref idref="oc-b5"/>
      </symbol>
      <symbol id="sm-8ba">
         <name>__mspabi_slli_14</name>
         <value>0xd00c</value>
         <object_component_ref idref="oc-b5"/>
      </symbol>
      <symbol id="sm-8bb">
         <name>__mspabi_slli_13</name>
         <value>0xd00e</value>
         <object_component_ref idref="oc-b5"/>
      </symbol>
      <symbol id="sm-8bc">
         <name>__mspabi_slli_12</name>
         <value>0xd010</value>
         <object_component_ref idref="oc-b5"/>
      </symbol>
      <symbol id="sm-8bd">
         <name>__mspabi_slli_11</name>
         <value>0xd012</value>
         <object_component_ref idref="oc-b5"/>
      </symbol>
      <symbol id="sm-8be">
         <name>__mspabi_slli_10</name>
         <value>0xd014</value>
         <object_component_ref idref="oc-b5"/>
      </symbol>
      <symbol id="sm-8c3">
         <name>Set_Font</name>
         <value>0xd162</value>
      </symbol>
      <symbol id="sm-8c4">
         <name>Put_Char</name>
         <value>0xcb7e</value>
      </symbol>
      <symbol id="sm-8c5">
         <name>Put_graphic</name>
         <value>0xccea</value>
      </symbol>
   </symbol_table>
   <title>Link successful</title>
</link_info>
