******************************************************************************
                  MSP430 Linker PC v21.6.1                     
******************************************************************************
>> Linked Wed Jul 16 16:27:09 2025

OUTPUT FILE NAME:   <gfxEmbed.out>
ENTRY POINT SYMBOL: "_c_int00_noargs"  address: 0000cd54


MEMORY CONFIGURATION

         name            origin    length      used     unused   attr    fill
----------------------  --------  ---------  --------  --------  ----  --------
  SFR                   00000000   00000010  00000000  00000010  RWIX
  PERIPHERALS_8BIT      00000010   000000f0  00000000  000000f0  RWIX
  PERIPHERALS_16BIT     00000100   00000100  00000000  00000100  RWIX
  RAM                   00000200   00000200  00000061  0000019f  RWIX
  INFOD                 00001000   00000040  00000000  00000040  RWIX
  INFOC                 00001040   00000040  00000000  00000040  RWIX
  INFOB                 00001080   00000040  00000000  00000040  RWIX
  INFOA                 000010c0   00000040  00000000  00000040  RWIX
  FLASH                 0000c000   00003fde  00000e68  00003176  RWIX
  BSLSIGNATURE          0000ffde   00000002  00000002  00000000  RWIX  ffff 
  INT00                 0000ffe0   00000002  00000002  00000000  RWIX
  INT01                 0000ffe2   00000002  00000000  00000002  RWIX
  INT02                 0000ffe4   00000002  00000002  00000000  RWIX
  INT03                 0000ffe6   00000002  00000002  00000000  RWIX
  INT04                 0000ffe8   00000002  00000000  00000002  RWIX
  INT05                 0000ffea   00000002  00000002  00000000  RWIX
  INT06                 0000ffec   00000002  00000002  00000000  RWIX
  INT07                 0000ffee   00000002  00000002  00000000  RWIX
  INT08                 0000fff0   00000002  00000002  00000000  RWIX
  INT09                 0000fff2   00000002  00000002  00000000  RWIX
  INT10                 0000fff4   00000002  00000002  00000000  RWIX
  INT11                 0000fff6   00000002  00000002  00000000  RWIX
  INT12                 0000fff8   00000002  00000002  00000000  RWIX
  INT13                 0000fffa   00000002  00000002  00000000  RWIX
  INT14                 0000fffc   00000002  00000002  00000000  RWIX
  RESET                 0000fffe   00000002  00000002  00000000  RWIX


SECTION ALLOCATION MAP

 output                                  attributes/
section   page    origin      length       input sections
--------  ----  ----------  ----------   ----------------
.data      0    00000200    00000009     UNINITIALIZED
                  00000200    00000009     nt75451.obj (.data)

.bss       0    0000020a    00000008     UNINITIALIZED
                  0000020a    00000002     (.common:TIMERCOUNT)
                  0000020c    00000002     (.common:TIME_MEASURE)
                  0000020e    00000002     (.common:font_data_ptr)
                  00000210    00000001     (.common:Inverted)
                  00000211    00000001     (.common:masking)

.stack     0    000003b0    00000050     UNINITIALIZED
                  000003b0    00000002     rts430_eabi.lib : boot.c.obj (.stack)
                  000003b2    0000004e     --HOLE--

.const     0    0000c000    000008fe     
                  0000c000    00000200     main.obj (.const:Hitachi)
                  0000c200    0000001e     main.obj (.const:.string:h5x7_14)
                  0000c21e    0000001e     main.obj (.const:.string:h5x7_15)
                  0000c23c    0000001e     main.obj (.const:.string:h5x7_16)
                  0000c25a    0000001e     main.obj (.const:.string:h5x7_17)
                  0000c278    0000001e     main.obj (.const:.string:h5x7_20)
                  0000c296    0000001e     main.obj (.const:.string:h5x7_21)
                  0000c2b4    0000001e     main.obj (.const:.string:h5x7_22)
                  0000c2d2    00000014     main.obj (.const:.string:h5x7_06)
                  0000c2e6    00000013     main.obj (.const:.string:h5x7_03)
                  0000c2f9    00000001     --HOLE-- [fill = 0]
                  0000c2fa    00000013     main.obj (.const:.string:h5x7_13)
                  0000c30d    00000001     --HOLE-- [fill = 0]
                  0000c30e    0000000f     main.obj (.const:.string:h5x7_08)
                  0000c31d    00000001     --HOLE-- [fill = 0]
                  0000c31e    0000000d     main.obj (.const:.string:h5x7_04)
                  0000c32b    00000001     --HOLE-- [fill = 0]
                  0000c32c    0000000b     main.obj (.const:.string:h5x7_05)
                  0000c337    00000001     --HOLE-- [fill = 0]
                  0000c338    00000009     main.obj (.const:.string:h5x7_18)
                  0000c341    00000001     --HOLE-- [fill = 0]
                  0000c342    00000009     main.obj (.const:.string:h5x7_19)
                  0000c34b    00000001     --HOLE-- [fill = 0]
                  0000c34c    00000008     main.obj (.const:.string:h5x7_02)
                  0000c354    00000008     main.obj (.const:.string:h5x7_07)
                  0000c35c    00000008     main.obj (.const:.string:h5x7_09)
                  0000c364    00000008     main.obj (.const:.string:h5x7_10)
                  0000c36c    00000008     main.obj (.const:.string:h5x7_11)
                  0000c374    00000008     main.obj (.const:.string:h5x7_12)
                  0000c37c    00000006     main.obj (.const:.string:h5x7_00)
                  0000c382    00000006     main.obj (.const:.string:h5x7_01)
                  0000c388    00000006     main.obj (.const:.string:h5x7_100)
                  0000c38e    00000006     main.obj (.const:.string:h5x7_101)
                  0000c394    00000006     main.obj (.const:.string:h5x7_102)
                  0000c39a    00000006     main.obj (.const:.string:h5x7_103)
                  0000c3a0    00000006     main.obj (.const:.string:h5x7_104)
                  0000c3a6    00000006     main.obj (.const:.string:h5x7_105)
                  0000c3ac    00000006     main.obj (.const:.string:h5x7_106)
                  0000c3b2    00000006     main.obj (.const:.string:h5x7_107)
                  0000c3b8    00000006     main.obj (.const:.string:h5x7_108)
                  0000c3be    00000006     main.obj (.const:.string:h5x7_109)
                  0000c3c4    00000006     main.obj (.const:.string:h5x7_110)
                  0000c3ca    00000006     main.obj (.const:.string:h5x7_111)
                  0000c3d0    00000006     main.obj (.const:.string:h5x7_112)
                  0000c3d6    00000006     main.obj (.const:.string:h5x7_113)
                  0000c3dc    00000006     main.obj (.const:.string:h5x7_114)
                  0000c3e2    00000006     main.obj (.const:.string:h5x7_115)
                  0000c3e8    00000006     main.obj (.const:.string:h5x7_116)
                  0000c3ee    00000006     main.obj (.const:.string:h5x7_117)
                  0000c3f4    00000006     main.obj (.const:.string:h5x7_118)
                  0000c3fa    00000006     main.obj (.const:.string:h5x7_119)
                  0000c400    00000006     main.obj (.const:.string:h5x7_120)
                  0000c406    00000006     main.obj (.const:.string:h5x7_121)
                  0000c40c    00000006     main.obj (.const:.string:h5x7_122)
                  0000c412    00000006     main.obj (.const:.string:h5x7_123)
                  0000c418    00000006     main.obj (.const:.string:h5x7_124)
                  0000c41e    00000006     main.obj (.const:.string:h5x7_125)
                  0000c424    00000006     main.obj (.const:.string:h5x7_126)
                  0000c42a    00000006     main.obj (.const:.string:h5x7_127)
                  0000c430    00000006     main.obj (.const:.string:h5x7_128)
                  0000c436    00000006     main.obj (.const:.string:h5x7_129)
                  0000c43c    00000006     main.obj (.const:.string:h5x7_130)
                  0000c442    00000006     main.obj (.const:.string:h5x7_131)
                  0000c448    00000006     main.obj (.const:.string:h5x7_132)
                  0000c44e    00000006     main.obj (.const:.string:h5x7_133)
                  0000c454    00000006     main.obj (.const:.string:h5x7_134)
                  0000c45a    00000006     main.obj (.const:.string:h5x7_135)
                  0000c460    00000006     main.obj (.const:.string:h5x7_136)
                  0000c466    00000006     main.obj (.const:.string:h5x7_137)
                  0000c46c    00000006     main.obj (.const:.string:h5x7_138)
                  0000c472    00000006     main.obj (.const:.string:h5x7_139)
                  0000c478    00000006     main.obj (.const:.string:h5x7_140)
                  0000c47e    00000006     main.obj (.const:.string:h5x7_141)
                  0000c484    00000006     main.obj (.const:.string:h5x7_142)
                  0000c48a    00000006     main.obj (.const:.string:h5x7_143)
                  0000c490    00000006     main.obj (.const:.string:h5x7_144)
                  0000c496    00000006     main.obj (.const:.string:h5x7_145)
                  0000c49c    00000006     main.obj (.const:.string:h5x7_146)
                  0000c4a2    00000006     main.obj (.const:.string:h5x7_147)
                  0000c4a8    00000006     main.obj (.const:.string:h5x7_148)
                  0000c4ae    00000006     main.obj (.const:.string:h5x7_149)
                  0000c4b4    00000006     main.obj (.const:.string:h5x7_150)
                  0000c4ba    00000006     main.obj (.const:.string:h5x7_151)
                  0000c4c0    00000006     main.obj (.const:.string:h5x7_152)
                  0000c4c6    00000006     main.obj (.const:.string:h5x7_153)
                  0000c4cc    00000006     main.obj (.const:.string:h5x7_154)
                  0000c4d2    00000006     main.obj (.const:.string:h5x7_155)
                  0000c4d8    00000006     main.obj (.const:.string:h5x7_156)
                  0000c4de    00000006     main.obj (.const:.string:h5x7_157)
                  0000c4e4    00000006     main.obj (.const:.string:h5x7_158)
                  0000c4ea    00000006     main.obj (.const:.string:h5x7_159)
                  0000c4f0    00000006     main.obj (.const:.string:h5x7_160)
                  0000c4f6    00000006     main.obj (.const:.string:h5x7_161)
                  0000c4fc    00000006     main.obj (.const:.string:h5x7_162)
                  0000c502    00000006     main.obj (.const:.string:h5x7_163)
                  0000c508    00000006     main.obj (.const:.string:h5x7_164)
                  0000c50e    00000006     main.obj (.const:.string:h5x7_165)
                  0000c514    00000006     main.obj (.const:.string:h5x7_166)
                  0000c51a    00000006     main.obj (.const:.string:h5x7_167)
                  0000c520    00000006     main.obj (.const:.string:h5x7_168)
                  0000c526    00000006     main.obj (.const:.string:h5x7_169)
                  0000c52c    00000006     main.obj (.const:.string:h5x7_170)
                  0000c532    00000006     main.obj (.const:.string:h5x7_171)
                  0000c538    00000006     main.obj (.const:.string:h5x7_172)
                  0000c53e    00000006     main.obj (.const:.string:h5x7_173)
                  0000c544    00000006     main.obj (.const:.string:h5x7_174)
                  0000c54a    00000006     main.obj (.const:.string:h5x7_175)
                  0000c550    00000006     main.obj (.const:.string:h5x7_176)
                  0000c556    00000006     main.obj (.const:.string:h5x7_177)
                  0000c55c    00000006     main.obj (.const:.string:h5x7_178)
                  0000c562    00000006     main.obj (.const:.string:h5x7_179)
                  0000c568    00000006     main.obj (.const:.string:h5x7_180)
                  0000c56e    00000006     main.obj (.const:.string:h5x7_181)
                  0000c574    00000006     main.obj (.const:.string:h5x7_182)
                  0000c57a    00000006     main.obj (.const:.string:h5x7_183)
                  0000c580    00000006     main.obj (.const:.string:h5x7_184)
                  0000c586    00000006     main.obj (.const:.string:h5x7_185)
                  0000c58c    00000006     main.obj (.const:.string:h5x7_186)
                  0000c592    00000006     main.obj (.const:.string:h5x7_187)
                  0000c598    00000006     main.obj (.const:.string:h5x7_188)
                  0000c59e    00000006     main.obj (.const:.string:h5x7_189)
                  0000c5a4    00000006     main.obj (.const:.string:h5x7_190)
                  0000c5aa    00000006     main.obj (.const:.string:h5x7_191)
                  0000c5b0    00000006     main.obj (.const:.string:h5x7_192)
                  0000c5b6    00000006     main.obj (.const:.string:h5x7_193)
                  0000c5bc    00000006     main.obj (.const:.string:h5x7_194)
                  0000c5c2    00000006     main.obj (.const:.string:h5x7_195)
                  0000c5c8    00000006     main.obj (.const:.string:h5x7_196)
                  0000c5ce    00000006     main.obj (.const:.string:h5x7_197)
                  0000c5d4    00000006     main.obj (.const:.string:h5x7_198)
                  0000c5da    00000006     main.obj (.const:.string:h5x7_199)
                  0000c5e0    00000006     main.obj (.const:.string:h5x7_200)
                  0000c5e6    00000006     main.obj (.const:.string:h5x7_201)
                  0000c5ec    00000006     main.obj (.const:.string:h5x7_202)
                  0000c5f2    00000006     main.obj (.const:.string:h5x7_203)
                  0000c5f8    00000006     main.obj (.const:.string:h5x7_204)
                  0000c5fe    00000006     main.obj (.const:.string:h5x7_205)
                  0000c604    00000006     main.obj (.const:.string:h5x7_206)
                  0000c60a    00000006     main.obj (.const:.string:h5x7_207)
                  0000c610    00000006     main.obj (.const:.string:h5x7_208)
                  0000c616    00000006     main.obj (.const:.string:h5x7_209)
                  0000c61c    00000006     main.obj (.const:.string:h5x7_210)
                  0000c622    00000006     main.obj (.const:.string:h5x7_211)
                  0000c628    00000006     main.obj (.const:.string:h5x7_212)
                  0000c62e    00000006     main.obj (.const:.string:h5x7_213)
                  0000c634    00000006     main.obj (.const:.string:h5x7_214)
                  0000c63a    00000006     main.obj (.const:.string:h5x7_215)
                  0000c640    00000006     main.obj (.const:.string:h5x7_216)
                  0000c646    00000006     main.obj (.const:.string:h5x7_217)
                  0000c64c    00000006     main.obj (.const:.string:h5x7_218)
                  0000c652    00000006     main.obj (.const:.string:h5x7_219)
                  0000c658    00000006     main.obj (.const:.string:h5x7_220)
                  0000c65e    00000006     main.obj (.const:.string:h5x7_221)
                  0000c664    00000006     main.obj (.const:.string:h5x7_222)
                  0000c66a    00000006     main.obj (.const:.string:h5x7_223)
                  0000c670    00000006     main.obj (.const:.string:h5x7_224)
                  0000c676    00000006     main.obj (.const:.string:h5x7_225)
                  0000c67c    00000006     main.obj (.const:.string:h5x7_226)
                  0000c682    00000006     main.obj (.const:.string:h5x7_227)
                  0000c688    00000006     main.obj (.const:.string:h5x7_228)
                  0000c68e    00000006     main.obj (.const:.string:h5x7_229)
                  0000c694    00000006     main.obj (.const:.string:h5x7_230)
                  0000c69a    00000006     main.obj (.const:.string:h5x7_231)
                  0000c6a0    00000006     main.obj (.const:.string:h5x7_232)
                  0000c6a6    00000006     main.obj (.const:.string:h5x7_233)
                  0000c6ac    00000006     main.obj (.const:.string:h5x7_234)
                  0000c6b2    00000006     main.obj (.const:.string:h5x7_235)
                  0000c6b8    00000006     main.obj (.const:.string:h5x7_236)
                  0000c6be    00000006     main.obj (.const:.string:h5x7_237)
                  0000c6c4    00000006     main.obj (.const:.string:h5x7_238)
                  0000c6ca    00000006     main.obj (.const:.string:h5x7_239)
                  0000c6d0    00000006     main.obj (.const:.string:h5x7_23)
                  0000c6d6    00000006     main.obj (.const:.string:h5x7_240)
                  0000c6dc    00000006     main.obj (.const:.string:h5x7_241)
                  0000c6e2    00000006     main.obj (.const:.string:h5x7_242)
                  0000c6e8    00000006     main.obj (.const:.string:h5x7_243)
                  0000c6ee    00000006     main.obj (.const:.string:h5x7_244)
                  0000c6f4    00000006     main.obj (.const:.string:h5x7_245)
                  0000c6fa    00000006     main.obj (.const:.string:h5x7_246)
                  0000c700    00000006     main.obj (.const:.string:h5x7_247)
                  0000c706    00000006     main.obj (.const:.string:h5x7_248)
                  0000c70c    00000006     main.obj (.const:.string:h5x7_249)
                  0000c712    00000006     main.obj (.const:.string:h5x7_24)
                  0000c718    00000006     main.obj (.const:.string:h5x7_250)
                  0000c71e    00000006     main.obj (.const:.string:h5x7_251)
                  0000c724    00000006     main.obj (.const:.string:h5x7_252)
                  0000c72a    00000006     main.obj (.const:.string:h5x7_253)
                  0000c730    00000006     main.obj (.const:.string:h5x7_254)
                  0000c736    00000006     main.obj (.const:.string:h5x7_255)
                  0000c73c    00000006     main.obj (.const:.string:h5x7_25)
                  0000c742    00000006     main.obj (.const:.string:h5x7_26)
                  0000c748    00000006     main.obj (.const:.string:h5x7_27)
                  0000c74e    00000006     main.obj (.const:.string:h5x7_28)
                  0000c754    00000006     main.obj (.const:.string:h5x7_29)
                  0000c75a    00000006     main.obj (.const:.string:h5x7_30)
                  0000c760    00000006     main.obj (.const:.string:h5x7_31)
                  0000c766    00000006     main.obj (.const:.string:h5x7_32)
                  0000c76c    00000006     main.obj (.const:.string:h5x7_33)
                  0000c772    00000006     main.obj (.const:.string:h5x7_34)
                  0000c778    00000006     main.obj (.const:.string:h5x7_35)
                  0000c77e    00000006     main.obj (.const:.string:h5x7_36)
                  0000c784    00000006     main.obj (.const:.string:h5x7_37)
                  0000c78a    00000006     main.obj (.const:.string:h5x7_38)
                  0000c790    00000006     main.obj (.const:.string:h5x7_39)
                  0000c796    00000006     main.obj (.const:.string:h5x7_40)
                  0000c79c    00000006     main.obj (.const:.string:h5x7_41)
                  0000c7a2    00000006     main.obj (.const:.string:h5x7_42)
                  0000c7a8    00000006     main.obj (.const:.string:h5x7_43)
                  0000c7ae    00000006     main.obj (.const:.string:h5x7_44)
                  0000c7b4    00000006     main.obj (.const:.string:h5x7_45)
                  0000c7ba    00000006     main.obj (.const:.string:h5x7_46)
                  0000c7c0    00000006     main.obj (.const:.string:h5x7_47)
                  0000c7c6    00000006     main.obj (.const:.string:h5x7_48)
                  0000c7cc    00000006     main.obj (.const:.string:h5x7_49)
                  0000c7d2    00000006     main.obj (.const:.string:h5x7_50)
                  0000c7d8    00000006     main.obj (.const:.string:h5x7_51)
                  0000c7de    00000006     main.obj (.const:.string:h5x7_52)
                  0000c7e4    00000006     main.obj (.const:.string:h5x7_53)
                  0000c7ea    00000006     main.obj (.const:.string:h5x7_54)
                  0000c7f0    00000006     main.obj (.const:.string:h5x7_55)
                  0000c7f6    00000006     main.obj (.const:.string:h5x7_56)
                  0000c7fc    00000006     main.obj (.const:.string:h5x7_57)
                  0000c802    00000006     main.obj (.const:.string:h5x7_58)
                  0000c808    00000006     main.obj (.const:.string:h5x7_59)
                  0000c80e    00000006     main.obj (.const:.string:h5x7_60)
                  0000c814    00000006     main.obj (.const:.string:h5x7_61)
                  0000c81a    00000006     main.obj (.const:.string:h5x7_62)
                  0000c820    00000006     main.obj (.const:.string:h5x7_63)
                  0000c826    00000006     main.obj (.const:.string:h5x7_64)
                  0000c82c    00000006     main.obj (.const:.string:h5x7_65)
                  0000c832    00000006     main.obj (.const:.string:h5x7_66)
                  0000c838    00000006     main.obj (.const:.string:h5x7_67)
                  0000c83e    00000006     main.obj (.const:.string:h5x7_68)
                  0000c844    00000006     main.obj (.const:.string:h5x7_69)
                  0000c84a    00000006     main.obj (.const:.string:h5x7_70)
                  0000c850    00000006     main.obj (.const:.string:h5x7_71)
                  0000c856    00000006     main.obj (.const:.string:h5x7_72)
                  0000c85c    00000006     main.obj (.const:.string:h5x7_73)
                  0000c862    00000006     main.obj (.const:.string:h5x7_74)
                  0000c868    00000006     main.obj (.const:.string:h5x7_75)
                  0000c86e    00000006     main.obj (.const:.string:h5x7_76)
                  0000c874    00000006     main.obj (.const:.string:h5x7_77)
                  0000c87a    00000006     main.obj (.const:.string:h5x7_78)
                  0000c880    00000006     main.obj (.const:.string:h5x7_79)
                  0000c886    00000006     main.obj (.const:.string:h5x7_80)
                  0000c88c    00000006     main.obj (.const:.string:h5x7_81)
                  0000c892    00000006     main.obj (.const:.string:h5x7_82)
                  0000c898    00000006     main.obj (.const:.string:h5x7_83)
                  0000c89e    00000006     main.obj (.const:.string:h5x7_84)
                  0000c8a4    00000006     main.obj (.const:.string:h5x7_85)
                  0000c8aa    00000006     main.obj (.const:.string:h5x7_86)
                  0000c8b0    00000006     main.obj (.const:.string:h5x7_87)
                  0000c8b6    00000006     main.obj (.const:.string:h5x7_88)
                  0000c8bc    00000006     main.obj (.const:.string:h5x7_89)
                  0000c8c2    00000006     main.obj (.const:.string:h5x7_90)
                  0000c8c8    00000006     main.obj (.const:.string:h5x7_91)
                  0000c8ce    00000006     main.obj (.const:.string:h5x7_92)
                  0000c8d4    00000006     main.obj (.const:.string:h5x7_93)
                  0000c8da    00000006     main.obj (.const:.string:h5x7_94)
                  0000c8e0    00000006     main.obj (.const:.string:h5x7_95)
                  0000c8e6    00000006     main.obj (.const:.string:h5x7_96)
                  0000c8ec    00000006     main.obj (.const:.string:h5x7_97)
                  0000c8f2    00000006     main.obj (.const:.string:h5x7_98)
                  0000c8f8    00000006     main.obj (.const:.string:h5x7_99)

.text      0    0000c8fe    0000054c     
                  0000c8fe    000000ba     nt75451.obj (.text:PutChar)
                  0000c9b8    000000ac     main.obj (.text:main)
                  0000ca64    0000007c     rts430_eabi.lib : copy_decompress_lzss.c.obj (.text:decompress:lzss:__TI_decompress_lzss)
                  0000cae0    00000078     nt75451.obj (.text:ClearDisplay)
                  0000cb58    00000060     nt75451.obj (.text:InitDisplay)
                  0000cbb8    0000004c     rts430_eabi.lib : lsr16.asm.obj (.text)
                  0000cc04    00000042                     : autoinit.c.obj (.text:__TI_auto_init_nobinit_nopinit:__TI_auto_init_nobinit_nopinit)
                  0000cc46    00000042     nt75451.obj (.text:putPixels)
                  0000cc88    0000003a     nt75451.obj (.text:sendSPI)
                  0000ccc2    0000002c     rts430_eabi.lib : asr16.asm.obj (.text)
                  0000ccee    0000002c                     : lsl16.asm.obj (.text)
                  0000cd1a    0000001e     nt75451.obj (.text:setColumnAddress)
                  0000cd38    0000001c     nt75451.obj (.text:InitDriver)
                  0000cd54    0000001c     rts430_eabi.lib : boot.c.obj (.text:_c_int00_noargs)
                  0000cd70    0000001a     main.obj (.text:watchdog_timer)
                  0000cd8a    00000014     rts430_eabi.lib : copy_zero_init.c.obj (.text:decompress:ZI:__TI_zero_init_nomemset:__TI_zero_init_nomemset)
                  0000cd9e    00000012                     : copy_decompress_none.c.obj (.text:decompress:none:__TI_decompress_none)
                  0000cdb0    00000012                     : memcpy.c.obj (.text:memcpy)
                  0000cdc2    00000012     nt75451.obj (.text:sendSPICmd)
                  0000cdd4    00000012     nt75451.obj (.text:sendSPIData)
                  0000cde6    00000010     rts430_eabi.lib : epilog.asm.obj (.text)
                  0000cdf6    0000000e     timer.obj (.text:Delay)
                  0000ce04    0000000e     gfxEmbedLib.obj (.text:Init_gfx)
                  0000ce12    0000000e     nt75451.obj (.text:setPageAddress)
                  0000ce20    0000000a     timer.obj (.text:CallInISR)
                  0000ce2a    00000008     rts430_eabi.lib : isr_trap.asm.obj (.text:_isr:__TI_ISR_TRAP)
                  0000ce32    00000006     timer.obj (.text:InitTimerSystem)
                  0000ce38    00000006     nt75451.obj (.text:SetFont)
                  0000ce3e    00000006     rts430_eabi.lib : exit.c.obj (.text:abort)
                  0000ce44    00000004                     : pre_init.c.obj (.text:_system_pre_init)
                  0000ce48    00000002                     : startup.c.obj (.text:_system_post_cinit)

.cinit     0    0000ce4a    0000001e     
                  0000ce4a    0000000c     (.cinit..data.load) [load image, compression = lzss]
                  0000ce56    00000006     (__TI_handler_table)
                  0000ce5c    00000004     (.cinit..bss.load) [load image, compression = zero_init]
                  0000ce60    00000008     (__TI_cinit_table)

.binit     0    0000c000    00000000     

.init_array 
*          0    0000c000    00000000     UNINITIALIZED

TRAPINT    0    0000ffe0    00000002     
                  0000ffe0    00000002     rts430_eabi.lib : int00.asm.obj (.int00)

PORT1      0    0000ffe4    00000002     
                  0000ffe4    00000002     rts430_eabi.lib : int02.asm.obj (.int02)

PORT2      0    0000ffe6    00000002     
                  0000ffe6    00000002     rts430_eabi.lib : int03.asm.obj (.int03)

ADC10      0    0000ffea    00000002     
                  0000ffea    00000002     rts430_eabi.lib : int05.asm.obj (.int05)

USCIAB0TX 
*          0    0000ffec    00000002     
                  0000ffec    00000002     rts430_eabi.lib : int06.asm.obj (.int06)

USCIAB0RX 
*          0    0000ffee    00000002     
                  0000ffee    00000002     rts430_eabi.lib : int07.asm.obj (.int07)

TIMER0_A1 
*          0    0000fff0    00000002     
                  0000fff0    00000002     rts430_eabi.lib : int08.asm.obj (.int08)

TIMER0_A0 
*          0    0000fff2    00000002     
                  0000fff2    00000002     rts430_eabi.lib : int09.asm.obj (.int09)

WDT        0    0000fff4    00000002     
                  0000fff4    00000002     main.obj (.int10)

COMPARATORA 
*          0    0000fff6    00000002     
                  0000fff6    00000002     rts430_eabi.lib : int11.asm.obj (.int11)

TIMER1_A1 
*          0    0000fff8    00000002     
                  0000fff8    00000002     rts430_eabi.lib : int12.asm.obj (.int12)

TIMER1_A0 
*          0    0000fffa    00000002     
                  0000fffa    00000002     rts430_eabi.lib : int13.asm.obj (.int13)

NMI        0    0000fffc    00000002     
                  0000fffc    00000002     rts430_eabi.lib : int14.asm.obj (.int14)

.reset     0    0000fffe    00000002     
                  0000fffe    00000002     rts430_eabi.lib : boot.c.obj (.reset)

$fill000   0    0000ffde    00000002     
                  0000ffde    00000002     --HOLE-- [fill = ffff]

MODULE SUMMARY

       Module                       code   ro data   rw data
       ------                       ----   -------   -------
    .\
       main.obj                     198    2297      2      
       timer.obj                    30     0         2      
    +--+----------------------------+------+---------+---------+
       Total:                       228    2297      4      
                                                            
    .\gfxEmbedLib\
       gfxEmbedLib.obj              14     0         0      
    +--+----------------------------+------+---------+---------+
       Total:                       14     0         0      
                                                            
    .\gfxEmbedLib\Drivers\
       nt75451.obj                  640    0         13     
    +--+----------------------------+------+---------+---------+
       Total:                       640    0         13     
                                                            
    C:\ti\ccs2010\ccs\tools\compiler\ti-cgt-msp430_21.6.1.LTS\lib\rts430_eabi.lib
       copy_decompress_lzss.c.obj   124    0         0      
       lsr16.asm.obj                76     0         0      
       autoinit.c.obj               66     0         0      
       asr16.asm.obj                44     0         0      
       lsl16.asm.obj                44     0         0      
       boot.c.obj                   28     2         0      
       copy_zero_init.c.obj         20     0         0      
       copy_decompress_none.c.obj   18     0         0      
       memcpy.c.obj                 18     0         0      
       epilog.asm.obj               16     0         0      
       isr_trap.asm.obj             8      0         0      
       exit.c.obj                   6      0         0      
       pre_init.c.obj               4      0         0      
       int00.asm.obj                0      2         0      
       int02.asm.obj                0      2         0      
       int03.asm.obj                0      2         0      
       int05.asm.obj                0      2         0      
       int06.asm.obj                0      2         0      
       int07.asm.obj                0      2         0      
       int08.asm.obj                0      2         0      
       int09.asm.obj                0      2         0      
       int11.asm.obj                0      2         0      
       int12.asm.obj                0      2         0      
       int13.asm.obj                0      2         0      
       int14.asm.obj                0      2         0      
       startup.c.obj                2      0         0      
    +--+----------------------------+------+---------+---------+
       Total:                       474    26        0      
                                                            
       Stack:                       0      0         80     
       Linker Generated:            0      30        0      
    +--+----------------------------+------+---------+---------+
       Grand Total:                 1356   2353      97     


LINKER GENERATED COPY TABLES

__TI_cinit_table @ 0000ce60 records: 2, size/record: 4, table size: 8
	.data: load addr=0000ce4a, load size=0000000c bytes, run addr=00000200, run size=00000009 bytes, compression=lzss
	.bss: load addr=0000ce5c, load size=00000004 bytes, run addr=0000020a, run size=00000008 bytes, compression=zero_init


LINKER GENERATED HANDLER TABLE

__TI_handler_table @ 0000ce56 records: 3, size/record: 2, table size: 6
	index: 0, handler: __TI_zero_init
	index: 1, handler: __TI_decompress_lzss
	index: 2, handler: __TI_decompress_none


GLOBAL SYMBOLS: SORTED ALPHABETICALLY BY Name 

address   name                          
-------   ----                          
0000004a  ADC10AE0                      
000001b0  ADC10CTL0                     
000001b2  ADC10CTL1                     
00000048  ADC10DTC0                     
00000049  ADC10DTC1                     
000001b4  ADC10MEM                      
000001bc  ADC10SA                       
00000057  BCSCTL1                       
00000058  BCSCTL2                       
00000053  BCSCTL3                       
00000208  BaselineShift                 
0000ce3e  C$$EXIT                       
00000059  CACTL1                        
0000005a  CACTL2                        
000010fb  CALBC1_12MHZ                  
000010f9  CALBC1_16MHZ                  
000010ff  CALBC1_1MHZ                   
000010fd  CALBC1_8MHZ                   
000010fa  CALDCO_12MHZ                  
000010f8  CALDCO_16MHZ                  
000010fe  CALDCO_1MHZ                   
000010fc  CALDCO_8MHZ                   
0000005b  CAPD                          
0000ce20  CallInISR                     
0000cae0  ClearDisplay                  
0000cae0  Clear_Display                 
00000056  DCOCTL                        
0000cdf6  Delay                         
00000128  FCTL1                         
0000012a  FCTL2                         
0000012c  FCTL3                         
0000c000  Hitachi                       
00000000  IE1                           
00000001  IE2                           
00000002  IFG1                          
00000003  IFG2                          
0000cb58  InitDisplay                   
0000cd38  InitDriver                    
0000ce32  InitTimerSystem               
0000ce04  Init_gfx                      
00000210  Inverted                      
00000022  P1DIR                         
00000025  P1IE                          
00000024  P1IES                         
00000023  P1IFG                         
00000020  P1IN                          
00000021  P1OUT                         
00000027  P1REN                         
00000026  P1SEL                         
00000041  P1SEL2                        
0000002a  P2DIR                         
0000002d  P2IE                          
0000002c  P2IES                         
0000002b  P2IFG                         
00000028  P2IN                          
00000029  P2OUT                         
0000002f  P2REN                         
0000002e  P2SEL                         
00000042  P2SEL2                        
0000001a  P3DIR                         
00000018  P3IN                          
00000019  P3OUT                         
00000010  P3REN                         
0000001b  P3SEL                         
00000043  P3SEL2                        
0000c8fe  PutChar                       
0000c8fe  Put_Char                      
0000ce38  SetFont                       
0000ce38  Set_Font                      
00000172  TA0CCR0                       
00000174  TA0CCR1                       
00000176  TA0CCR2                       
00000162  TA0CCTL0                      
00000164  TA0CCTL1                      
00000166  TA0CCTL2                      
00000160  TA0CTL                        
0000012e  TA0IV                         
00000170  TA0R                          
00000192  TA1CCR0                       
00000194  TA1CCR1                       
00000196  TA1CCR2                       
00000182  TA1CCTL0                      
00000184  TA1CCTL1                      
00000186  TA1CCTL2                      
00000180  TA1CTL                        
0000011e  TA1IV                         
00000190  TA1R                          
0000020a  TIMERCOUNT                    
0000020c  TIME_MEASURE                  
000010db  TLV_ADC10_1_LEN               
000010da  TLV_ADC10_1_TAG               
000010c0  TLV_CHECKSUM                  
000010f7  TLV_DCO_30_LEN                
000010f6  TLV_DCO_30_TAG                
0000005d  UCA0ABCTL                     
00000062  UCA0BR0                       
00000063  UCA0BR1                       
00000060  UCA0CTL0                      
00000061  UCA0CTL1                      
0000005f  UCA0IRRCTL                    
0000005e  UCA0IRTCTL                    
00000064  UCA0MCTL                      
00000066  UCA0RXBUF                     
00000065  UCA0STAT                      
00000067  UCA0TXBUF                     
0000006a  UCB0BR0                       
0000006b  UCB0BR1                       
00000068  UCB0CTL0                      
00000069  UCB0CTL1                      
0000006c  UCB0I2CIE                     
00000118  UCB0I2COA                     
0000011a  UCB0I2CSA                     
0000006e  UCB0RXBUF                     
0000006d  UCB0STAT                      
0000006f  UCB0TXBUF                     
00000120  WDTCTL                        
00000400  __STACK_END                   
00000050  __STACK_SIZE                  
0000ce60  __TI_CINIT_Base               
0000ce68  __TI_CINIT_Limit              
0000ce68  __TI_CINIT_Warm               
0000ce56  __TI_Handler_Table_Base       
0000ce5c  __TI_Handler_Table_Limit      
0000ce2a  __TI_ISR_TRAP                 
0000cc04  __TI_auto_init_nobinit_nopinit
0000ca64  __TI_decompress_lzss          
0000cd9e  __TI_decompress_none          
0000ffe0  __TI_int00                    
0000ffe4  __TI_int02                    
0000ffe6  __TI_int03                    
0000ffea  __TI_int05                    
0000ffec  __TI_int06                    
0000ffee  __TI_int07                    
0000fff0  __TI_int08                    
0000fff2  __TI_int09                    
0000fff4  __TI_int10                    
0000fff6  __TI_int11                    
0000fff8  __TI_int12                    
0000fffa  __TI_int13                    
0000fffc  __TI_int14                    
ffffffff  __TI_pprof_out_hndl           
ffffffff  __TI_prof_data_size           
ffffffff  __TI_prof_data_start          
0000cd8a  __TI_zero_init_nomemset       
ffffffff  __c_args__                    
0000cdf2  __mspabi_func_epilog_1        
0000cdf0  __mspabi_func_epilog_2        
0000cdee  __mspabi_func_epilog_3        
0000cdec  __mspabi_func_epilog_4        
0000cdea  __mspabi_func_epilog_5        
0000cde8  __mspabi_func_epilog_6        
0000cde6  __mspabi_func_epilog_7        
0000ccee  __mspabi_slli                 
0000cd16  __mspabi_slli_1               
0000cd04  __mspabi_slli_10              
0000cd02  __mspabi_slli_11              
0000cd00  __mspabi_slli_12              
0000ccfe  __mspabi_slli_13              
0000ccfc  __mspabi_slli_14              
0000ccfa  __mspabi_slli_15              
0000cd14  __mspabi_slli_2               
0000cd12  __mspabi_slli_3               
0000cd10  __mspabi_slli_4               
0000cd0e  __mspabi_slli_5               
0000cd0c  __mspabi_slli_6               
0000cd0a  __mspabi_slli_7               
0000cd08  __mspabi_slli_8               
0000cd06  __mspabi_slli_9               
0000ccc2  __mspabi_srai                 
0000ccea  __mspabi_srai_1               
0000ccd8  __mspabi_srai_10              
0000ccd6  __mspabi_srai_11              
0000ccd4  __mspabi_srai_12              
0000ccd2  __mspabi_srai_13              
0000ccd0  __mspabi_srai_14              
0000ccce  __mspabi_srai_15              
0000cce8  __mspabi_srai_2               
0000cce6  __mspabi_srai_3               
0000cce4  __mspabi_srai_4               
0000cce2  __mspabi_srai_5               
0000cce0  __mspabi_srai_6               
0000ccde  __mspabi_srai_7               
0000ccdc  __mspabi_srai_8               
0000ccda  __mspabi_srai_9               
0000cbb8  __mspabi_srli                 
0000cbfe  __mspabi_srli_1               
0000cbda  __mspabi_srli_10              
0000cbd6  __mspabi_srli_11              
0000cbd2  __mspabi_srli_12              
0000cbce  __mspabi_srli_13              
0000cbca  __mspabi_srli_14              
0000cbc6  __mspabi_srli_15              
0000cbfa  __mspabi_srli_2               
0000cbf6  __mspabi_srli_3               
0000cbf2  __mspabi_srli_4               
0000cbee  __mspabi_srli_5               
0000cbea  __mspabi_srli_6               
0000cbe6  __mspabi_srli_7               
0000cbe2  __mspabi_srli_8               
0000cbde  __mspabi_srli_9               
0000cd54  _c_int00_noargs               
0000fffe  _reset_vector                 
000003b0  _stack                        
0000ce48  _system_post_cinit            
0000ce44  _system_pre_init              
0000ce3e  abort                         
00000200  column                        
00000206  debug_var                     
00000207  debug_var_2                   
00000202  display_x_size                
00000204  display_y_size                
0000020e  font_data_ptr                 
0000c37c  h5x7_00                       
0000c382  h5x7_01                       
0000c34c  h5x7_02                       
0000c2e6  h5x7_03                       
0000c31e  h5x7_04                       
0000c32c  h5x7_05                       
0000c2d2  h5x7_06                       
0000c354  h5x7_07                       
0000c30e  h5x7_08                       
0000c35c  h5x7_09                       
0000c364  h5x7_10                       
0000c388  h5x7_100                      
0000c38e  h5x7_101                      
0000c394  h5x7_102                      
0000c39a  h5x7_103                      
0000c3a0  h5x7_104                      
0000c3a6  h5x7_105                      
0000c3ac  h5x7_106                      
0000c3b2  h5x7_107                      
0000c3b8  h5x7_108                      
0000c3be  h5x7_109                      
0000c36c  h5x7_11                       
0000c3c4  h5x7_110                      
0000c3ca  h5x7_111                      
0000c3d0  h5x7_112                      
0000c3d6  h5x7_113                      
0000c3dc  h5x7_114                      
0000c3e2  h5x7_115                      
0000c3e8  h5x7_116                      
0000c3ee  h5x7_117                      
0000c3f4  h5x7_118                      
0000c3fa  h5x7_119                      
0000c374  h5x7_12                       
0000c400  h5x7_120                      
0000c406  h5x7_121                      
0000c40c  h5x7_122                      
0000c412  h5x7_123                      
0000c418  h5x7_124                      
0000c41e  h5x7_125                      
0000c424  h5x7_126                      
0000c42a  h5x7_127                      
0000c430  h5x7_128                      
0000c436  h5x7_129                      
0000c2fa  h5x7_13                       
0000c43c  h5x7_130                      
0000c442  h5x7_131                      
0000c448  h5x7_132                      
0000c44e  h5x7_133                      
0000c454  h5x7_134                      
0000c45a  h5x7_135                      
0000c460  h5x7_136                      
0000c466  h5x7_137                      
0000c46c  h5x7_138                      
0000c472  h5x7_139                      
0000c200  h5x7_14                       
0000c478  h5x7_140                      
0000c47e  h5x7_141                      
0000c484  h5x7_142                      
0000c48a  h5x7_143                      
0000c490  h5x7_144                      
0000c496  h5x7_145                      
0000c49c  h5x7_146                      
0000c4a2  h5x7_147                      
0000c4a8  h5x7_148                      
0000c4ae  h5x7_149                      
0000c21e  h5x7_15                       
0000c4b4  h5x7_150                      
0000c4ba  h5x7_151                      
0000c4c0  h5x7_152                      
0000c4c6  h5x7_153                      
0000c4cc  h5x7_154                      
0000c4d2  h5x7_155                      
0000c4d8  h5x7_156                      
0000c4de  h5x7_157                      
0000c4e4  h5x7_158                      
0000c4ea  h5x7_159                      
0000c23c  h5x7_16                       
0000c4f0  h5x7_160                      
0000c4f6  h5x7_161                      
0000c4fc  h5x7_162                      
0000c502  h5x7_163                      
0000c508  h5x7_164                      
0000c50e  h5x7_165                      
0000c514  h5x7_166                      
0000c51a  h5x7_167                      
0000c520  h5x7_168                      
0000c526  h5x7_169                      
0000c25a  h5x7_17                       
0000c52c  h5x7_170                      
0000c532  h5x7_171                      
0000c538  h5x7_172                      
0000c53e  h5x7_173                      
0000c544  h5x7_174                      
0000c54a  h5x7_175                      
0000c550  h5x7_176                      
0000c556  h5x7_177                      
0000c55c  h5x7_178                      
0000c562  h5x7_179                      
0000c338  h5x7_18                       
0000c568  h5x7_180                      
0000c56e  h5x7_181                      
0000c574  h5x7_182                      
0000c57a  h5x7_183                      
0000c580  h5x7_184                      
0000c586  h5x7_185                      
0000c58c  h5x7_186                      
0000c592  h5x7_187                      
0000c598  h5x7_188                      
0000c59e  h5x7_189                      
0000c342  h5x7_19                       
0000c5a4  h5x7_190                      
0000c5aa  h5x7_191                      
0000c5b0  h5x7_192                      
0000c5b6  h5x7_193                      
0000c5bc  h5x7_194                      
0000c5c2  h5x7_195                      
0000c5c8  h5x7_196                      
0000c5ce  h5x7_197                      
0000c5d4  h5x7_198                      
0000c5da  h5x7_199                      
0000c278  h5x7_20                       
0000c5e0  h5x7_200                      
0000c5e6  h5x7_201                      
0000c5ec  h5x7_202                      
0000c5f2  h5x7_203                      
0000c5f8  h5x7_204                      
0000c5fe  h5x7_205                      
0000c604  h5x7_206                      
0000c60a  h5x7_207                      
0000c610  h5x7_208                      
0000c616  h5x7_209                      
0000c296  h5x7_21                       
0000c61c  h5x7_210                      
0000c622  h5x7_211                      
0000c628  h5x7_212                      
0000c62e  h5x7_213                      
0000c634  h5x7_214                      
0000c63a  h5x7_215                      
0000c640  h5x7_216                      
0000c646  h5x7_217                      
0000c64c  h5x7_218                      
0000c652  h5x7_219                      
0000c2b4  h5x7_22                       
0000c658  h5x7_220                      
0000c65e  h5x7_221                      
0000c664  h5x7_222                      
0000c66a  h5x7_223                      
0000c670  h5x7_224                      
0000c676  h5x7_225                      
0000c67c  h5x7_226                      
0000c682  h5x7_227                      
0000c688  h5x7_228                      
0000c68e  h5x7_229                      
0000c6d0  h5x7_23                       
0000c694  h5x7_230                      
0000c69a  h5x7_231                      
0000c6a0  h5x7_232                      
0000c6a6  h5x7_233                      
0000c6ac  h5x7_234                      
0000c6b2  h5x7_235                      
0000c6b8  h5x7_236                      
0000c6be  h5x7_237                      
0000c6c4  h5x7_238                      
0000c6ca  h5x7_239                      
0000c712  h5x7_24                       
0000c6d6  h5x7_240                      
0000c6dc  h5x7_241                      
0000c6e2  h5x7_242                      
0000c6e8  h5x7_243                      
0000c6ee  h5x7_244                      
0000c6f4  h5x7_245                      
0000c6fa  h5x7_246                      
0000c700  h5x7_247                      
0000c706  h5x7_248                      
0000c70c  h5x7_249                      
0000c73c  h5x7_25                       
0000c718  h5x7_250                      
0000c71e  h5x7_251                      
0000c724  h5x7_252                      
0000c72a  h5x7_253                      
0000c730  h5x7_254                      
0000c736  h5x7_255                      
0000c742  h5x7_26                       
0000c748  h5x7_27                       
0000c74e  h5x7_28                       
0000c754  h5x7_29                       
0000c75a  h5x7_30                       
0000c760  h5x7_31                       
0000c766  h5x7_32                       
0000c76c  h5x7_33                       
0000c772  h5x7_34                       
0000c778  h5x7_35                       
0000c77e  h5x7_36                       
0000c784  h5x7_37                       
0000c78a  h5x7_38                       
0000c790  h5x7_39                       
0000c796  h5x7_40                       
0000c79c  h5x7_41                       
0000c7a2  h5x7_42                       
0000c7a8  h5x7_43                       
0000c7ae  h5x7_44                       
0000c7b4  h5x7_45                       
0000c7ba  h5x7_46                       
0000c7c0  h5x7_47                       
0000c7c6  h5x7_48                       
0000c7cc  h5x7_49                       
0000c7d2  h5x7_50                       
0000c7d8  h5x7_51                       
0000c7de  h5x7_52                       
0000c7e4  h5x7_53                       
0000c7ea  h5x7_54                       
0000c7f0  h5x7_55                       
0000c7f6  h5x7_56                       
0000c7fc  h5x7_57                       
0000c802  h5x7_58                       
0000c808  h5x7_59                       
0000c80e  h5x7_60                       
0000c814  h5x7_61                       
0000c81a  h5x7_62                       
0000c820  h5x7_63                       
0000c826  h5x7_64                       
0000c82c  h5x7_65                       
0000c832  h5x7_66                       
0000c838  h5x7_67                       
0000c83e  h5x7_68                       
0000c844  h5x7_69                       
0000c84a  h5x7_70                       
0000c850  h5x7_71                       
0000c856  h5x7_72                       
0000c85c  h5x7_73                       
0000c862  h5x7_74                       
0000c868  h5x7_75                       
0000c86e  h5x7_76                       
0000c874  h5x7_77                       
0000c87a  h5x7_78                       
0000c880  h5x7_79                       
0000c886  h5x7_80                       
0000c88c  h5x7_81                       
0000c892  h5x7_82                       
0000c898  h5x7_83                       
0000c89e  h5x7_84                       
0000c8a4  h5x7_85                       
0000c8aa  h5x7_86                       
0000c8b0  h5x7_87                       
0000c8b6  h5x7_88                       
0000c8bc  h5x7_89                       
0000c8c2  h5x7_90                       
0000c8c8  h5x7_91                       
0000c8ce  h5x7_92                       
0000c8d4  h5x7_93                       
0000c8da  h5x7_94                       
0000c8e0  h5x7_95                       
0000c8e6  h5x7_96                       
0000c8ec  h5x7_97                       
0000c8f2  h5x7_98                       
0000c8f8  h5x7_99                       
0000c9b8  main                          
00000211  masking                       
0000cdb0  memcpy                        
0000cc46  putPixels                     
00000201  row                           
0000cc88  sendSPI                       
0000cdc2  sendSPICmd                    
0000cdd4  sendSPIData                   
0000cd1a  setColumnAddress              
0000ce12  setPageAddress                
0000cd70  watchdog_timer                


GLOBAL SYMBOLS: SORTED BY Symbol Address 

address   name                          
-------   ----                          
00000000  IE1                           
00000001  IE2                           
00000002  IFG1                          
00000003  IFG2                          
00000010  P3REN                         
00000018  P3IN                          
00000019  P3OUT                         
0000001a  P3DIR                         
0000001b  P3SEL                         
00000020  P1IN                          
00000021  P1OUT                         
00000022  P1DIR                         
00000023  P1IFG                         
00000024  P1IES                         
00000025  P1IE                          
00000026  P1SEL                         
00000027  P1REN                         
00000028  P2IN                          
00000029  P2OUT                         
0000002a  P2DIR                         
0000002b  P2IFG                         
0000002c  P2IES                         
0000002d  P2IE                          
0000002e  P2SEL                         
0000002f  P2REN                         
00000041  P1SEL2                        
00000042  P2SEL2                        
00000043  P3SEL2                        
00000048  ADC10DTC0                     
00000049  ADC10DTC1                     
0000004a  ADC10AE0                      
00000050  __STACK_SIZE                  
00000053  BCSCTL3                       
00000056  DCOCTL                        
00000057  BCSCTL1                       
00000058  BCSCTL2                       
00000059  CACTL1                        
0000005a  CACTL2                        
0000005b  CAPD                          
0000005d  UCA0ABCTL                     
0000005e  UCA0IRTCTL                    
0000005f  UCA0IRRCTL                    
00000060  UCA0CTL0                      
00000061  UCA0CTL1                      
00000062  UCA0BR0                       
00000063  UCA0BR1                       
00000064  UCA0MCTL                      
00000065  UCA0STAT                      
00000066  UCA0RXBUF                     
00000067  UCA0TXBUF                     
00000068  UCB0CTL0                      
00000069  UCB0CTL1                      
0000006a  UCB0BR0                       
0000006b  UCB0BR1                       
0000006c  UCB0I2CIE                     
0000006d  UCB0STAT                      
0000006e  UCB0RXBUF                     
0000006f  UCB0TXBUF                     
00000118  UCB0I2COA                     
0000011a  UCB0I2CSA                     
0000011e  TA1IV                         
00000120  WDTCTL                        
00000128  FCTL1                         
0000012a  FCTL2                         
0000012c  FCTL3                         
0000012e  TA0IV                         
00000160  TA0CTL                        
00000162  TA0CCTL0                      
00000164  TA0CCTL1                      
00000166  TA0CCTL2                      
00000170  TA0R                          
00000172  TA0CCR0                       
00000174  TA0CCR1                       
00000176  TA0CCR2                       
00000180  TA1CTL                        
00000182  TA1CCTL0                      
00000184  TA1CCTL1                      
00000186  TA1CCTL2                      
00000190  TA1R                          
00000192  TA1CCR0                       
00000194  TA1CCR1                       
00000196  TA1CCR2                       
000001b0  ADC10CTL0                     
000001b2  ADC10CTL1                     
000001b4  ADC10MEM                      
000001bc  ADC10SA                       
00000200  column                        
00000201  row                           
00000202  display_x_size                
00000204  display_y_size                
00000206  debug_var                     
00000207  debug_var_2                   
00000208  BaselineShift                 
0000020a  TIMERCOUNT                    
0000020c  TIME_MEASURE                  
0000020e  font_data_ptr                 
00000210  Inverted                      
00000211  masking                       
000003b0  _stack                        
00000400  __STACK_END                   
000010c0  TLV_CHECKSUM                  
000010da  TLV_ADC10_1_TAG               
000010db  TLV_ADC10_1_LEN               
000010f6  TLV_DCO_30_TAG                
000010f7  TLV_DCO_30_LEN                
000010f8  CALDCO_16MHZ                  
000010f9  CALBC1_16MHZ                  
000010fa  CALDCO_12MHZ                  
000010fb  CALBC1_12MHZ                  
000010fc  CALDCO_8MHZ                   
000010fd  CALBC1_8MHZ                   
000010fe  CALDCO_1MHZ                   
000010ff  CALBC1_1MHZ                   
0000c000  Hitachi                       
0000c200  h5x7_14                       
0000c21e  h5x7_15                       
0000c23c  h5x7_16                       
0000c25a  h5x7_17                       
0000c278  h5x7_20                       
0000c296  h5x7_21                       
0000c2b4  h5x7_22                       
0000c2d2  h5x7_06                       
0000c2e6  h5x7_03                       
0000c2fa  h5x7_13                       
0000c30e  h5x7_08                       
0000c31e  h5x7_04                       
0000c32c  h5x7_05                       
0000c338  h5x7_18                       
0000c342  h5x7_19                       
0000c34c  h5x7_02                       
0000c354  h5x7_07                       
0000c35c  h5x7_09                       
0000c364  h5x7_10                       
0000c36c  h5x7_11                       
0000c374  h5x7_12                       
0000c37c  h5x7_00                       
0000c382  h5x7_01                       
0000c388  h5x7_100                      
0000c38e  h5x7_101                      
0000c394  h5x7_102                      
0000c39a  h5x7_103                      
0000c3a0  h5x7_104                      
0000c3a6  h5x7_105                      
0000c3ac  h5x7_106                      
0000c3b2  h5x7_107                      
0000c3b8  h5x7_108                      
0000c3be  h5x7_109                      
0000c3c4  h5x7_110                      
0000c3ca  h5x7_111                      
0000c3d0  h5x7_112                      
0000c3d6  h5x7_113                      
0000c3dc  h5x7_114                      
0000c3e2  h5x7_115                      
0000c3e8  h5x7_116                      
0000c3ee  h5x7_117                      
0000c3f4  h5x7_118                      
0000c3fa  h5x7_119                      
0000c400  h5x7_120                      
0000c406  h5x7_121                      
0000c40c  h5x7_122                      
0000c412  h5x7_123                      
0000c418  h5x7_124                      
0000c41e  h5x7_125                      
0000c424  h5x7_126                      
0000c42a  h5x7_127                      
0000c430  h5x7_128                      
0000c436  h5x7_129                      
0000c43c  h5x7_130                      
0000c442  h5x7_131                      
0000c448  h5x7_132                      
0000c44e  h5x7_133                      
0000c454  h5x7_134                      
0000c45a  h5x7_135                      
0000c460  h5x7_136                      
0000c466  h5x7_137                      
0000c46c  h5x7_138                      
0000c472  h5x7_139                      
0000c478  h5x7_140                      
0000c47e  h5x7_141                      
0000c484  h5x7_142                      
0000c48a  h5x7_143                      
0000c490  h5x7_144                      
0000c496  h5x7_145                      
0000c49c  h5x7_146                      
0000c4a2  h5x7_147                      
0000c4a8  h5x7_148                      
0000c4ae  h5x7_149                      
0000c4b4  h5x7_150                      
0000c4ba  h5x7_151                      
0000c4c0  h5x7_152                      
0000c4c6  h5x7_153                      
0000c4cc  h5x7_154                      
0000c4d2  h5x7_155                      
0000c4d8  h5x7_156                      
0000c4de  h5x7_157                      
0000c4e4  h5x7_158                      
0000c4ea  h5x7_159                      
0000c4f0  h5x7_160                      
0000c4f6  h5x7_161                      
0000c4fc  h5x7_162                      
0000c502  h5x7_163                      
0000c508  h5x7_164                      
0000c50e  h5x7_165                      
0000c514  h5x7_166                      
0000c51a  h5x7_167                      
0000c520  h5x7_168                      
0000c526  h5x7_169                      
0000c52c  h5x7_170                      
0000c532  h5x7_171                      
0000c538  h5x7_172                      
0000c53e  h5x7_173                      
0000c544  h5x7_174                      
0000c54a  h5x7_175                      
0000c550  h5x7_176                      
0000c556  h5x7_177                      
0000c55c  h5x7_178                      
0000c562  h5x7_179                      
0000c568  h5x7_180                      
0000c56e  h5x7_181                      
0000c574  h5x7_182                      
0000c57a  h5x7_183                      
0000c580  h5x7_184                      
0000c586  h5x7_185                      
0000c58c  h5x7_186                      
0000c592  h5x7_187                      
0000c598  h5x7_188                      
0000c59e  h5x7_189                      
0000c5a4  h5x7_190                      
0000c5aa  h5x7_191                      
0000c5b0  h5x7_192                      
0000c5b6  h5x7_193                      
0000c5bc  h5x7_194                      
0000c5c2  h5x7_195                      
0000c5c8  h5x7_196                      
0000c5ce  h5x7_197                      
0000c5d4  h5x7_198                      
0000c5da  h5x7_199                      
0000c5e0  h5x7_200                      
0000c5e6  h5x7_201                      
0000c5ec  h5x7_202                      
0000c5f2  h5x7_203                      
0000c5f8  h5x7_204                      
0000c5fe  h5x7_205                      
0000c604  h5x7_206                      
0000c60a  h5x7_207                      
0000c610  h5x7_208                      
0000c616  h5x7_209                      
0000c61c  h5x7_210                      
0000c622  h5x7_211                      
0000c628  h5x7_212                      
0000c62e  h5x7_213                      
0000c634  h5x7_214                      
0000c63a  h5x7_215                      
0000c640  h5x7_216                      
0000c646  h5x7_217                      
0000c64c  h5x7_218                      
0000c652  h5x7_219                      
0000c658  h5x7_220                      
0000c65e  h5x7_221                      
0000c664  h5x7_222                      
0000c66a  h5x7_223                      
0000c670  h5x7_224                      
0000c676  h5x7_225                      
0000c67c  h5x7_226                      
0000c682  h5x7_227                      
0000c688  h5x7_228                      
0000c68e  h5x7_229                      
0000c694  h5x7_230                      
0000c69a  h5x7_231                      
0000c6a0  h5x7_232                      
0000c6a6  h5x7_233                      
0000c6ac  h5x7_234                      
0000c6b2  h5x7_235                      
0000c6b8  h5x7_236                      
0000c6be  h5x7_237                      
0000c6c4  h5x7_238                      
0000c6ca  h5x7_239                      
0000c6d0  h5x7_23                       
0000c6d6  h5x7_240                      
0000c6dc  h5x7_241                      
0000c6e2  h5x7_242                      
0000c6e8  h5x7_243                      
0000c6ee  h5x7_244                      
0000c6f4  h5x7_245                      
0000c6fa  h5x7_246                      
0000c700  h5x7_247                      
0000c706  h5x7_248                      
0000c70c  h5x7_249                      
0000c712  h5x7_24                       
0000c718  h5x7_250                      
0000c71e  h5x7_251                      
0000c724  h5x7_252                      
0000c72a  h5x7_253                      
0000c730  h5x7_254                      
0000c736  h5x7_255                      
0000c73c  h5x7_25                       
0000c742  h5x7_26                       
0000c748  h5x7_27                       
0000c74e  h5x7_28                       
0000c754  h5x7_29                       
0000c75a  h5x7_30                       
0000c760  h5x7_31                       
0000c766  h5x7_32                       
0000c76c  h5x7_33                       
0000c772  h5x7_34                       
0000c778  h5x7_35                       
0000c77e  h5x7_36                       
0000c784  h5x7_37                       
0000c78a  h5x7_38                       
0000c790  h5x7_39                       
0000c796  h5x7_40                       
0000c79c  h5x7_41                       
0000c7a2  h5x7_42                       
0000c7a8  h5x7_43                       
0000c7ae  h5x7_44                       
0000c7b4  h5x7_45                       
0000c7ba  h5x7_46                       
0000c7c0  h5x7_47                       
0000c7c6  h5x7_48                       
0000c7cc  h5x7_49                       
0000c7d2  h5x7_50                       
0000c7d8  h5x7_51                       
0000c7de  h5x7_52                       
0000c7e4  h5x7_53                       
0000c7ea  h5x7_54                       
0000c7f0  h5x7_55                       
0000c7f6  h5x7_56                       
0000c7fc  h5x7_57                       
0000c802  h5x7_58                       
0000c808  h5x7_59                       
0000c80e  h5x7_60                       
0000c814  h5x7_61                       
0000c81a  h5x7_62                       
0000c820  h5x7_63                       
0000c826  h5x7_64                       
0000c82c  h5x7_65                       
0000c832  h5x7_66                       
0000c838  h5x7_67                       
0000c83e  h5x7_68                       
0000c844  h5x7_69                       
0000c84a  h5x7_70                       
0000c850  h5x7_71                       
0000c856  h5x7_72                       
0000c85c  h5x7_73                       
0000c862  h5x7_74                       
0000c868  h5x7_75                       
0000c86e  h5x7_76                       
0000c874  h5x7_77                       
0000c87a  h5x7_78                       
0000c880  h5x7_79                       
0000c886  h5x7_80                       
0000c88c  h5x7_81                       
0000c892  h5x7_82                       
0000c898  h5x7_83                       
0000c89e  h5x7_84                       
0000c8a4  h5x7_85                       
0000c8aa  h5x7_86                       
0000c8b0  h5x7_87                       
0000c8b6  h5x7_88                       
0000c8bc  h5x7_89                       
0000c8c2  h5x7_90                       
0000c8c8  h5x7_91                       
0000c8ce  h5x7_92                       
0000c8d4  h5x7_93                       
0000c8da  h5x7_94                       
0000c8e0  h5x7_95                       
0000c8e6  h5x7_96                       
0000c8ec  h5x7_97                       
0000c8f2  h5x7_98                       
0000c8f8  h5x7_99                       
0000c8fe  PutChar                       
0000c8fe  Put_Char                      
0000c9b8  main                          
0000ca64  __TI_decompress_lzss          
0000cae0  ClearDisplay                  
0000cae0  Clear_Display                 
0000cb58  InitDisplay                   
0000cbb8  __mspabi_srli                 
0000cbc6  __mspabi_srli_15              
0000cbca  __mspabi_srli_14              
0000cbce  __mspabi_srli_13              
0000cbd2  __mspabi_srli_12              
0000cbd6  __mspabi_srli_11              
0000cbda  __mspabi_srli_10              
0000cbde  __mspabi_srli_9               
0000cbe2  __mspabi_srli_8               
0000cbe6  __mspabi_srli_7               
0000cbea  __mspabi_srli_6               
0000cbee  __mspabi_srli_5               
0000cbf2  __mspabi_srli_4               
0000cbf6  __mspabi_srli_3               
0000cbfa  __mspabi_srli_2               
0000cbfe  __mspabi_srli_1               
0000cc04  __TI_auto_init_nobinit_nopinit
0000cc46  putPixels                     
0000cc88  sendSPI                       
0000ccc2  __mspabi_srai                 
0000ccce  __mspabi_srai_15              
0000ccd0  __mspabi_srai_14              
0000ccd2  __mspabi_srai_13              
0000ccd4  __mspabi_srai_12              
0000ccd6  __mspabi_srai_11              
0000ccd8  __mspabi_srai_10              
0000ccda  __mspabi_srai_9               
0000ccdc  __mspabi_srai_8               
0000ccde  __mspabi_srai_7               
0000cce0  __mspabi_srai_6               
0000cce2  __mspabi_srai_5               
0000cce4  __mspabi_srai_4               
0000cce6  __mspabi_srai_3               
0000cce8  __mspabi_srai_2               
0000ccea  __mspabi_srai_1               
0000ccee  __mspabi_slli                 
0000ccfa  __mspabi_slli_15              
0000ccfc  __mspabi_slli_14              
0000ccfe  __mspabi_slli_13              
0000cd00  __mspabi_slli_12              
0000cd02  __mspabi_slli_11              
0000cd04  __mspabi_slli_10              
0000cd06  __mspabi_slli_9               
0000cd08  __mspabi_slli_8               
0000cd0a  __mspabi_slli_7               
0000cd0c  __mspabi_slli_6               
0000cd0e  __mspabi_slli_5               
0000cd10  __mspabi_slli_4               
0000cd12  __mspabi_slli_3               
0000cd14  __mspabi_slli_2               
0000cd16  __mspabi_slli_1               
0000cd1a  setColumnAddress              
0000cd38  InitDriver                    
0000cd54  _c_int00_noargs               
0000cd70  watchdog_timer                
0000cd8a  __TI_zero_init_nomemset       
0000cd9e  __TI_decompress_none          
0000cdb0  memcpy                        
0000cdc2  sendSPICmd                    
0000cdd4  sendSPIData                   
0000cde6  __mspabi_func_epilog_7        
0000cde8  __mspabi_func_epilog_6        
0000cdea  __mspabi_func_epilog_5        
0000cdec  __mspabi_func_epilog_4        
0000cdee  __mspabi_func_epilog_3        
0000cdf0  __mspabi_func_epilog_2        
0000cdf2  __mspabi_func_epilog_1        
0000cdf6  Delay                         
0000ce04  Init_gfx                      
0000ce12  setPageAddress                
0000ce20  CallInISR                     
0000ce2a  __TI_ISR_TRAP                 
0000ce32  InitTimerSystem               
0000ce38  SetFont                       
0000ce38  Set_Font                      
0000ce3e  C$$EXIT                       
0000ce3e  abort                         
0000ce44  _system_pre_init              
0000ce48  _system_post_cinit            
0000ce56  __TI_Handler_Table_Base       
0000ce5c  __TI_Handler_Table_Limit      
0000ce60  __TI_CINIT_Base               
0000ce68  __TI_CINIT_Limit              
0000ce68  __TI_CINIT_Warm               
0000ffe0  __TI_int00                    
0000ffe4  __TI_int02                    
0000ffe6  __TI_int03                    
0000ffea  __TI_int05                    
0000ffec  __TI_int06                    
0000ffee  __TI_int07                    
0000fff0  __TI_int08                    
0000fff2  __TI_int09                    
0000fff4  __TI_int10                    
0000fff6  __TI_int11                    
0000fff8  __TI_int12                    
0000fffa  __TI_int13                    
0000fffc  __TI_int14                    
0000fffe  _reset_vector                 
ffffffff  __TI_pprof_out_hndl           
ffffffff  __TI_prof_data_size           
ffffffff  __TI_prof_data_start          
ffffffff  __c_args__                    

[479 symbols]
