<?xml version="1.0" encoding="ISO-8859-1" ?>
<link_info>
   <banner>MSP430 Linker PC v21.6.1.LTS</banner>
   <copyright>Copyright (c) 2003-2018 Texas Instruments Incorporated</copyright>
   <link_time>0x6898c98d</link_time>
   <link_errors>0x0</link_errors>
   <output_file>gfxEmbed.out</output_file>
   <entry_point>
      <name>_c_int00_noargs</name>
      <address>0xd08a</address>
   </entry_point>
   <input_file_list>
      <input_file id="fl-2">
         <path>.\</path>
         <kind>object</kind>
         <file>main.obj</file>
         <name>main.obj</name>
      </input_file>
      <input_file id="fl-3">
         <path>.\</path>
         <kind>object</kind>
         <file>timer.obj</file>
         <name>timer.obj</name>
      </input_file>
      <input_file id="fl-4">
         <path>.\gfxEmbedLib\Drivers\</path>
         <kind>object</kind>
         <file>nt75451.obj</file>
         <name>nt75451.obj</name>
      </input_file>
      <input_file id="fl-5">
         <path>.\gfxEmbedLib\</path>
         <kind>object</kind>
         <file>gfxEmbedLib.obj</file>
         <name>gfxEmbedLib.obj</name>
      </input_file>
      <input_file id="fl-a">
         <kind>object</kind>
         <file>&lt;internal&gt;</file>
         <name>&lt;internal&gt;</name>
      </input_file>
      <input_file id="fl-20">
         <path>C:\ti\ccs2010\ccs\tools\compiler\ti-cgt-msp430_21.6.1.LTS\lib\</path>
         <kind>archive</kind>
         <file>rts430_eabi.lib</file>
         <name>asr16.asm.obj</name>
      </input_file>
      <input_file id="fl-21">
         <path>C:\ti\ccs2010\ccs\tools\compiler\ti-cgt-msp430_21.6.1.LTS\lib\</path>
         <kind>archive</kind>
         <file>rts430_eabi.lib</file>
         <name>epilog.asm.obj</name>
      </input_file>
      <input_file id="fl-22">
         <path>C:\ti\ccs2010\ccs\tools\compiler\ti-cgt-msp430_21.6.1.LTS\lib\</path>
         <kind>archive</kind>
         <file>rts430_eabi.lib</file>
         <name>int00.asm.obj</name>
      </input_file>
      <input_file id="fl-23">
         <path>C:\ti\ccs2010\ccs\tools\compiler\ti-cgt-msp430_21.6.1.LTS\lib\</path>
         <kind>archive</kind>
         <file>rts430_eabi.lib</file>
         <name>int02.asm.obj</name>
      </input_file>
      <input_file id="fl-24">
         <path>C:\ti\ccs2010\ccs\tools\compiler\ti-cgt-msp430_21.6.1.LTS\lib\</path>
         <kind>archive</kind>
         <file>rts430_eabi.lib</file>
         <name>int03.asm.obj</name>
      </input_file>
      <input_file id="fl-25">
         <path>C:\ti\ccs2010\ccs\tools\compiler\ti-cgt-msp430_21.6.1.LTS\lib\</path>
         <kind>archive</kind>
         <file>rts430_eabi.lib</file>
         <name>int05.asm.obj</name>
      </input_file>
      <input_file id="fl-26">
         <path>C:\ti\ccs2010\ccs\tools\compiler\ti-cgt-msp430_21.6.1.LTS\lib\</path>
         <kind>archive</kind>
         <file>rts430_eabi.lib</file>
         <name>int06.asm.obj</name>
      </input_file>
      <input_file id="fl-27">
         <path>C:\ti\ccs2010\ccs\tools\compiler\ti-cgt-msp430_21.6.1.LTS\lib\</path>
         <kind>archive</kind>
         <file>rts430_eabi.lib</file>
         <name>int07.asm.obj</name>
      </input_file>
      <input_file id="fl-28">
         <path>C:\ti\ccs2010\ccs\tools\compiler\ti-cgt-msp430_21.6.1.LTS\lib\</path>
         <kind>archive</kind>
         <file>rts430_eabi.lib</file>
         <name>int08.asm.obj</name>
      </input_file>
      <input_file id="fl-29">
         <path>C:\ti\ccs2010\ccs\tools\compiler\ti-cgt-msp430_21.6.1.LTS\lib\</path>
         <kind>archive</kind>
         <file>rts430_eabi.lib</file>
         <name>int09.asm.obj</name>
      </input_file>
      <input_file id="fl-2a">
         <path>C:\ti\ccs2010\ccs\tools\compiler\ti-cgt-msp430_21.6.1.LTS\lib\</path>
         <kind>archive</kind>
         <file>rts430_eabi.lib</file>
         <name>int11.asm.obj</name>
      </input_file>
      <input_file id="fl-2b">
         <path>C:\ti\ccs2010\ccs\tools\compiler\ti-cgt-msp430_21.6.1.LTS\lib\</path>
         <kind>archive</kind>
         <file>rts430_eabi.lib</file>
         <name>int12.asm.obj</name>
      </input_file>
      <input_file id="fl-2c">
         <path>C:\ti\ccs2010\ccs\tools\compiler\ti-cgt-msp430_21.6.1.LTS\lib\</path>
         <kind>archive</kind>
         <file>rts430_eabi.lib</file>
         <name>int13.asm.obj</name>
      </input_file>
      <input_file id="fl-2d">
         <path>C:\ti\ccs2010\ccs\tools\compiler\ti-cgt-msp430_21.6.1.LTS\lib\</path>
         <kind>archive</kind>
         <file>rts430_eabi.lib</file>
         <name>int14.asm.obj</name>
      </input_file>
      <input_file id="fl-2e">
         <path>C:\ti\ccs2010\ccs\tools\compiler\ti-cgt-msp430_21.6.1.LTS\lib\</path>
         <kind>archive</kind>
         <file>rts430_eabi.lib</file>
         <name>isr_trap.asm.obj</name>
      </input_file>
      <input_file id="fl-2f">
         <path>C:\ti\ccs2010\ccs\tools\compiler\ti-cgt-msp430_21.6.1.LTS\lib\</path>
         <kind>archive</kind>
         <file>rts430_eabi.lib</file>
         <name>lsr16.asm.obj</name>
      </input_file>
      <input_file id="fl-30">
         <path>C:\ti\ccs2010\ccs\tools\compiler\ti-cgt-msp430_21.6.1.LTS\lib\</path>
         <kind>archive</kind>
         <file>rts430_eabi.lib</file>
         <name>boot.c.obj</name>
      </input_file>
      <input_file id="fl-31">
         <path>C:\ti\ccs2010\ccs\tools\compiler\ti-cgt-msp430_21.6.1.LTS\lib\</path>
         <kind>archive</kind>
         <file>rts430_eabi.lib</file>
         <name>autoinit.c.obj</name>
      </input_file>
      <input_file id="fl-32">
         <path>C:\ti\ccs2010\ccs\tools\compiler\ti-cgt-msp430_21.6.1.LTS\lib\</path>
         <kind>archive</kind>
         <file>rts430_eabi.lib</file>
         <name>copy_zero_init.c.obj</name>
      </input_file>
      <input_file id="fl-33">
         <path>C:\ti\ccs2010\ccs\tools\compiler\ti-cgt-msp430_21.6.1.LTS\lib\</path>
         <kind>archive</kind>
         <file>rts430_eabi.lib</file>
         <name>cpy_tbl.c.obj</name>
      </input_file>
      <input_file id="fl-34">
         <path>C:\ti\ccs2010\ccs\tools\compiler\ti-cgt-msp430_21.6.1.LTS\lib\</path>
         <kind>archive</kind>
         <file>rts430_eabi.lib</file>
         <name>mpu_init.c.obj</name>
      </input_file>
      <input_file id="fl-35">
         <path>C:\ti\ccs2010\ccs\tools\compiler\ti-cgt-msp430_21.6.1.LTS\lib\</path>
         <kind>archive</kind>
         <file>rts430_eabi.lib</file>
         <name>pre_init.c.obj</name>
      </input_file>
      <input_file id="fl-36">
         <path>C:\ti\ccs2010\ccs\tools\compiler\ti-cgt-msp430_21.6.1.LTS\lib\</path>
         <kind>archive</kind>
         <file>rts430_eabi.lib</file>
         <name>startup.c.obj</name>
      </input_file>
      <input_file id="fl-37">
         <path>C:\ti\ccs2010\ccs\tools\compiler\ti-cgt-msp430_21.6.1.LTS\lib\</path>
         <kind>archive</kind>
         <file>rts430_eabi.lib</file>
         <name>copy_decompress_none.c.obj</name>
      </input_file>
      <input_file id="fl-38">
         <path>C:\ti\ccs2010\ccs\tools\compiler\ti-cgt-msp430_21.6.1.LTS\lib\</path>
         <kind>archive</kind>
         <file>rts430_eabi.lib</file>
         <name>copy_decompress_lzss.c.obj</name>
      </input_file>
      <input_file id="fl-39">
         <path>C:\ti\ccs2010\ccs\tools\compiler\ti-cgt-msp430_21.6.1.LTS\lib\</path>
         <kind>archive</kind>
         <file>rts430_eabi.lib</file>
         <name>exit.c.obj</name>
      </input_file>
      <input_file id="fl-3a">
         <path>C:\ti\ccs2010\ccs\tools\compiler\ti-cgt-msp430_21.6.1.LTS\lib\</path>
         <kind>archive</kind>
         <file>rts430_eabi.lib</file>
         <name>_lock.c.obj</name>
      </input_file>
      <input_file id="fl-3b">
         <path>C:\ti\ccs2010\ccs\tools\compiler\ti-cgt-msp430_21.6.1.LTS\lib\</path>
         <kind>archive</kind>
         <file>rts430_eabi.lib</file>
         <name>args_main.c.obj</name>
      </input_file>
      <input_file id="fl-3c">
         <path>C:\ti\ccs2010\ccs\tools\compiler\ti-cgt-msp430_21.6.1.LTS\lib\</path>
         <kind>archive</kind>
         <file>rts430_eabi.lib</file>
         <name>memcpy.c.obj</name>
      </input_file>
      <input_file id="fl-3d">
         <path>C:\ti\ccs2010\ccs\tools\compiler\ti-cgt-msp430_21.6.1.LTS\lib\</path>
         <kind>archive</kind>
         <file>rts430_eabi.lib</file>
         <name>lsl16.asm.obj</name>
      </input_file>
      <input_file id="fl-3e">
         <path>C:\ti\ccs2010\ccs\tools\compiler\ti-cgt-msp430_21.6.1.LTS\lib\</path>
         <kind>archive</kind>
         <file>rts430_eabi.lib</file>
         <name>mult16.asm.obj</name>
      </input_file>
      <input_file id="fl-3f">
         <path>C:\ti\ccs2010\ccs\tools\compiler\ti-cgt-msp430_21.6.1.LTS\lib\</path>
         <kind>archive</kind>
         <file>rts430_eabi.lib</file>
         <name>exit_gvars.c.obj</name>
      </input_file>
   </input_file_list>
   <object_component_list>
      <object_component id="oc-17a">
         <name>.common:TIME_MEASURE</name>
         <uninitialized>true</uninitialized>
         <run_address>0x20c</run_address>
         <size>0x2</size>
      </object_component>
      <object_component id="oc-177">
         <name>.common:TIMERCOUNT</name>
         <uninitialized>true</uninitialized>
         <run_address>0x20a</run_address>
         <size>0x2</size>
      </object_component>
      <object_component id="oc-538">
         <name>.common:font_data_ptr</name>
         <uninitialized>true</uninitialized>
         <run_address>0x20e</run_address>
         <size>0x2</size>
      </object_component>
      <object_component id="oc-794">
         <name>.common:masking</name>
         <uninitialized>true</uninitialized>
         <run_address>0x211</run_address>
         <size>0x1</size>
      </object_component>
      <object_component id="oc-793">
         <name>.common:Inverted</name>
         <uninitialized>true</uninitialized>
         <run_address>0x210</run_address>
         <size>0x1</size>
      </object_component>
      <object_component id="oc-21f">
         <name>.data</name>
         <load_address>0x200</load_address>
         <run_address>0x200</run_address>
         <size>0x9</size>
         <input_file_ref idref="fl-4"/>
      </object_component>
      <object_component id="oc-b1">
         <name>.stack</name>
         <uninitialized>true</uninitialized>
         <run_address>0x3b0</run_address>
         <size>0x2</size>
         <input_file_ref idref="fl-30"/>
      </object_component>
      <object_component id="oc-81d">
         <name>.stack</name>
         <uninitialized>true</uninitialized>
         <run_address>0x3b0</run_address>
         <size>0x0</size>
      </object_component>
      <object_component id="oc-53b">
         <name>.text:PutChar</name>
         <load_address>0xcbb0</load_address>
         <run_address>0xcbb0</run_address>
         <size>0xba</size>
         <input_file_ref idref="fl-4"/>
      </object_component>
      <object_component id="oc-152">
         <name>.text:main</name>
         <load_address>0xcc6a</load_address>
         <run_address>0xcc6a</run_address>
         <size>0x8e</size>
         <input_file_ref idref="fl-2"/>
      </object_component>
      <object_component id="oc-192">
         <name>.text:WriteFSGraphic</name>
         <load_address>0xccf8</load_address>
         <run_address>0xccf8</run_address>
         <size>0x84</size>
         <input_file_ref idref="fl-4"/>
      </object_component>
      <object_component id="oc-34">
         <name>.text:decompress:lzss:__TI_decompress_lzss</name>
         <load_address>0xcd7c</load_address>
         <run_address>0xcd7c</run_address>
         <size>0x7c</size>
         <input_file_ref idref="fl-38"/>
      </object_component>
      <object_component id="oc-216">
         <name>.text:ClearDisplay</name>
         <load_address>0xcdf8</load_address>
         <run_address>0xcdf8</run_address>
         <size>0x78</size>
         <input_file_ref idref="fl-4"/>
      </object_component>
      <object_component id="oc-210">
         <name>.text:InitDisplay</name>
         <load_address>0xce70</load_address>
         <run_address>0xce70</run_address>
         <size>0x60</size>
         <input_file_ref idref="fl-4"/>
      </object_component>
      <object_component id="oc-ba">
         <name>.text</name>
         <load_address>0xced0</load_address>
         <run_address>0xced0</run_address>
         <size>0x4c</size>
         <input_file_ref idref="fl-2f"/>
      </object_component>
      <object_component id="oc-1c1">
         <name>.text:__TI_auto_init_nobinit_nopinit:__TI_auto_init_nobinit_nopinit</name>
         <load_address>0xcf1c</load_address>
         <run_address>0xcf1c</run_address>
         <size>0x42</size>
         <input_file_ref idref="fl-31"/>
      </object_component>
      <object_component id="oc-22e">
         <name>.text:putPixels</name>
         <load_address>0xcf5e</load_address>
         <run_address>0xcf5e</run_address>
         <size>0x42</size>
         <input_file_ref idref="fl-4"/>
      </object_component>
      <object_component id="oc-7c3">
         <name>.text:sendSPI</name>
         <load_address>0xcfa0</load_address>
         <run_address>0xcfa0</run_address>
         <size>0x3a</size>
         <input_file_ref idref="fl-4"/>
      </object_component>
      <object_component id="oc-586">
         <name>.text</name>
         <load_address>0xcfda</load_address>
         <run_address>0xcfda</run_address>
         <size>0x2c</size>
         <input_file_ref idref="fl-20"/>
      </object_component>
      <object_component id="oc-b5">
         <name>.text</name>
         <load_address>0xd006</load_address>
         <run_address>0xd006</run_address>
         <size>0x2c</size>
         <input_file_ref idref="fl-3d"/>
      </object_component>
      <object_component id="oc-1ae">
         <name>.text:PrintText</name>
         <load_address>0xd032</load_address>
         <run_address>0xd032</run_address>
         <size>0x1e</size>
         <input_file_ref idref="fl-4"/>
      </object_component>
      <object_component id="oc-228">
         <name>.text:setColumnAddress</name>
         <load_address>0xd050</load_address>
         <run_address>0xd050</run_address>
         <size>0x1e</size>
         <input_file_ref idref="fl-4"/>
      </object_component>
      <object_component id="oc-20a">
         <name>.text:InitDriver</name>
         <load_address>0xd06e</load_address>
         <run_address>0xd06e</run_address>
         <size>0x1c</size>
         <input_file_ref idref="fl-4"/>
      </object_component>
      <object_component id="oc-f9">
         <name>.text:_c_int00_noargs</name>
         <load_address>0xd08a</load_address>
         <run_address>0xd08a</run_address>
         <size>0x1c</size>
         <input_file_ref idref="fl-30"/>
      </object_component>
      <object_component id="oc-e1">
         <name>.text:watchdog_timer</name>
         <load_address>0xd0a6</load_address>
         <run_address>0xd0a6</run_address>
         <size>0x1a</size>
         <input_file_ref idref="fl-2"/>
      </object_component>
      <object_component id="oc-1a7">
         <name>.text:gotoxy</name>
         <load_address>0xd0c0</load_address>
         <run_address>0xd0c0</run_address>
         <size>0x16</size>
         <input_file_ref idref="fl-4"/>
      </object_component>
      <object_component id="oc-e7">
         <name>.text:decompress:ZI:__TI_zero_init_nomemset:__TI_zero_init_nomemset</name>
         <load_address>0xd0d6</load_address>
         <run_address>0xd0d6</run_address>
         <size>0x14</size>
         <input_file_ref idref="fl-32"/>
      </object_component>
      <object_component id="oc-3a">
         <name>.text:decompress:none:__TI_decompress_none</name>
         <load_address>0xd0ea</load_address>
         <run_address>0xd0ea</run_address>
         <size>0x12</size>
         <input_file_ref idref="fl-37"/>
      </object_component>
      <object_component id="oc-cf">
         <name>.text:memcpy</name>
         <load_address>0xd0fc</load_address>
         <run_address>0xd0fc</run_address>
         <size>0x12</size>
         <input_file_ref idref="fl-3c"/>
      </object_component>
      <object_component id="oc-57b">
         <name>.text:sendSPICmd</name>
         <load_address>0xd10e</load_address>
         <run_address>0xd10e</run_address>
         <size>0x12</size>
         <input_file_ref idref="fl-4"/>
      </object_component>
      <object_component id="oc-58c">
         <name>.text:sendSPIData</name>
         <load_address>0xd120</load_address>
         <run_address>0xd120</run_address>
         <size>0x12</size>
         <input_file_ref idref="fl-4"/>
      </object_component>
      <object_component id="oc-bf">
         <name>.text</name>
         <load_address>0xd132</load_address>
         <run_address>0xd132</run_address>
         <size>0x10</size>
         <input_file_ref idref="fl-21"/>
      </object_component>
      <object_component id="oc-198">
         <name>.text:Delay</name>
         <load_address>0xd142</load_address>
         <run_address>0xd142</run_address>
         <size>0xe</size>
         <input_file_ref idref="fl-3"/>
      </object_component>
      <object_component id="oc-189">
         <name>.text:Init_gfx</name>
         <load_address>0xd150</load_address>
         <run_address>0xd150</run_address>
         <size>0xe</size>
         <input_file_ref idref="fl-5"/>
      </object_component>
      <object_component id="oc-222">
         <name>.text:setPageAddress</name>
         <load_address>0xd15e</load_address>
         <run_address>0xd15e</run_address>
         <size>0xe</size>
         <input_file_ref idref="fl-4"/>
      </object_component>
      <object_component id="oc-13d">
         <name>.text:CallInISR</name>
         <load_address>0xd16c</load_address>
         <run_address>0xd16c</run_address>
         <size>0xa</size>
         <input_file_ref idref="fl-3"/>
      </object_component>
      <object_component id="oc-dc">
         <name>.text:_isr:__TI_ISR_TRAP</name>
         <load_address>0xd176</load_address>
         <run_address>0xd176</run_address>
         <size>0x8</size>
         <input_file_ref idref="fl-2e"/>
      </object_component>
      <object_component id="oc-183">
         <name>.text:InitTimerSystem</name>
         <load_address>0xd17e</load_address>
         <run_address>0xd17e</run_address>
         <size>0x6</size>
         <input_file_ref idref="fl-3"/>
      </object_component>
      <object_component id="oc-1a1">
         <name>.text:SetFont</name>
         <load_address>0xd184</load_address>
         <run_address>0xd184</run_address>
         <size>0x6</size>
         <input_file_ref idref="fl-4"/>
      </object_component>
      <object_component id="oc-1b5">
         <name>.text:abort</name>
         <load_address>0xd18a</load_address>
         <run_address>0xd18a</run_address>
         <size>0x6</size>
         <input_file_ref idref="fl-39"/>
      </object_component>
      <object_component id="oc-14c">
         <name>.text:_system_pre_init</name>
         <load_address>0xd190</load_address>
         <run_address>0xd190</run_address>
         <size>0x4</size>
         <input_file_ref idref="fl-35"/>
      </object_component>
      <object_component id="oc-554">
         <name>.text:_system_post_cinit</name>
         <load_address>0xd194</load_address>
         <run_address>0xd194</run_address>
         <size>0x2</size>
         <input_file_ref idref="fl-36"/>
      </object_component>
      <object_component id="oc-81c">
         <name>.cinit..data.load</name>
         <load_address>0xd196</load_address>
         <run_address>0xd196</run_address>
         <size>0xc</size>
      </object_component>
      <object_component id="oc-819">
         <name>__TI_handler_table</name>
         <load_address>0xd1a2</load_address>
         <run_address>0xd1a2</run_address>
         <size>0x6</size>
      </object_component>
      <object_component id="oc-81b">
         <name>.cinit..bss.load</name>
         <load_address>0xd1a8</load_address>
         <run_address>0xd1a8</run_address>
         <size>0x4</size>
      </object_component>
      <object_component id="oc-81a">
         <name>__TI_cinit_table</name>
         <load_address>0xd1ac</load_address>
         <run_address>0xd1ac</run_address>
         <size>0x8</size>
      </object_component>
      <object_component id="oc-18f">
         <name>.const:.string:Testbmp</name>
         <load_address>0xc000</load_address>
         <run_address>0xc000</run_address>
         <size>0x280</size>
         <input_file_ref idref="fl-2"/>
      </object_component>
      <object_component id="oc-19e">
         <name>.const:Hitachi</name>
         <load_address>0xc280</load_address>
         <run_address>0xc280</run_address>
         <size>0x200</size>
         <input_file_ref idref="fl-2"/>
      </object_component>
      <object_component id="oc-1ad">
         <name>.const:.string</name>
         <load_address>0xc480</load_address>
         <run_address>0xc480</run_address>
         <size>0x32</size>
         <input_file_ref idref="fl-2"/>
      </object_component>
      <object_component id="oc-260">
         <name>.const:.string:h5x7_14</name>
         <load_address>0xc4b2</load_address>
         <run_address>0xc4b2</run_address>
         <size>0x1e</size>
         <input_file_ref idref="fl-2"/>
      </object_component>
      <object_component id="oc-263">
         <name>.const:.string:h5x7_15</name>
         <load_address>0xc4d0</load_address>
         <run_address>0xc4d0</run_address>
         <size>0x1e</size>
         <input_file_ref idref="fl-2"/>
      </object_component>
      <object_component id="oc-266">
         <name>.const:.string:h5x7_16</name>
         <load_address>0xc4ee</load_address>
         <run_address>0xc4ee</run_address>
         <size>0x1e</size>
         <input_file_ref idref="fl-2"/>
      </object_component>
      <object_component id="oc-269">
         <name>.const:.string:h5x7_17</name>
         <load_address>0xc50c</load_address>
         <run_address>0xc50c</run_address>
         <size>0x1e</size>
         <input_file_ref idref="fl-2"/>
      </object_component>
      <object_component id="oc-272">
         <name>.const:.string:h5x7_20</name>
         <load_address>0xc52a</load_address>
         <run_address>0xc52a</run_address>
         <size>0x1e</size>
         <input_file_ref idref="fl-2"/>
      </object_component>
      <object_component id="oc-275">
         <name>.const:.string:h5x7_21</name>
         <load_address>0xc548</load_address>
         <run_address>0xc548</run_address>
         <size>0x1e</size>
         <input_file_ref idref="fl-2"/>
      </object_component>
      <object_component id="oc-278">
         <name>.const:.string:h5x7_22</name>
         <load_address>0xc566</load_address>
         <run_address>0xc566</run_address>
         <size>0x1e</size>
         <input_file_ref idref="fl-2"/>
      </object_component>
      <object_component id="oc-248">
         <name>.const:.string:h5x7_06</name>
         <load_address>0xc584</load_address>
         <run_address>0xc584</run_address>
         <size>0x14</size>
         <input_file_ref idref="fl-2"/>
      </object_component>
      <object_component id="oc-23f">
         <name>.const:.string:h5x7_03</name>
         <load_address>0xc598</load_address>
         <run_address>0xc598</run_address>
         <size>0x13</size>
         <input_file_ref idref="fl-2"/>
      </object_component>
      <object_component id="oc-25d">
         <name>.const:.string:h5x7_13</name>
         <load_address>0xc5ac</load_address>
         <run_address>0xc5ac</run_address>
         <size>0x13</size>
         <input_file_ref idref="fl-2"/>
      </object_component>
      <object_component id="oc-24e">
         <name>.const:.string:h5x7_08</name>
         <load_address>0xc5c0</load_address>
         <run_address>0xc5c0</run_address>
         <size>0xf</size>
         <input_file_ref idref="fl-2"/>
      </object_component>
      <object_component id="oc-242">
         <name>.const:.string:h5x7_04</name>
         <load_address>0xc5d0</load_address>
         <run_address>0xc5d0</run_address>
         <size>0xd</size>
         <input_file_ref idref="fl-2"/>
      </object_component>
      <object_component id="oc-245">
         <name>.const:.string:h5x7_05</name>
         <load_address>0xc5de</load_address>
         <run_address>0xc5de</run_address>
         <size>0xb</size>
         <input_file_ref idref="fl-2"/>
      </object_component>
      <object_component id="oc-26c">
         <name>.const:.string:h5x7_18</name>
         <load_address>0xc5ea</load_address>
         <run_address>0xc5ea</run_address>
         <size>0x9</size>
         <input_file_ref idref="fl-2"/>
      </object_component>
      <object_component id="oc-26f">
         <name>.const:.string:h5x7_19</name>
         <load_address>0xc5f4</load_address>
         <run_address>0xc5f4</run_address>
         <size>0x9</size>
         <input_file_ref idref="fl-2"/>
      </object_component>
      <object_component id="oc-23c">
         <name>.const:.string:h5x7_02</name>
         <load_address>0xc5fe</load_address>
         <run_address>0xc5fe</run_address>
         <size>0x8</size>
         <input_file_ref idref="fl-2"/>
      </object_component>
      <object_component id="oc-24b">
         <name>.const:.string:h5x7_07</name>
         <load_address>0xc606</load_address>
         <run_address>0xc606</run_address>
         <size>0x8</size>
         <input_file_ref idref="fl-2"/>
      </object_component>
      <object_component id="oc-251">
         <name>.const:.string:h5x7_09</name>
         <load_address>0xc60e</load_address>
         <run_address>0xc60e</run_address>
         <size>0x8</size>
         <input_file_ref idref="fl-2"/>
      </object_component>
      <object_component id="oc-254">
         <name>.const:.string:h5x7_10</name>
         <load_address>0xc616</load_address>
         <run_address>0xc616</run_address>
         <size>0x8</size>
         <input_file_ref idref="fl-2"/>
      </object_component>
      <object_component id="oc-257">
         <name>.const:.string:h5x7_11</name>
         <load_address>0xc61e</load_address>
         <run_address>0xc61e</run_address>
         <size>0x8</size>
         <input_file_ref idref="fl-2"/>
      </object_component>
      <object_component id="oc-25a">
         <name>.const:.string:h5x7_12</name>
         <load_address>0xc626</load_address>
         <run_address>0xc626</run_address>
         <size>0x8</size>
         <input_file_ref idref="fl-2"/>
      </object_component>
      <object_component id="oc-236">
         <name>.const:.string:h5x7_00</name>
         <load_address>0xc62e</load_address>
         <run_address>0xc62e</run_address>
         <size>0x6</size>
         <input_file_ref idref="fl-2"/>
      </object_component>
      <object_component id="oc-239">
         <name>.const:.string:h5x7_01</name>
         <load_address>0xc634</load_address>
         <run_address>0xc634</run_address>
         <size>0x6</size>
         <input_file_ref idref="fl-2"/>
      </object_component>
      <object_component id="oc-362">
         <name>.const:.string:h5x7_100</name>
         <load_address>0xc63a</load_address>
         <run_address>0xc63a</run_address>
         <size>0x6</size>
         <input_file_ref idref="fl-2"/>
      </object_component>
      <object_component id="oc-365">
         <name>.const:.string:h5x7_101</name>
         <load_address>0xc640</load_address>
         <run_address>0xc640</run_address>
         <size>0x6</size>
         <input_file_ref idref="fl-2"/>
      </object_component>
      <object_component id="oc-368">
         <name>.const:.string:h5x7_102</name>
         <load_address>0xc646</load_address>
         <run_address>0xc646</run_address>
         <size>0x6</size>
         <input_file_ref idref="fl-2"/>
      </object_component>
      <object_component id="oc-36b">
         <name>.const:.string:h5x7_103</name>
         <load_address>0xc64c</load_address>
         <run_address>0xc64c</run_address>
         <size>0x6</size>
         <input_file_ref idref="fl-2"/>
      </object_component>
      <object_component id="oc-36e">
         <name>.const:.string:h5x7_104</name>
         <load_address>0xc652</load_address>
         <run_address>0xc652</run_address>
         <size>0x6</size>
         <input_file_ref idref="fl-2"/>
      </object_component>
      <object_component id="oc-371">
         <name>.const:.string:h5x7_105</name>
         <load_address>0xc658</load_address>
         <run_address>0xc658</run_address>
         <size>0x6</size>
         <input_file_ref idref="fl-2"/>
      </object_component>
      <object_component id="oc-374">
         <name>.const:.string:h5x7_106</name>
         <load_address>0xc65e</load_address>
         <run_address>0xc65e</run_address>
         <size>0x6</size>
         <input_file_ref idref="fl-2"/>
      </object_component>
      <object_component id="oc-377">
         <name>.const:.string:h5x7_107</name>
         <load_address>0xc664</load_address>
         <run_address>0xc664</run_address>
         <size>0x6</size>
         <input_file_ref idref="fl-2"/>
      </object_component>
      <object_component id="oc-37a">
         <name>.const:.string:h5x7_108</name>
         <load_address>0xc66a</load_address>
         <run_address>0xc66a</run_address>
         <size>0x6</size>
         <input_file_ref idref="fl-2"/>
      </object_component>
      <object_component id="oc-37d">
         <name>.const:.string:h5x7_109</name>
         <load_address>0xc670</load_address>
         <run_address>0xc670</run_address>
         <size>0x6</size>
         <input_file_ref idref="fl-2"/>
      </object_component>
      <object_component id="oc-380">
         <name>.const:.string:h5x7_110</name>
         <load_address>0xc676</load_address>
         <run_address>0xc676</run_address>
         <size>0x6</size>
         <input_file_ref idref="fl-2"/>
      </object_component>
      <object_component id="oc-383">
         <name>.const:.string:h5x7_111</name>
         <load_address>0xc67c</load_address>
         <run_address>0xc67c</run_address>
         <size>0x6</size>
         <input_file_ref idref="fl-2"/>
      </object_component>
      <object_component id="oc-386">
         <name>.const:.string:h5x7_112</name>
         <load_address>0xc682</load_address>
         <run_address>0xc682</run_address>
         <size>0x6</size>
         <input_file_ref idref="fl-2"/>
      </object_component>
      <object_component id="oc-389">
         <name>.const:.string:h5x7_113</name>
         <load_address>0xc688</load_address>
         <run_address>0xc688</run_address>
         <size>0x6</size>
         <input_file_ref idref="fl-2"/>
      </object_component>
      <object_component id="oc-38c">
         <name>.const:.string:h5x7_114</name>
         <load_address>0xc68e</load_address>
         <run_address>0xc68e</run_address>
         <size>0x6</size>
         <input_file_ref idref="fl-2"/>
      </object_component>
      <object_component id="oc-38f">
         <name>.const:.string:h5x7_115</name>
         <load_address>0xc694</load_address>
         <run_address>0xc694</run_address>
         <size>0x6</size>
         <input_file_ref idref="fl-2"/>
      </object_component>
      <object_component id="oc-392">
         <name>.const:.string:h5x7_116</name>
         <load_address>0xc69a</load_address>
         <run_address>0xc69a</run_address>
         <size>0x6</size>
         <input_file_ref idref="fl-2"/>
      </object_component>
      <object_component id="oc-395">
         <name>.const:.string:h5x7_117</name>
         <load_address>0xc6a0</load_address>
         <run_address>0xc6a0</run_address>
         <size>0x6</size>
         <input_file_ref idref="fl-2"/>
      </object_component>
      <object_component id="oc-398">
         <name>.const:.string:h5x7_118</name>
         <load_address>0xc6a6</load_address>
         <run_address>0xc6a6</run_address>
         <size>0x6</size>
         <input_file_ref idref="fl-2"/>
      </object_component>
      <object_component id="oc-39b">
         <name>.const:.string:h5x7_119</name>
         <load_address>0xc6ac</load_address>
         <run_address>0xc6ac</run_address>
         <size>0x6</size>
         <input_file_ref idref="fl-2"/>
      </object_component>
      <object_component id="oc-39e">
         <name>.const:.string:h5x7_120</name>
         <load_address>0xc6b2</load_address>
         <run_address>0xc6b2</run_address>
         <size>0x6</size>
         <input_file_ref idref="fl-2"/>
      </object_component>
      <object_component id="oc-3a1">
         <name>.const:.string:h5x7_121</name>
         <load_address>0xc6b8</load_address>
         <run_address>0xc6b8</run_address>
         <size>0x6</size>
         <input_file_ref idref="fl-2"/>
      </object_component>
      <object_component id="oc-3a4">
         <name>.const:.string:h5x7_122</name>
         <load_address>0xc6be</load_address>
         <run_address>0xc6be</run_address>
         <size>0x6</size>
         <input_file_ref idref="fl-2"/>
      </object_component>
      <object_component id="oc-3a7">
         <name>.const:.string:h5x7_123</name>
         <load_address>0xc6c4</load_address>
         <run_address>0xc6c4</run_address>
         <size>0x6</size>
         <input_file_ref idref="fl-2"/>
      </object_component>
      <object_component id="oc-3aa">
         <name>.const:.string:h5x7_124</name>
         <load_address>0xc6ca</load_address>
         <run_address>0xc6ca</run_address>
         <size>0x6</size>
         <input_file_ref idref="fl-2"/>
      </object_component>
      <object_component id="oc-3ad">
         <name>.const:.string:h5x7_125</name>
         <load_address>0xc6d0</load_address>
         <run_address>0xc6d0</run_address>
         <size>0x6</size>
         <input_file_ref idref="fl-2"/>
      </object_component>
      <object_component id="oc-3b0">
         <name>.const:.string:h5x7_126</name>
         <load_address>0xc6d6</load_address>
         <run_address>0xc6d6</run_address>
         <size>0x6</size>
         <input_file_ref idref="fl-2"/>
      </object_component>
      <object_component id="oc-3b3">
         <name>.const:.string:h5x7_127</name>
         <load_address>0xc6dc</load_address>
         <run_address>0xc6dc</run_address>
         <size>0x6</size>
         <input_file_ref idref="fl-2"/>
      </object_component>
      <object_component id="oc-3b6">
         <name>.const:.string:h5x7_128</name>
         <load_address>0xc6e2</load_address>
         <run_address>0xc6e2</run_address>
         <size>0x6</size>
         <input_file_ref idref="fl-2"/>
      </object_component>
      <object_component id="oc-3b9">
         <name>.const:.string:h5x7_129</name>
         <load_address>0xc6e8</load_address>
         <run_address>0xc6e8</run_address>
         <size>0x6</size>
         <input_file_ref idref="fl-2"/>
      </object_component>
      <object_component id="oc-3bc">
         <name>.const:.string:h5x7_130</name>
         <load_address>0xc6ee</load_address>
         <run_address>0xc6ee</run_address>
         <size>0x6</size>
         <input_file_ref idref="fl-2"/>
      </object_component>
      <object_component id="oc-3bf">
         <name>.const:.string:h5x7_131</name>
         <load_address>0xc6f4</load_address>
         <run_address>0xc6f4</run_address>
         <size>0x6</size>
         <input_file_ref idref="fl-2"/>
      </object_component>
      <object_component id="oc-3c2">
         <name>.const:.string:h5x7_132</name>
         <load_address>0xc6fa</load_address>
         <run_address>0xc6fa</run_address>
         <size>0x6</size>
         <input_file_ref idref="fl-2"/>
      </object_component>
      <object_component id="oc-3c5">
         <name>.const:.string:h5x7_133</name>
         <load_address>0xc700</load_address>
         <run_address>0xc700</run_address>
         <size>0x6</size>
         <input_file_ref idref="fl-2"/>
      </object_component>
      <object_component id="oc-3c8">
         <name>.const:.string:h5x7_134</name>
         <load_address>0xc706</load_address>
         <run_address>0xc706</run_address>
         <size>0x6</size>
         <input_file_ref idref="fl-2"/>
      </object_component>
      <object_component id="oc-3cb">
         <name>.const:.string:h5x7_135</name>
         <load_address>0xc70c</load_address>
         <run_address>0xc70c</run_address>
         <size>0x6</size>
         <input_file_ref idref="fl-2"/>
      </object_component>
      <object_component id="oc-3ce">
         <name>.const:.string:h5x7_136</name>
         <load_address>0xc712</load_address>
         <run_address>0xc712</run_address>
         <size>0x6</size>
         <input_file_ref idref="fl-2"/>
      </object_component>
      <object_component id="oc-3d1">
         <name>.const:.string:h5x7_137</name>
         <load_address>0xc718</load_address>
         <run_address>0xc718</run_address>
         <size>0x6</size>
         <input_file_ref idref="fl-2"/>
      </object_component>
      <object_component id="oc-3d4">
         <name>.const:.string:h5x7_138</name>
         <load_address>0xc71e</load_address>
         <run_address>0xc71e</run_address>
         <size>0x6</size>
         <input_file_ref idref="fl-2"/>
      </object_component>
      <object_component id="oc-3d7">
         <name>.const:.string:h5x7_139</name>
         <load_address>0xc724</load_address>
         <run_address>0xc724</run_address>
         <size>0x6</size>
         <input_file_ref idref="fl-2"/>
      </object_component>
      <object_component id="oc-3da">
         <name>.const:.string:h5x7_140</name>
         <load_address>0xc72a</load_address>
         <run_address>0xc72a</run_address>
         <size>0x6</size>
         <input_file_ref idref="fl-2"/>
      </object_component>
      <object_component id="oc-3dd">
         <name>.const:.string:h5x7_141</name>
         <load_address>0xc730</load_address>
         <run_address>0xc730</run_address>
         <size>0x6</size>
         <input_file_ref idref="fl-2"/>
      </object_component>
      <object_component id="oc-3e0">
         <name>.const:.string:h5x7_142</name>
         <load_address>0xc736</load_address>
         <run_address>0xc736</run_address>
         <size>0x6</size>
         <input_file_ref idref="fl-2"/>
      </object_component>
      <object_component id="oc-3e3">
         <name>.const:.string:h5x7_143</name>
         <load_address>0xc73c</load_address>
         <run_address>0xc73c</run_address>
         <size>0x6</size>
         <input_file_ref idref="fl-2"/>
      </object_component>
      <object_component id="oc-3e6">
         <name>.const:.string:h5x7_144</name>
         <load_address>0xc742</load_address>
         <run_address>0xc742</run_address>
         <size>0x6</size>
         <input_file_ref idref="fl-2"/>
      </object_component>
      <object_component id="oc-3e9">
         <name>.const:.string:h5x7_145</name>
         <load_address>0xc748</load_address>
         <run_address>0xc748</run_address>
         <size>0x6</size>
         <input_file_ref idref="fl-2"/>
      </object_component>
      <object_component id="oc-3ec">
         <name>.const:.string:h5x7_146</name>
         <load_address>0xc74e</load_address>
         <run_address>0xc74e</run_address>
         <size>0x6</size>
         <input_file_ref idref="fl-2"/>
      </object_component>
      <object_component id="oc-3ef">
         <name>.const:.string:h5x7_147</name>
         <load_address>0xc754</load_address>
         <run_address>0xc754</run_address>
         <size>0x6</size>
         <input_file_ref idref="fl-2"/>
      </object_component>
      <object_component id="oc-3f2">
         <name>.const:.string:h5x7_148</name>
         <load_address>0xc75a</load_address>
         <run_address>0xc75a</run_address>
         <size>0x6</size>
         <input_file_ref idref="fl-2"/>
      </object_component>
      <object_component id="oc-3f5">
         <name>.const:.string:h5x7_149</name>
         <load_address>0xc760</load_address>
         <run_address>0xc760</run_address>
         <size>0x6</size>
         <input_file_ref idref="fl-2"/>
      </object_component>
      <object_component id="oc-3f8">
         <name>.const:.string:h5x7_150</name>
         <load_address>0xc766</load_address>
         <run_address>0xc766</run_address>
         <size>0x6</size>
         <input_file_ref idref="fl-2"/>
      </object_component>
      <object_component id="oc-3fb">
         <name>.const:.string:h5x7_151</name>
         <load_address>0xc76c</load_address>
         <run_address>0xc76c</run_address>
         <size>0x6</size>
         <input_file_ref idref="fl-2"/>
      </object_component>
      <object_component id="oc-3fe">
         <name>.const:.string:h5x7_152</name>
         <load_address>0xc772</load_address>
         <run_address>0xc772</run_address>
         <size>0x6</size>
         <input_file_ref idref="fl-2"/>
      </object_component>
      <object_component id="oc-401">
         <name>.const:.string:h5x7_153</name>
         <load_address>0xc778</load_address>
         <run_address>0xc778</run_address>
         <size>0x6</size>
         <input_file_ref idref="fl-2"/>
      </object_component>
      <object_component id="oc-404">
         <name>.const:.string:h5x7_154</name>
         <load_address>0xc77e</load_address>
         <run_address>0xc77e</run_address>
         <size>0x6</size>
         <input_file_ref idref="fl-2"/>
      </object_component>
      <object_component id="oc-407">
         <name>.const:.string:h5x7_155</name>
         <load_address>0xc784</load_address>
         <run_address>0xc784</run_address>
         <size>0x6</size>
         <input_file_ref idref="fl-2"/>
      </object_component>
      <object_component id="oc-40a">
         <name>.const:.string:h5x7_156</name>
         <load_address>0xc78a</load_address>
         <run_address>0xc78a</run_address>
         <size>0x6</size>
         <input_file_ref idref="fl-2"/>
      </object_component>
      <object_component id="oc-40d">
         <name>.const:.string:h5x7_157</name>
         <load_address>0xc790</load_address>
         <run_address>0xc790</run_address>
         <size>0x6</size>
         <input_file_ref idref="fl-2"/>
      </object_component>
      <object_component id="oc-410">
         <name>.const:.string:h5x7_158</name>
         <load_address>0xc796</load_address>
         <run_address>0xc796</run_address>
         <size>0x6</size>
         <input_file_ref idref="fl-2"/>
      </object_component>
      <object_component id="oc-413">
         <name>.const:.string:h5x7_159</name>
         <load_address>0xc79c</load_address>
         <run_address>0xc79c</run_address>
         <size>0x6</size>
         <input_file_ref idref="fl-2"/>
      </object_component>
      <object_component id="oc-416">
         <name>.const:.string:h5x7_160</name>
         <load_address>0xc7a2</load_address>
         <run_address>0xc7a2</run_address>
         <size>0x6</size>
         <input_file_ref idref="fl-2"/>
      </object_component>
      <object_component id="oc-419">
         <name>.const:.string:h5x7_161</name>
         <load_address>0xc7a8</load_address>
         <run_address>0xc7a8</run_address>
         <size>0x6</size>
         <input_file_ref idref="fl-2"/>
      </object_component>
      <object_component id="oc-41c">
         <name>.const:.string:h5x7_162</name>
         <load_address>0xc7ae</load_address>
         <run_address>0xc7ae</run_address>
         <size>0x6</size>
         <input_file_ref idref="fl-2"/>
      </object_component>
      <object_component id="oc-41f">
         <name>.const:.string:h5x7_163</name>
         <load_address>0xc7b4</load_address>
         <run_address>0xc7b4</run_address>
         <size>0x6</size>
         <input_file_ref idref="fl-2"/>
      </object_component>
      <object_component id="oc-422">
         <name>.const:.string:h5x7_164</name>
         <load_address>0xc7ba</load_address>
         <run_address>0xc7ba</run_address>
         <size>0x6</size>
         <input_file_ref idref="fl-2"/>
      </object_component>
      <object_component id="oc-425">
         <name>.const:.string:h5x7_165</name>
         <load_address>0xc7c0</load_address>
         <run_address>0xc7c0</run_address>
         <size>0x6</size>
         <input_file_ref idref="fl-2"/>
      </object_component>
      <object_component id="oc-428">
         <name>.const:.string:h5x7_166</name>
         <load_address>0xc7c6</load_address>
         <run_address>0xc7c6</run_address>
         <size>0x6</size>
         <input_file_ref idref="fl-2"/>
      </object_component>
      <object_component id="oc-42b">
         <name>.const:.string:h5x7_167</name>
         <load_address>0xc7cc</load_address>
         <run_address>0xc7cc</run_address>
         <size>0x6</size>
         <input_file_ref idref="fl-2"/>
      </object_component>
      <object_component id="oc-42e">
         <name>.const:.string:h5x7_168</name>
         <load_address>0xc7d2</load_address>
         <run_address>0xc7d2</run_address>
         <size>0x6</size>
         <input_file_ref idref="fl-2"/>
      </object_component>
      <object_component id="oc-431">
         <name>.const:.string:h5x7_169</name>
         <load_address>0xc7d8</load_address>
         <run_address>0xc7d8</run_address>
         <size>0x6</size>
         <input_file_ref idref="fl-2"/>
      </object_component>
      <object_component id="oc-434">
         <name>.const:.string:h5x7_170</name>
         <load_address>0xc7de</load_address>
         <run_address>0xc7de</run_address>
         <size>0x6</size>
         <input_file_ref idref="fl-2"/>
      </object_component>
      <object_component id="oc-437">
         <name>.const:.string:h5x7_171</name>
         <load_address>0xc7e4</load_address>
         <run_address>0xc7e4</run_address>
         <size>0x6</size>
         <input_file_ref idref="fl-2"/>
      </object_component>
      <object_component id="oc-43a">
         <name>.const:.string:h5x7_172</name>
         <load_address>0xc7ea</load_address>
         <run_address>0xc7ea</run_address>
         <size>0x6</size>
         <input_file_ref idref="fl-2"/>
      </object_component>
      <object_component id="oc-43d">
         <name>.const:.string:h5x7_173</name>
         <load_address>0xc7f0</load_address>
         <run_address>0xc7f0</run_address>
         <size>0x6</size>
         <input_file_ref idref="fl-2"/>
      </object_component>
      <object_component id="oc-440">
         <name>.const:.string:h5x7_174</name>
         <load_address>0xc7f6</load_address>
         <run_address>0xc7f6</run_address>
         <size>0x6</size>
         <input_file_ref idref="fl-2"/>
      </object_component>
      <object_component id="oc-443">
         <name>.const:.string:h5x7_175</name>
         <load_address>0xc7fc</load_address>
         <run_address>0xc7fc</run_address>
         <size>0x6</size>
         <input_file_ref idref="fl-2"/>
      </object_component>
      <object_component id="oc-446">
         <name>.const:.string:h5x7_176</name>
         <load_address>0xc802</load_address>
         <run_address>0xc802</run_address>
         <size>0x6</size>
         <input_file_ref idref="fl-2"/>
      </object_component>
      <object_component id="oc-449">
         <name>.const:.string:h5x7_177</name>
         <load_address>0xc808</load_address>
         <run_address>0xc808</run_address>
         <size>0x6</size>
         <input_file_ref idref="fl-2"/>
      </object_component>
      <object_component id="oc-44c">
         <name>.const:.string:h5x7_178</name>
         <load_address>0xc80e</load_address>
         <run_address>0xc80e</run_address>
         <size>0x6</size>
         <input_file_ref idref="fl-2"/>
      </object_component>
      <object_component id="oc-44f">
         <name>.const:.string:h5x7_179</name>
         <load_address>0xc814</load_address>
         <run_address>0xc814</run_address>
         <size>0x6</size>
         <input_file_ref idref="fl-2"/>
      </object_component>
      <object_component id="oc-452">
         <name>.const:.string:h5x7_180</name>
         <load_address>0xc81a</load_address>
         <run_address>0xc81a</run_address>
         <size>0x6</size>
         <input_file_ref idref="fl-2"/>
      </object_component>
      <object_component id="oc-455">
         <name>.const:.string:h5x7_181</name>
         <load_address>0xc820</load_address>
         <run_address>0xc820</run_address>
         <size>0x6</size>
         <input_file_ref idref="fl-2"/>
      </object_component>
      <object_component id="oc-458">
         <name>.const:.string:h5x7_182</name>
         <load_address>0xc826</load_address>
         <run_address>0xc826</run_address>
         <size>0x6</size>
         <input_file_ref idref="fl-2"/>
      </object_component>
      <object_component id="oc-45b">
         <name>.const:.string:h5x7_183</name>
         <load_address>0xc82c</load_address>
         <run_address>0xc82c</run_address>
         <size>0x6</size>
         <input_file_ref idref="fl-2"/>
      </object_component>
      <object_component id="oc-45e">
         <name>.const:.string:h5x7_184</name>
         <load_address>0xc832</load_address>
         <run_address>0xc832</run_address>
         <size>0x6</size>
         <input_file_ref idref="fl-2"/>
      </object_component>
      <object_component id="oc-461">
         <name>.const:.string:h5x7_185</name>
         <load_address>0xc838</load_address>
         <run_address>0xc838</run_address>
         <size>0x6</size>
         <input_file_ref idref="fl-2"/>
      </object_component>
      <object_component id="oc-464">
         <name>.const:.string:h5x7_186</name>
         <load_address>0xc83e</load_address>
         <run_address>0xc83e</run_address>
         <size>0x6</size>
         <input_file_ref idref="fl-2"/>
      </object_component>
      <object_component id="oc-467">
         <name>.const:.string:h5x7_187</name>
         <load_address>0xc844</load_address>
         <run_address>0xc844</run_address>
         <size>0x6</size>
         <input_file_ref idref="fl-2"/>
      </object_component>
      <object_component id="oc-46a">
         <name>.const:.string:h5x7_188</name>
         <load_address>0xc84a</load_address>
         <run_address>0xc84a</run_address>
         <size>0x6</size>
         <input_file_ref idref="fl-2"/>
      </object_component>
      <object_component id="oc-46d">
         <name>.const:.string:h5x7_189</name>
         <load_address>0xc850</load_address>
         <run_address>0xc850</run_address>
         <size>0x6</size>
         <input_file_ref idref="fl-2"/>
      </object_component>
      <object_component id="oc-470">
         <name>.const:.string:h5x7_190</name>
         <load_address>0xc856</load_address>
         <run_address>0xc856</run_address>
         <size>0x6</size>
         <input_file_ref idref="fl-2"/>
      </object_component>
      <object_component id="oc-473">
         <name>.const:.string:h5x7_191</name>
         <load_address>0xc85c</load_address>
         <run_address>0xc85c</run_address>
         <size>0x6</size>
         <input_file_ref idref="fl-2"/>
      </object_component>
      <object_component id="oc-476">
         <name>.const:.string:h5x7_192</name>
         <load_address>0xc862</load_address>
         <run_address>0xc862</run_address>
         <size>0x6</size>
         <input_file_ref idref="fl-2"/>
      </object_component>
      <object_component id="oc-479">
         <name>.const:.string:h5x7_193</name>
         <load_address>0xc868</load_address>
         <run_address>0xc868</run_address>
         <size>0x6</size>
         <input_file_ref idref="fl-2"/>
      </object_component>
      <object_component id="oc-47c">
         <name>.const:.string:h5x7_194</name>
         <load_address>0xc86e</load_address>
         <run_address>0xc86e</run_address>
         <size>0x6</size>
         <input_file_ref idref="fl-2"/>
      </object_component>
      <object_component id="oc-47f">
         <name>.const:.string:h5x7_195</name>
         <load_address>0xc874</load_address>
         <run_address>0xc874</run_address>
         <size>0x6</size>
         <input_file_ref idref="fl-2"/>
      </object_component>
      <object_component id="oc-482">
         <name>.const:.string:h5x7_196</name>
         <load_address>0xc87a</load_address>
         <run_address>0xc87a</run_address>
         <size>0x6</size>
         <input_file_ref idref="fl-2"/>
      </object_component>
      <object_component id="oc-485">
         <name>.const:.string:h5x7_197</name>
         <load_address>0xc880</load_address>
         <run_address>0xc880</run_address>
         <size>0x6</size>
         <input_file_ref idref="fl-2"/>
      </object_component>
      <object_component id="oc-488">
         <name>.const:.string:h5x7_198</name>
         <load_address>0xc886</load_address>
         <run_address>0xc886</run_address>
         <size>0x6</size>
         <input_file_ref idref="fl-2"/>
      </object_component>
      <object_component id="oc-48b">
         <name>.const:.string:h5x7_199</name>
         <load_address>0xc88c</load_address>
         <run_address>0xc88c</run_address>
         <size>0x6</size>
         <input_file_ref idref="fl-2"/>
      </object_component>
      <object_component id="oc-48e">
         <name>.const:.string:h5x7_200</name>
         <load_address>0xc892</load_address>
         <run_address>0xc892</run_address>
         <size>0x6</size>
         <input_file_ref idref="fl-2"/>
      </object_component>
      <object_component id="oc-491">
         <name>.const:.string:h5x7_201</name>
         <load_address>0xc898</load_address>
         <run_address>0xc898</run_address>
         <size>0x6</size>
         <input_file_ref idref="fl-2"/>
      </object_component>
      <object_component id="oc-494">
         <name>.const:.string:h5x7_202</name>
         <load_address>0xc89e</load_address>
         <run_address>0xc89e</run_address>
         <size>0x6</size>
         <input_file_ref idref="fl-2"/>
      </object_component>
      <object_component id="oc-497">
         <name>.const:.string:h5x7_203</name>
         <load_address>0xc8a4</load_address>
         <run_address>0xc8a4</run_address>
         <size>0x6</size>
         <input_file_ref idref="fl-2"/>
      </object_component>
      <object_component id="oc-49a">
         <name>.const:.string:h5x7_204</name>
         <load_address>0xc8aa</load_address>
         <run_address>0xc8aa</run_address>
         <size>0x6</size>
         <input_file_ref idref="fl-2"/>
      </object_component>
      <object_component id="oc-49d">
         <name>.const:.string:h5x7_205</name>
         <load_address>0xc8b0</load_address>
         <run_address>0xc8b0</run_address>
         <size>0x6</size>
         <input_file_ref idref="fl-2"/>
      </object_component>
      <object_component id="oc-4a0">
         <name>.const:.string:h5x7_206</name>
         <load_address>0xc8b6</load_address>
         <run_address>0xc8b6</run_address>
         <size>0x6</size>
         <input_file_ref idref="fl-2"/>
      </object_component>
      <object_component id="oc-4a3">
         <name>.const:.string:h5x7_207</name>
         <load_address>0xc8bc</load_address>
         <run_address>0xc8bc</run_address>
         <size>0x6</size>
         <input_file_ref idref="fl-2"/>
      </object_component>
      <object_component id="oc-4a6">
         <name>.const:.string:h5x7_208</name>
         <load_address>0xc8c2</load_address>
         <run_address>0xc8c2</run_address>
         <size>0x6</size>
         <input_file_ref idref="fl-2"/>
      </object_component>
      <object_component id="oc-4a9">
         <name>.const:.string:h5x7_209</name>
         <load_address>0xc8c8</load_address>
         <run_address>0xc8c8</run_address>
         <size>0x6</size>
         <input_file_ref idref="fl-2"/>
      </object_component>
      <object_component id="oc-4ac">
         <name>.const:.string:h5x7_210</name>
         <load_address>0xc8ce</load_address>
         <run_address>0xc8ce</run_address>
         <size>0x6</size>
         <input_file_ref idref="fl-2"/>
      </object_component>
      <object_component id="oc-4af">
         <name>.const:.string:h5x7_211</name>
         <load_address>0xc8d4</load_address>
         <run_address>0xc8d4</run_address>
         <size>0x6</size>
         <input_file_ref idref="fl-2"/>
      </object_component>
      <object_component id="oc-4b2">
         <name>.const:.string:h5x7_212</name>
         <load_address>0xc8da</load_address>
         <run_address>0xc8da</run_address>
         <size>0x6</size>
         <input_file_ref idref="fl-2"/>
      </object_component>
      <object_component id="oc-4b5">
         <name>.const:.string:h5x7_213</name>
         <load_address>0xc8e0</load_address>
         <run_address>0xc8e0</run_address>
         <size>0x6</size>
         <input_file_ref idref="fl-2"/>
      </object_component>
      <object_component id="oc-4b8">
         <name>.const:.string:h5x7_214</name>
         <load_address>0xc8e6</load_address>
         <run_address>0xc8e6</run_address>
         <size>0x6</size>
         <input_file_ref idref="fl-2"/>
      </object_component>
      <object_component id="oc-4bb">
         <name>.const:.string:h5x7_215</name>
         <load_address>0xc8ec</load_address>
         <run_address>0xc8ec</run_address>
         <size>0x6</size>
         <input_file_ref idref="fl-2"/>
      </object_component>
      <object_component id="oc-4be">
         <name>.const:.string:h5x7_216</name>
         <load_address>0xc8f2</load_address>
         <run_address>0xc8f2</run_address>
         <size>0x6</size>
         <input_file_ref idref="fl-2"/>
      </object_component>
      <object_component id="oc-4c1">
         <name>.const:.string:h5x7_217</name>
         <load_address>0xc8f8</load_address>
         <run_address>0xc8f8</run_address>
         <size>0x6</size>
         <input_file_ref idref="fl-2"/>
      </object_component>
      <object_component id="oc-4c4">
         <name>.const:.string:h5x7_218</name>
         <load_address>0xc8fe</load_address>
         <run_address>0xc8fe</run_address>
         <size>0x6</size>
         <input_file_ref idref="fl-2"/>
      </object_component>
      <object_component id="oc-4c7">
         <name>.const:.string:h5x7_219</name>
         <load_address>0xc904</load_address>
         <run_address>0xc904</run_address>
         <size>0x6</size>
         <input_file_ref idref="fl-2"/>
      </object_component>
      <object_component id="oc-4ca">
         <name>.const:.string:h5x7_220</name>
         <load_address>0xc90a</load_address>
         <run_address>0xc90a</run_address>
         <size>0x6</size>
         <input_file_ref idref="fl-2"/>
      </object_component>
      <object_component id="oc-4cd">
         <name>.const:.string:h5x7_221</name>
         <load_address>0xc910</load_address>
         <run_address>0xc910</run_address>
         <size>0x6</size>
         <input_file_ref idref="fl-2"/>
      </object_component>
      <object_component id="oc-4d0">
         <name>.const:.string:h5x7_222</name>
         <load_address>0xc916</load_address>
         <run_address>0xc916</run_address>
         <size>0x6</size>
         <input_file_ref idref="fl-2"/>
      </object_component>
      <object_component id="oc-4d3">
         <name>.const:.string:h5x7_223</name>
         <load_address>0xc91c</load_address>
         <run_address>0xc91c</run_address>
         <size>0x6</size>
         <input_file_ref idref="fl-2"/>
      </object_component>
      <object_component id="oc-4d6">
         <name>.const:.string:h5x7_224</name>
         <load_address>0xc922</load_address>
         <run_address>0xc922</run_address>
         <size>0x6</size>
         <input_file_ref idref="fl-2"/>
      </object_component>
      <object_component id="oc-4d9">
         <name>.const:.string:h5x7_225</name>
         <load_address>0xc928</load_address>
         <run_address>0xc928</run_address>
         <size>0x6</size>
         <input_file_ref idref="fl-2"/>
      </object_component>
      <object_component id="oc-4dc">
         <name>.const:.string:h5x7_226</name>
         <load_address>0xc92e</load_address>
         <run_address>0xc92e</run_address>
         <size>0x6</size>
         <input_file_ref idref="fl-2"/>
      </object_component>
      <object_component id="oc-4df">
         <name>.const:.string:h5x7_227</name>
         <load_address>0xc934</load_address>
         <run_address>0xc934</run_address>
         <size>0x6</size>
         <input_file_ref idref="fl-2"/>
      </object_component>
      <object_component id="oc-4e2">
         <name>.const:.string:h5x7_228</name>
         <load_address>0xc93a</load_address>
         <run_address>0xc93a</run_address>
         <size>0x6</size>
         <input_file_ref idref="fl-2"/>
      </object_component>
      <object_component id="oc-4e5">
         <name>.const:.string:h5x7_229</name>
         <load_address>0xc940</load_address>
         <run_address>0xc940</run_address>
         <size>0x6</size>
         <input_file_ref idref="fl-2"/>
      </object_component>
      <object_component id="oc-4e8">
         <name>.const:.string:h5x7_230</name>
         <load_address>0xc946</load_address>
         <run_address>0xc946</run_address>
         <size>0x6</size>
         <input_file_ref idref="fl-2"/>
      </object_component>
      <object_component id="oc-4eb">
         <name>.const:.string:h5x7_231</name>
         <load_address>0xc94c</load_address>
         <run_address>0xc94c</run_address>
         <size>0x6</size>
         <input_file_ref idref="fl-2"/>
      </object_component>
      <object_component id="oc-4ee">
         <name>.const:.string:h5x7_232</name>
         <load_address>0xc952</load_address>
         <run_address>0xc952</run_address>
         <size>0x6</size>
         <input_file_ref idref="fl-2"/>
      </object_component>
      <object_component id="oc-4f1">
         <name>.const:.string:h5x7_233</name>
         <load_address>0xc958</load_address>
         <run_address>0xc958</run_address>
         <size>0x6</size>
         <input_file_ref idref="fl-2"/>
      </object_component>
      <object_component id="oc-4f4">
         <name>.const:.string:h5x7_234</name>
         <load_address>0xc95e</load_address>
         <run_address>0xc95e</run_address>
         <size>0x6</size>
         <input_file_ref idref="fl-2"/>
      </object_component>
      <object_component id="oc-4f7">
         <name>.const:.string:h5x7_235</name>
         <load_address>0xc964</load_address>
         <run_address>0xc964</run_address>
         <size>0x6</size>
         <input_file_ref idref="fl-2"/>
      </object_component>
      <object_component id="oc-4fa">
         <name>.const:.string:h5x7_236</name>
         <load_address>0xc96a</load_address>
         <run_address>0xc96a</run_address>
         <size>0x6</size>
         <input_file_ref idref="fl-2"/>
      </object_component>
      <object_component id="oc-4fd">
         <name>.const:.string:h5x7_237</name>
         <load_address>0xc970</load_address>
         <run_address>0xc970</run_address>
         <size>0x6</size>
         <input_file_ref idref="fl-2"/>
      </object_component>
      <object_component id="oc-500">
         <name>.const:.string:h5x7_238</name>
         <load_address>0xc976</load_address>
         <run_address>0xc976</run_address>
         <size>0x6</size>
         <input_file_ref idref="fl-2"/>
      </object_component>
      <object_component id="oc-503">
         <name>.const:.string:h5x7_239</name>
         <load_address>0xc97c</load_address>
         <run_address>0xc97c</run_address>
         <size>0x6</size>
         <input_file_ref idref="fl-2"/>
      </object_component>
      <object_component id="oc-27b">
         <name>.const:.string:h5x7_23</name>
         <load_address>0xc982</load_address>
         <run_address>0xc982</run_address>
         <size>0x6</size>
         <input_file_ref idref="fl-2"/>
      </object_component>
      <object_component id="oc-506">
         <name>.const:.string:h5x7_240</name>
         <load_address>0xc988</load_address>
         <run_address>0xc988</run_address>
         <size>0x6</size>
         <input_file_ref idref="fl-2"/>
      </object_component>
      <object_component id="oc-509">
         <name>.const:.string:h5x7_241</name>
         <load_address>0xc98e</load_address>
         <run_address>0xc98e</run_address>
         <size>0x6</size>
         <input_file_ref idref="fl-2"/>
      </object_component>
      <object_component id="oc-50c">
         <name>.const:.string:h5x7_242</name>
         <load_address>0xc994</load_address>
         <run_address>0xc994</run_address>
         <size>0x6</size>
         <input_file_ref idref="fl-2"/>
      </object_component>
      <object_component id="oc-50f">
         <name>.const:.string:h5x7_243</name>
         <load_address>0xc99a</load_address>
         <run_address>0xc99a</run_address>
         <size>0x6</size>
         <input_file_ref idref="fl-2"/>
      </object_component>
      <object_component id="oc-512">
         <name>.const:.string:h5x7_244</name>
         <load_address>0xc9a0</load_address>
         <run_address>0xc9a0</run_address>
         <size>0x6</size>
         <input_file_ref idref="fl-2"/>
      </object_component>
      <object_component id="oc-515">
         <name>.const:.string:h5x7_245</name>
         <load_address>0xc9a6</load_address>
         <run_address>0xc9a6</run_address>
         <size>0x6</size>
         <input_file_ref idref="fl-2"/>
      </object_component>
      <object_component id="oc-518">
         <name>.const:.string:h5x7_246</name>
         <load_address>0xc9ac</load_address>
         <run_address>0xc9ac</run_address>
         <size>0x6</size>
         <input_file_ref idref="fl-2"/>
      </object_component>
      <object_component id="oc-51b">
         <name>.const:.string:h5x7_247</name>
         <load_address>0xc9b2</load_address>
         <run_address>0xc9b2</run_address>
         <size>0x6</size>
         <input_file_ref idref="fl-2"/>
      </object_component>
      <object_component id="oc-51e">
         <name>.const:.string:h5x7_248</name>
         <load_address>0xc9b8</load_address>
         <run_address>0xc9b8</run_address>
         <size>0x6</size>
         <input_file_ref idref="fl-2"/>
      </object_component>
      <object_component id="oc-521">
         <name>.const:.string:h5x7_249</name>
         <load_address>0xc9be</load_address>
         <run_address>0xc9be</run_address>
         <size>0x6</size>
         <input_file_ref idref="fl-2"/>
      </object_component>
      <object_component id="oc-27e">
         <name>.const:.string:h5x7_24</name>
         <load_address>0xc9c4</load_address>
         <run_address>0xc9c4</run_address>
         <size>0x6</size>
         <input_file_ref idref="fl-2"/>
      </object_component>
      <object_component id="oc-524">
         <name>.const:.string:h5x7_250</name>
         <load_address>0xc9ca</load_address>
         <run_address>0xc9ca</run_address>
         <size>0x6</size>
         <input_file_ref idref="fl-2"/>
      </object_component>
      <object_component id="oc-527">
         <name>.const:.string:h5x7_251</name>
         <load_address>0xc9d0</load_address>
         <run_address>0xc9d0</run_address>
         <size>0x6</size>
         <input_file_ref idref="fl-2"/>
      </object_component>
      <object_component id="oc-52a">
         <name>.const:.string:h5x7_252</name>
         <load_address>0xc9d6</load_address>
         <run_address>0xc9d6</run_address>
         <size>0x6</size>
         <input_file_ref idref="fl-2"/>
      </object_component>
      <object_component id="oc-52d">
         <name>.const:.string:h5x7_253</name>
         <load_address>0xc9dc</load_address>
         <run_address>0xc9dc</run_address>
         <size>0x6</size>
         <input_file_ref idref="fl-2"/>
      </object_component>
      <object_component id="oc-530">
         <name>.const:.string:h5x7_254</name>
         <load_address>0xc9e2</load_address>
         <run_address>0xc9e2</run_address>
         <size>0x6</size>
         <input_file_ref idref="fl-2"/>
      </object_component>
      <object_component id="oc-533">
         <name>.const:.string:h5x7_255</name>
         <load_address>0xc9e8</load_address>
         <run_address>0xc9e8</run_address>
         <size>0x6</size>
         <input_file_ref idref="fl-2"/>
      </object_component>
      <object_component id="oc-281">
         <name>.const:.string:h5x7_25</name>
         <load_address>0xc9ee</load_address>
         <run_address>0xc9ee</run_address>
         <size>0x6</size>
         <input_file_ref idref="fl-2"/>
      </object_component>
      <object_component id="oc-284">
         <name>.const:.string:h5x7_26</name>
         <load_address>0xc9f4</load_address>
         <run_address>0xc9f4</run_address>
         <size>0x6</size>
         <input_file_ref idref="fl-2"/>
      </object_component>
      <object_component id="oc-287">
         <name>.const:.string:h5x7_27</name>
         <load_address>0xc9fa</load_address>
         <run_address>0xc9fa</run_address>
         <size>0x6</size>
         <input_file_ref idref="fl-2"/>
      </object_component>
      <object_component id="oc-28a">
         <name>.const:.string:h5x7_28</name>
         <load_address>0xca00</load_address>
         <run_address>0xca00</run_address>
         <size>0x6</size>
         <input_file_ref idref="fl-2"/>
      </object_component>
      <object_component id="oc-28d">
         <name>.const:.string:h5x7_29</name>
         <load_address>0xca06</load_address>
         <run_address>0xca06</run_address>
         <size>0x6</size>
         <input_file_ref idref="fl-2"/>
      </object_component>
      <object_component id="oc-290">
         <name>.const:.string:h5x7_30</name>
         <load_address>0xca0c</load_address>
         <run_address>0xca0c</run_address>
         <size>0x6</size>
         <input_file_ref idref="fl-2"/>
      </object_component>
      <object_component id="oc-293">
         <name>.const:.string:h5x7_31</name>
         <load_address>0xca12</load_address>
         <run_address>0xca12</run_address>
         <size>0x6</size>
         <input_file_ref idref="fl-2"/>
      </object_component>
      <object_component id="oc-296">
         <name>.const:.string:h5x7_32</name>
         <load_address>0xca18</load_address>
         <run_address>0xca18</run_address>
         <size>0x6</size>
         <input_file_ref idref="fl-2"/>
      </object_component>
      <object_component id="oc-299">
         <name>.const:.string:h5x7_33</name>
         <load_address>0xca1e</load_address>
         <run_address>0xca1e</run_address>
         <size>0x6</size>
         <input_file_ref idref="fl-2"/>
      </object_component>
      <object_component id="oc-29c">
         <name>.const:.string:h5x7_34</name>
         <load_address>0xca24</load_address>
         <run_address>0xca24</run_address>
         <size>0x6</size>
         <input_file_ref idref="fl-2"/>
      </object_component>
      <object_component id="oc-29f">
         <name>.const:.string:h5x7_35</name>
         <load_address>0xca2a</load_address>
         <run_address>0xca2a</run_address>
         <size>0x6</size>
         <input_file_ref idref="fl-2"/>
      </object_component>
      <object_component id="oc-2a2">
         <name>.const:.string:h5x7_36</name>
         <load_address>0xca30</load_address>
         <run_address>0xca30</run_address>
         <size>0x6</size>
         <input_file_ref idref="fl-2"/>
      </object_component>
      <object_component id="oc-2a5">
         <name>.const:.string:h5x7_37</name>
         <load_address>0xca36</load_address>
         <run_address>0xca36</run_address>
         <size>0x6</size>
         <input_file_ref idref="fl-2"/>
      </object_component>
      <object_component id="oc-2a8">
         <name>.const:.string:h5x7_38</name>
         <load_address>0xca3c</load_address>
         <run_address>0xca3c</run_address>
         <size>0x6</size>
         <input_file_ref idref="fl-2"/>
      </object_component>
      <object_component id="oc-2ab">
         <name>.const:.string:h5x7_39</name>
         <load_address>0xca42</load_address>
         <run_address>0xca42</run_address>
         <size>0x6</size>
         <input_file_ref idref="fl-2"/>
      </object_component>
      <object_component id="oc-2ae">
         <name>.const:.string:h5x7_40</name>
         <load_address>0xca48</load_address>
         <run_address>0xca48</run_address>
         <size>0x6</size>
         <input_file_ref idref="fl-2"/>
      </object_component>
      <object_component id="oc-2b1">
         <name>.const:.string:h5x7_41</name>
         <load_address>0xca4e</load_address>
         <run_address>0xca4e</run_address>
         <size>0x6</size>
         <input_file_ref idref="fl-2"/>
      </object_component>
      <object_component id="oc-2b4">
         <name>.const:.string:h5x7_42</name>
         <load_address>0xca54</load_address>
         <run_address>0xca54</run_address>
         <size>0x6</size>
         <input_file_ref idref="fl-2"/>
      </object_component>
      <object_component id="oc-2b7">
         <name>.const:.string:h5x7_43</name>
         <load_address>0xca5a</load_address>
         <run_address>0xca5a</run_address>
         <size>0x6</size>
         <input_file_ref idref="fl-2"/>
      </object_component>
      <object_component id="oc-2ba">
         <name>.const:.string:h5x7_44</name>
         <load_address>0xca60</load_address>
         <run_address>0xca60</run_address>
         <size>0x6</size>
         <input_file_ref idref="fl-2"/>
      </object_component>
      <object_component id="oc-2bd">
         <name>.const:.string:h5x7_45</name>
         <load_address>0xca66</load_address>
         <run_address>0xca66</run_address>
         <size>0x6</size>
         <input_file_ref idref="fl-2"/>
      </object_component>
      <object_component id="oc-2c0">
         <name>.const:.string:h5x7_46</name>
         <load_address>0xca6c</load_address>
         <run_address>0xca6c</run_address>
         <size>0x6</size>
         <input_file_ref idref="fl-2"/>
      </object_component>
      <object_component id="oc-2c3">
         <name>.const:.string:h5x7_47</name>
         <load_address>0xca72</load_address>
         <run_address>0xca72</run_address>
         <size>0x6</size>
         <input_file_ref idref="fl-2"/>
      </object_component>
      <object_component id="oc-2c6">
         <name>.const:.string:h5x7_48</name>
         <load_address>0xca78</load_address>
         <run_address>0xca78</run_address>
         <size>0x6</size>
         <input_file_ref idref="fl-2"/>
      </object_component>
      <object_component id="oc-2c9">
         <name>.const:.string:h5x7_49</name>
         <load_address>0xca7e</load_address>
         <run_address>0xca7e</run_address>
         <size>0x6</size>
         <input_file_ref idref="fl-2"/>
      </object_component>
      <object_component id="oc-2cc">
         <name>.const:.string:h5x7_50</name>
         <load_address>0xca84</load_address>
         <run_address>0xca84</run_address>
         <size>0x6</size>
         <input_file_ref idref="fl-2"/>
      </object_component>
      <object_component id="oc-2cf">
         <name>.const:.string:h5x7_51</name>
         <load_address>0xca8a</load_address>
         <run_address>0xca8a</run_address>
         <size>0x6</size>
         <input_file_ref idref="fl-2"/>
      </object_component>
      <object_component id="oc-2d2">
         <name>.const:.string:h5x7_52</name>
         <load_address>0xca90</load_address>
         <run_address>0xca90</run_address>
         <size>0x6</size>
         <input_file_ref idref="fl-2"/>
      </object_component>
      <object_component id="oc-2d5">
         <name>.const:.string:h5x7_53</name>
         <load_address>0xca96</load_address>
         <run_address>0xca96</run_address>
         <size>0x6</size>
         <input_file_ref idref="fl-2"/>
      </object_component>
      <object_component id="oc-2d8">
         <name>.const:.string:h5x7_54</name>
         <load_address>0xca9c</load_address>
         <run_address>0xca9c</run_address>
         <size>0x6</size>
         <input_file_ref idref="fl-2"/>
      </object_component>
      <object_component id="oc-2db">
         <name>.const:.string:h5x7_55</name>
         <load_address>0xcaa2</load_address>
         <run_address>0xcaa2</run_address>
         <size>0x6</size>
         <input_file_ref idref="fl-2"/>
      </object_component>
      <object_component id="oc-2de">
         <name>.const:.string:h5x7_56</name>
         <load_address>0xcaa8</load_address>
         <run_address>0xcaa8</run_address>
         <size>0x6</size>
         <input_file_ref idref="fl-2"/>
      </object_component>
      <object_component id="oc-2e1">
         <name>.const:.string:h5x7_57</name>
         <load_address>0xcaae</load_address>
         <run_address>0xcaae</run_address>
         <size>0x6</size>
         <input_file_ref idref="fl-2"/>
      </object_component>
      <object_component id="oc-2e4">
         <name>.const:.string:h5x7_58</name>
         <load_address>0xcab4</load_address>
         <run_address>0xcab4</run_address>
         <size>0x6</size>
         <input_file_ref idref="fl-2"/>
      </object_component>
      <object_component id="oc-2e7">
         <name>.const:.string:h5x7_59</name>
         <load_address>0xcaba</load_address>
         <run_address>0xcaba</run_address>
         <size>0x6</size>
         <input_file_ref idref="fl-2"/>
      </object_component>
      <object_component id="oc-2ea">
         <name>.const:.string:h5x7_60</name>
         <load_address>0xcac0</load_address>
         <run_address>0xcac0</run_address>
         <size>0x6</size>
         <input_file_ref idref="fl-2"/>
      </object_component>
      <object_component id="oc-2ed">
         <name>.const:.string:h5x7_61</name>
         <load_address>0xcac6</load_address>
         <run_address>0xcac6</run_address>
         <size>0x6</size>
         <input_file_ref idref="fl-2"/>
      </object_component>
      <object_component id="oc-2f0">
         <name>.const:.string:h5x7_62</name>
         <load_address>0xcacc</load_address>
         <run_address>0xcacc</run_address>
         <size>0x6</size>
         <input_file_ref idref="fl-2"/>
      </object_component>
      <object_component id="oc-2f3">
         <name>.const:.string:h5x7_63</name>
         <load_address>0xcad2</load_address>
         <run_address>0xcad2</run_address>
         <size>0x6</size>
         <input_file_ref idref="fl-2"/>
      </object_component>
      <object_component id="oc-2f6">
         <name>.const:.string:h5x7_64</name>
         <load_address>0xcad8</load_address>
         <run_address>0xcad8</run_address>
         <size>0x6</size>
         <input_file_ref idref="fl-2"/>
      </object_component>
      <object_component id="oc-2f9">
         <name>.const:.string:h5x7_65</name>
         <load_address>0xcade</load_address>
         <run_address>0xcade</run_address>
         <size>0x6</size>
         <input_file_ref idref="fl-2"/>
      </object_component>
      <object_component id="oc-2fc">
         <name>.const:.string:h5x7_66</name>
         <load_address>0xcae4</load_address>
         <run_address>0xcae4</run_address>
         <size>0x6</size>
         <input_file_ref idref="fl-2"/>
      </object_component>
      <object_component id="oc-2ff">
         <name>.const:.string:h5x7_67</name>
[...]
         <name>h5x7_15</name>
         <value>0xc4d0</value>
         <object_component_ref idref="oc-263"/>
      </symbol>
      <symbol id="sm-6ca">
         <name>h5x7_16</name>
         <value>0xc4ee</value>
         <object_component_ref idref="oc-266"/>
      </symbol>
      <symbol id="sm-6cb">
         <name>h5x7_17</name>
         <value>0xc50c</value>
         <object_component_ref idref="oc-269"/>
      </symbol>
      <symbol id="sm-6cc">
         <name>h5x7_18</name>
         <value>0xc5ea</value>
         <object_component_ref idref="oc-26c"/>
      </symbol>
      <symbol id="sm-6cd">
         <name>h5x7_19</name>
         <value>0xc5f4</value>
         <object_component_ref idref="oc-26f"/>
      </symbol>
      <symbol id="sm-6ce">
         <name>h5x7_20</name>
         <value>0xc52a</value>
         <object_component_ref idref="oc-272"/>
      </symbol>
      <symbol id="sm-6cf">
         <name>h5x7_21</name>
         <value>0xc548</value>
         <object_component_ref idref="oc-275"/>
      </symbol>
      <symbol id="sm-6d0">
         <name>h5x7_22</name>
         <value>0xc566</value>
         <object_component_ref idref="oc-278"/>
      </symbol>
      <symbol id="sm-6d1">
         <name>h5x7_23</name>
         <value>0xc982</value>
         <object_component_ref idref="oc-27b"/>
      </symbol>
      <symbol id="sm-6d2">
         <name>h5x7_24</name>
         <value>0xc9c4</value>
         <object_component_ref idref="oc-27e"/>
      </symbol>
      <symbol id="sm-6d3">
         <name>h5x7_25</name>
         <value>0xc9ee</value>
         <object_component_ref idref="oc-281"/>
      </symbol>
      <symbol id="sm-6d4">
         <name>h5x7_26</name>
         <value>0xc9f4</value>
         <object_component_ref idref="oc-284"/>
      </symbol>
      <symbol id="sm-6d5">
         <name>h5x7_27</name>
         <value>0xc9fa</value>
         <object_component_ref idref="oc-287"/>
      </symbol>
      <symbol id="sm-6d6">
         <name>h5x7_28</name>
         <value>0xca00</value>
         <object_component_ref idref="oc-28a"/>
      </symbol>
      <symbol id="sm-6d7">
         <name>h5x7_29</name>
         <value>0xca06</value>
         <object_component_ref idref="oc-28d"/>
      </symbol>
      <symbol id="sm-6f3">
         <name>TIMERCOUNT</name>
         <value>0x20a</value>
      </symbol>
      <symbol id="sm-6f4">
         <name>Delay</name>
         <value>0xd142</value>
         <object_component_ref idref="oc-198"/>
      </symbol>
      <symbol id="sm-6f5">
         <name>InitTimerSystem</name>
         <value>0xd17e</value>
         <object_component_ref idref="oc-183"/>
      </symbol>
      <symbol id="sm-6f6">
         <name>CallInISR</name>
         <value>0xd16c</value>
         <object_component_ref idref="oc-13d"/>
      </symbol>
      <symbol id="sm-780">
         <name>font_data_ptr</name>
         <value>0x20e</value>
      </symbol>
      <symbol id="sm-781">
         <name>masking</name>
         <value>0x211</value>
      </symbol>
      <symbol id="sm-782">
         <name>Inverted</name>
         <value>0x210</value>
      </symbol>
      <symbol id="sm-783">
         <name>row</name>
         <value>0x201</value>
         <object_component_ref idref="oc-21f"/>
      </symbol>
      <symbol id="sm-784">
         <name>PutChar</name>
         <value>0xcbb0</value>
         <object_component_ref idref="oc-53b"/>
      </symbol>
      <symbol id="sm-785">
         <name>SetFont</name>
         <value>0xd184</value>
         <object_component_ref idref="oc-1a1"/>
      </symbol>
      <symbol id="sm-786">
         <name>ClearDisplay</name>
         <value>0xcdf8</value>
         <object_component_ref idref="oc-216"/>
      </symbol>
      <symbol id="sm-787">
         <name>BaselineShift</name>
         <value>0x208</value>
         <object_component_ref idref="oc-21f"/>
      </symbol>
      <symbol id="sm-788">
         <name>InitDisplay</name>
         <value>0xce70</value>
         <object_component_ref idref="oc-210"/>
      </symbol>
      <symbol id="sm-789">
         <name>setPageAddress</name>
         <value>0xd15e</value>
         <object_component_ref idref="oc-222"/>
      </symbol>
      <symbol id="sm-78a">
         <name>sendSPIData</name>
         <value>0xd120</value>
         <object_component_ref idref="oc-58c"/>
      </symbol>
      <symbol id="sm-78b">
         <name>gotoxy</name>
         <value>0xd0c0</value>
         <object_component_ref idref="oc-1a7"/>
      </symbol>
      <symbol id="sm-78c">
         <name>WriteFSGraphic</name>
         <value>0xccf8</value>
         <object_component_ref idref="oc-192"/>
      </symbol>
      <symbol id="sm-78d">
         <name>debug_var</name>
         <value>0x206</value>
         <object_component_ref idref="oc-21f"/>
      </symbol>
      <symbol id="sm-78e">
         <name>PrintText</name>
         <value>0xd032</value>
         <object_component_ref idref="oc-1ae"/>
      </symbol>
      <symbol id="sm-78f">
         <name>column</name>
         <value>0x200</value>
         <object_component_ref idref="oc-21f"/>
      </symbol>
      <symbol id="sm-790">
         <name>InitDriver</name>
         <value>0xd06e</value>
         <object_component_ref idref="oc-20a"/>
      </symbol>
      <symbol id="sm-791">
         <name>debug_var_2</name>
         <value>0x207</value>
         <object_component_ref idref="oc-21f"/>
      </symbol>
      <symbol id="sm-792">
         <name>sendSPI</name>
         <value>0xcfa0</value>
         <object_component_ref idref="oc-7c3"/>
      </symbol>
      <symbol id="sm-793">
         <name>display_y_size</name>
         <value>0x204</value>
         <object_component_ref idref="oc-21f"/>
      </symbol>
      <symbol id="sm-794">
         <name>putPixels</name>
         <value>0xcf5e</value>
         <object_component_ref idref="oc-22e"/>
      </symbol>
      <symbol id="sm-795">
         <name>display_x_size</name>
         <value>0x202</value>
         <object_component_ref idref="oc-21f"/>
      </symbol>
      <symbol id="sm-796">
         <name>setColumnAddress</name>
         <value>0xd050</value>
         <object_component_ref idref="oc-228"/>
      </symbol>
      <symbol id="sm-797">
         <name>sendSPICmd</name>
         <value>0xd10e</value>
         <object_component_ref idref="oc-57b"/>
      </symbol>
      <symbol id="sm-7a0">
         <name>Init_gfx</name>
         <value>0xd150</value>
         <object_component_ref idref="oc-189"/>
      </symbol>
      <symbol id="sm-7a8">
         <name>__mspabi_srai</name>
         <value>0xcfda</value>
         <object_component_ref idref="oc-586"/>
      </symbol>
      <symbol id="sm-7a9">
         <name>__mspabi_srai_8</name>
         <value>0xcff4</value>
         <object_component_ref idref="oc-586"/>
      </symbol>
      <symbol id="sm-7aa">
         <name>__mspabi_srai_9</name>
         <value>0xcff2</value>
         <object_component_ref idref="oc-586"/>
      </symbol>
      <symbol id="sm-7ab">
         <name>__mspabi_srai_6</name>
         <value>0xcff8</value>
         <object_component_ref idref="oc-586"/>
      </symbol>
      <symbol id="sm-7ac">
         <name>__mspabi_srai_7</name>
         <value>0xcff6</value>
         <object_component_ref idref="oc-586"/>
      </symbol>
      <symbol id="sm-7ad">
         <name>__mspabi_srai_4</name>
         <value>0xcffc</value>
         <object_component_ref idref="oc-586"/>
      </symbol>
      <symbol id="sm-7ae">
         <name>__mspabi_srai_5</name>
         <value>0xcffa</value>
         <object_component_ref idref="oc-586"/>
      </symbol>
      <symbol id="sm-7af">
         <name>__mspabi_srai_2</name>
         <value>0xd000</value>
         <object_component_ref idref="oc-586"/>
      </symbol>
      <symbol id="sm-7b0">
         <name>__mspabi_srai_3</name>
         <value>0xcffe</value>
         <object_component_ref idref="oc-586"/>
      </symbol>
      <symbol id="sm-7b1">
         <name>__mspabi_srai_1</name>
         <value>0xd002</value>
         <object_component_ref idref="oc-586"/>
      </symbol>
      <symbol id="sm-7b2">
         <name>__mspabi_srai_15</name>
         <value>0xcfe6</value>
         <object_component_ref idref="oc-586"/>
      </symbol>
      <symbol id="sm-7b3">
         <name>__mspabi_srai_14</name>
         <value>0xcfe8</value>
         <object_component_ref idref="oc-586"/>
      </symbol>
      <symbol id="sm-7b4">
         <name>__mspabi_srai_13</name>
         <value>0xcfea</value>
         <object_component_ref idref="oc-586"/>
      </symbol>
      <symbol id="sm-7b5">
         <name>__mspabi_srai_12</name>
         <value>0xcfec</value>
         <object_component_ref idref="oc-586"/>
      </symbol>
      <symbol id="sm-7b6">
         <name>__mspabi_srai_11</name>
         <value>0xcfee</value>
         <object_component_ref idref="oc-586"/>
      </symbol>
      <symbol id="sm-7b7">
         <name>__mspabi_srai_10</name>
         <value>0xcff0</value>
         <object_component_ref idref="oc-586"/>
      </symbol>
      <symbol id="sm-7c0">
         <name>__mspabi_func_epilog_2</name>
         <value>0xd13c</value>
         <object_component_ref idref="oc-bf"/>
      </symbol>
      <symbol id="sm-7c1">
         <name>__mspabi_func_epilog_3</name>
         <value>0xd13a</value>
         <object_component_ref idref="oc-bf"/>
      </symbol>
      <symbol id="sm-7c2">
         <name>__mspabi_func_epilog_1</name>
         <value>0xd13e</value>
         <object_component_ref idref="oc-bf"/>
      </symbol>
      <symbol id="sm-7c3">
         <name>__mspabi_func_epilog_6</name>
         <value>0xd134</value>
         <object_component_ref idref="oc-bf"/>
      </symbol>
      <symbol id="sm-7c4">
         <name>__mspabi_func_epilog_7</name>
         <value>0xd132</value>
         <object_component_ref idref="oc-bf"/>
      </symbol>
      <symbol id="sm-7c5">
         <name>__mspabi_func_epilog_4</name>
         <value>0xd138</value>
         <object_component_ref idref="oc-bf"/>
      </symbol>
      <symbol id="sm-7c6">
         <name>__mspabi_func_epilog_5</name>
         <value>0xd136</value>
         <object_component_ref idref="oc-bf"/>
      </symbol>
      <symbol id="sm-7c9">
         <name>__TI_int00</name>
         <value>0xffe0</value>
         <object_component_ref idref="oc-40"/>
      </symbol>
      <symbol id="sm-7cc">
         <name>__TI_int02</name>
         <value>0xffe4</value>
         <object_component_ref idref="oc-41"/>
      </symbol>
      <symbol id="sm-7cf">
         <name>__TI_int03</name>
         <value>0xffe6</value>
         <object_component_ref idref="oc-42"/>
      </symbol>
      <symbol id="sm-7d2">
         <name>__TI_int05</name>
         <value>0xffea</value>
         <object_component_ref idref="oc-43"/>
      </symbol>
      <symbol id="sm-7d5">
         <name>__TI_int06</name>
         <value>0xffec</value>
         <object_component_ref idref="oc-44"/>
      </symbol>
      <symbol id="sm-7d8">
         <name>__TI_int07</name>
         <value>0xffee</value>
         <object_component_ref idref="oc-45"/>
      </symbol>
      <symbol id="sm-7db">
         <name>__TI_int08</name>
         <value>0xfff0</value>
         <object_component_ref idref="oc-46"/>
      </symbol>
      <symbol id="sm-7de">
         <name>__TI_int09</name>
         <value>0xfff2</value>
         <object_component_ref idref="oc-47"/>
      </symbol>
      <symbol id="sm-7e1">
         <name>__TI_int11</name>
         <value>0xfff6</value>
         <object_component_ref idref="oc-49"/>
      </symbol>
      <symbol id="sm-7e4">
         <name>__TI_int12</name>
         <value>0xfff8</value>
         <object_component_ref idref="oc-4a"/>
      </symbol>
      <symbol id="sm-7e7">
         <name>__TI_int13</name>
         <value>0xfffa</value>
         <object_component_ref idref="oc-4b"/>
      </symbol>
      <symbol id="sm-7ea">
         <name>__TI_int14</name>
         <value>0xfffc</value>
         <object_component_ref idref="oc-4c"/>
      </symbol>
      <symbol id="sm-7f2">
         <name>__TI_ISR_TRAP</name>
         <value>0xd176</value>
         <object_component_ref idref="oc-dc"/>
      </symbol>
      <symbol id="sm-7fa">
         <name>__mspabi_srli_8</name>
         <value>0xcefa</value>
         <object_component_ref idref="oc-ba"/>
      </symbol>
      <symbol id="sm-7fb">
         <name>__mspabi_srli_9</name>
         <value>0xcef6</value>
         <object_component_ref idref="oc-ba"/>
      </symbol>
      <symbol id="sm-7fc">
         <name>__mspabi_srli_6</name>
         <value>0xcf02</value>
         <object_component_ref idref="oc-ba"/>
      </symbol>
      <symbol id="sm-7fd">
         <name>__mspabi_srli_7</name>
         <value>0xcefe</value>
         <object_component_ref idref="oc-ba"/>
      </symbol>
      <symbol id="sm-7fe">
         <name>__mspabi_srli_4</name>
         <value>0xcf0a</value>
         <object_component_ref idref="oc-ba"/>
      </symbol>
      <symbol id="sm-7ff">
         <name>__mspabi_srli_5</name>
         <value>0xcf06</value>
         <object_component_ref idref="oc-ba"/>
      </symbol>
      <symbol id="sm-800">
         <name>__mspabi_srli_2</name>
         <value>0xcf12</value>
         <object_component_ref idref="oc-ba"/>
      </symbol>
      <symbol id="sm-801">
         <name>__mspabi_srli_3</name>
         <value>0xcf0e</value>
         <object_component_ref idref="oc-ba"/>
      </symbol>
      <symbol id="sm-802">
         <name>__mspabi_srli_1</name>
         <value>0xcf16</value>
         <object_component_ref idref="oc-ba"/>
      </symbol>
      <symbol id="sm-803">
         <name>__mspabi_srli</name>
         <value>0xced0</value>
         <object_component_ref idref="oc-ba"/>
      </symbol>
      <symbol id="sm-804">
         <name>__mspabi_srli_15</name>
         <value>0xcede</value>
         <object_component_ref idref="oc-ba"/>
      </symbol>
      <symbol id="sm-805">
         <name>__mspabi_srli_14</name>
         <value>0xcee2</value>
         <object_component_ref idref="oc-ba"/>
      </symbol>
      <symbol id="sm-806">
         <name>__mspabi_srli_13</name>
         <value>0xcee6</value>
         <object_component_ref idref="oc-ba"/>
      </symbol>
      <symbol id="sm-807">
         <name>__mspabi_srli_12</name>
         <value>0xceea</value>
         <object_component_ref idref="oc-ba"/>
      </symbol>
      <symbol id="sm-808">
         <name>__mspabi_srli_11</name>
         <value>0xceee</value>
         <object_component_ref idref="oc-ba"/>
      </symbol>
      <symbol id="sm-809">
         <name>__mspabi_srli_10</name>
         <value>0xcef2</value>
         <object_component_ref idref="oc-ba"/>
      </symbol>
      <symbol id="sm-819">
         <name>_stack</name>
         <value>0x3b0</value>
         <object_component_ref idref="oc-b1"/>
      </symbol>
      <symbol id="sm-81a">
         <name>_c_int00_noargs</name>
         <value>0xd08a</value>
         <object_component_ref idref="oc-f9"/>
      </symbol>
      <symbol id="sm-81b">
         <name>_reset_vector</name>
         <value>0xfffe</value>
         <object_component_ref idref="oc-b4"/>
      </symbol>
      <symbol id="sm-83d">
         <name>__TI_auto_init_nobinit_nopinit</name>
         <value>0xcf1c</value>
         <object_component_ref idref="oc-1c1"/>
      </symbol>
      <symbol id="sm-855">
         <name>__TI_zero_init_nomemset</name>
         <value>0xd0d6</value>
         <object_component_ref idref="oc-e7"/>
      </symbol>
      <symbol id="sm-860">
         <name>_system_pre_init</name>
         <value>0xd190</value>
         <object_component_ref idref="oc-14c"/>
      </symbol>
      <symbol id="sm-869">
         <name>_system_post_cinit</name>
         <value>0xd194</value>
         <object_component_ref idref="oc-554"/>
      </symbol>
      <symbol id="sm-87f">
         <name>__TI_decompress_none</name>
         <value>0xd0ea</value>
         <object_component_ref idref="oc-3a"/>
      </symbol>
      <symbol id="sm-8a2">
         <name>__TI_decompress_lzss</name>
         <value>0xcd7c</value>
         <object_component_ref idref="oc-34"/>
      </symbol>
      <symbol id="sm-8ac">
         <name>C$$EXIT</name>
         <value>0xd18a</value>
         <object_component_ref idref="oc-1b5"/>
      </symbol>
      <symbol id="sm-8ad">
         <name>abort</name>
         <value>0xd18a</value>
         <object_component_ref idref="oc-1b5"/>
      </symbol>
      <symbol id="sm-8bd">
         <name>memcpy</name>
         <value>0xd0fc</value>
         <object_component_ref idref="oc-cf"/>
      </symbol>
      <symbol id="sm-8c5">
         <name>__mspabi_slli</name>
         <value>0xd006</value>
         <object_component_ref idref="oc-b5"/>
      </symbol>
      <symbol id="sm-8c6">
         <name>__mspabi_slli_9</name>
         <value>0xd01e</value>
         <object_component_ref idref="oc-b5"/>
      </symbol>
      <symbol id="sm-8c7">
         <name>__mspabi_slli_8</name>
         <value>0xd020</value>
         <object_component_ref idref="oc-b5"/>
      </symbol>
      <symbol id="sm-8c8">
         <name>__mspabi_slli_7</name>
         <value>0xd022</value>
         <object_component_ref idref="oc-b5"/>
      </symbol>
      <symbol id="sm-8c9">
         <name>__mspabi_slli_6</name>
         <value>0xd024</value>
         <object_component_ref idref="oc-b5"/>
      </symbol>
      <symbol id="sm-8ca">
         <name>__mspabi_slli_5</name>
         <value>0xd026</value>
         <object_component_ref idref="oc-b5"/>
      </symbol>
      <symbol id="sm-8cb">
         <name>__mspabi_slli_4</name>
         <value>0xd028</value>
         <object_component_ref idref="oc-b5"/>
      </symbol>
      <symbol id="sm-8cc">
         <name>__mspabi_slli_3</name>
         <value>0xd02a</value>
         <object_component_ref idref="oc-b5"/>
      </symbol>
      <symbol id="sm-8cd">
         <name>__mspabi_slli_2</name>
         <value>0xd02c</value>
         <object_component_ref idref="oc-b5"/>
      </symbol>
      <symbol id="sm-8ce">
         <name>__mspabi_slli_1</name>
         <value>0xd02e</value>
         <object_component_ref idref="oc-b5"/>
      </symbol>
      <symbol id="sm-8cf">
         <name>__mspabi_slli_15</name>
         <value>0xd012</value>
         <object_component_ref idref="oc-b5"/>
      </symbol>
      <symbol id="sm-8d0">
         <name>__mspabi_slli_14</name>
         <value>0xd014</value>
         <object_component_ref idref="oc-b5"/>
      </symbol>
      <symbol id="sm-8d1">
         <name>__mspabi_slli_13</name>
         <value>0xd016</value>
         <object_component_ref idref="oc-b5"/>
      </symbol>
      <symbol id="sm-8d2">
         <name>__mspabi_slli_12</name>
         <value>0xd018</value>
         <object_component_ref idref="oc-b5"/>
      </symbol>
      <symbol id="sm-8d3">
         <name>__mspabi_slli_11</name>
         <value>0xd01a</value>
         <object_component_ref idref="oc-b5"/>
      </symbol>
      <symbol id="sm-8d4">
         <name>__mspabi_slli_10</name>
         <value>0xd01c</value>
         <object_component_ref idref="oc-b5"/>
      </symbol>
      <symbol id="sm-8d9">
         <name>Set_Location</name>
         <value>0xd0c0</value>
      </symbol>
      <symbol id="sm-8da">
         <name>Print_Text</name>
         <value>0xd032</value>
      </symbol>
      <symbol id="sm-8db">
         <name>Set_Font</name>
         <value>0xd184</value>
      </symbol>
      <symbol id="sm-8dc">
         <name>Put_Char</name>
         <value>0xcbb0</value>
      </symbol>
      <symbol id="sm-8dd">
         <name>Put_graphic</name>
         <value>0xccf8</value>
      </symbol>
      <symbol id="sm-8de">
         <name>Clear_Display</name>
         <value>0xcdf8</value>
      </symbol>
   </symbol_table>
   <title>Link successful</title>
</link_info>
