******************************************************************************
                  MSP430 Linker PC v21.6.1                     
******************************************************************************
>> Linked Sun Aug 10 18:32:13 2025

OUTPUT FILE NAME:   <gfxEmbed.out>
ENTRY POINT SYMBOL: "_c_int00_noargs"  address: 0000d08a


MEMORY CONFIGURATION

         name            origin    length      used     unused   attr    fill
----------------------  --------  ---------  --------  --------  ----  --------
  SFR                   00000000   00000010  00000000  00000010  RWIX
  PERIPHERALS_8BIT      00000010   000000f0  00000000  000000f0  RWIX
  PERIPHERALS_16BIT     00000100   00000100  00000000  00000100  RWIX
  RAM                   00000200   00000200  00000061  0000019f  RWIX
  INFOD                 00001000   00000040  00000000  00000040  RWIX
  INFOC                 00001040   00000040  00000000  00000040  RWIX
  INFOB                 00001080   00000040  00000000  00000040  RWIX
  INFOA                 000010c0   00000040  00000000  00000040  RWIX
  FLASH                 0000c000   00003fde  000011b4  00002e2a  RWIX
  BSLSIGNATURE          0000ffde   00000002  00000002  00000000  RWIX  ffff 
  INT00                 0000ffe0   00000002  00000002  00000000  RWIX
  INT01                 0000ffe2   00000002  00000000  00000002  RWIX
  INT02                 0000ffe4   00000002  00000002  00000000  RWIX
  INT03                 0000ffe6   00000002  00000002  00000000  RWIX
  INT04                 0000ffe8   00000002  00000000  00000002  RWIX
  INT05                 0000ffea   00000002  00000002  00000000  RWIX
  INT06                 0000ffec   00000002  00000002  00000000  RWIX
  INT07                 0000ffee   00000002  00000002  00000000  RWIX
  INT08                 0000fff0   00000002  00000002  00000000  RWIX
  INT09                 0000fff2   00000002  00000002  00000000  RWIX
  INT10                 0000fff4   00000002  00000002  00000000  RWIX
  INT11                 0000fff6   00000002  00000002  00000000  RWIX
  INT12                 0000fff8   00000002  00000002  00000000  RWIX
  INT13                 0000fffa   00000002  00000002  00000000  RWIX
  INT14                 0000fffc   00000002  00000002  00000000  RWIX
  RESET                 0000fffe   00000002  00000002  00000000  RWIX


SECTION ALLOCATION MAP

 output                                  attributes/
section   page    origin      length       input sections
--------  ----  ----------  ----------   ----------------
.data      0    00000200    00000009     UNINITIALIZED
                  00000200    00000009     nt75451.obj (.data)

.bss       0    0000020a    00000008     UNINITIALIZED
                  0000020a    00000002     (.common:TIMERCOUNT)
                  0000020c    00000002     (.common:TIME_MEASURE)
                  0000020e    00000002     (.common:font_data_ptr)
                  00000210    00000001     (.common:Inverted)
                  00000211    00000001     (.common:masking)

.stack     0    000003b0    00000050     UNINITIALIZED
                  000003b0    00000002     rts430_eabi.lib : boot.c.obj (.stack)
                  000003b2    0000004e     --HOLE--

.const     0    0000c000    00000bb0     
                  0000c000    00000280     main.obj (.const:.string:Testbmp)
                  0000c280    00000200     main.obj (.const:Hitachi)
                  0000c480    00000032     main.obj (.const:.string)
                  0000c4b2    0000001e     main.obj (.const:.string:h5x7_14)
                  0000c4d0    0000001e     main.obj (.const:.string:h5x7_15)
                  0000c4ee    0000001e     main.obj (.const:.string:h5x7_16)
                  0000c50c    0000001e     main.obj (.const:.string:h5x7_17)
                  0000c52a    0000001e     main.obj (.const:.string:h5x7_20)
                  0000c548    0000001e     main.obj (.const:.string:h5x7_21)
                  0000c566    0000001e     main.obj (.const:.string:h5x7_22)
                  0000c584    00000014     main.obj (.const:.string:h5x7_06)
                  0000c598    00000013     main.obj (.const:.string:h5x7_03)
                  0000c5ab    00000001     --HOLE-- [fill = 0]
                  0000c5ac    00000013     main.obj (.const:.string:h5x7_13)
                  0000c5bf    00000001     --HOLE-- [fill = 0]
                  0000c5c0    0000000f     main.obj (.const:.string:h5x7_08)
                  0000c5cf    00000001     --HOLE-- [fill = 0]
                  0000c5d0    0000000d     main.obj (.const:.string:h5x7_04)
                  0000c5dd    00000001     --HOLE-- [fill = 0]
                  0000c5de    0000000b     main.obj (.const:.string:h5x7_05)
                  0000c5e9    00000001     --HOLE-- [fill = 0]
                  0000c5ea    00000009     main.obj (.const:.string:h5x7_18)
                  0000c5f3    00000001     --HOLE-- [fill = 0]
                  0000c5f4    00000009     main.obj (.const:.string:h5x7_19)
                  0000c5fd    00000001     --HOLE-- [fill = 0]
                  0000c5fe    00000008     main.obj (.const:.string:h5x7_02)
                  0000c606    00000008     main.obj (.const:.string:h5x7_07)
                  0000c60e    00000008     main.obj (.const:.string:h5x7_09)
                  0000c616    00000008     main.obj (.const:.string:h5x7_10)
                  0000c61e    00000008     main.obj (.const:.string:h5x7_11)
                  0000c626    00000008     main.obj (.const:.string:h5x7_12)
                  0000c62e    00000006     main.obj (.const:.string:h5x7_00)
                  0000c634    00000006     main.obj (.const:.string:h5x7_01)
                  0000c63a    00000006     main.obj (.const:.string:h5x7_100)
                  0000c640    00000006     main.obj (.const:.string:h5x7_101)
                  0000c646    00000006     main.obj (.const:.string:h5x7_102)
                  0000c64c    00000006     main.obj (.const:.string:h5x7_103)
                  0000c652    00000006     main.obj (.const:.string:h5x7_104)
                  0000c658    00000006     main.obj (.const:.string:h5x7_105)
                  0000c65e    00000006     main.obj (.const:.string:h5x7_106)
                  0000c664    00000006     main.obj (.const:.string:h5x7_107)
                  0000c66a    00000006     main.obj (.const:.string:h5x7_108)
                  0000c670    00000006     main.obj (.const:.string:h5x7_109)
                  0000c676    00000006     main.obj (.const:.string:h5x7_110)
                  0000c67c    00000006     main.obj (.const:.string:h5x7_111)
                  0000c682    00000006     main.obj (.const:.string:h5x7_112)
                  0000c688    00000006     main.obj (.const:.string:h5x7_113)
                  0000c68e    00000006     main.obj (.const:.string:h5x7_114)
                  0000c694    00000006     main.obj (.const:.string:h5x7_115)
                  0000c69a    00000006     main.obj (.const:.string:h5x7_116)
                  0000c6a0    00000006     main.obj (.const:.string:h5x7_117)
                  0000c6a6    00000006     main.obj (.const:.string:h5x7_118)
                  0000c6ac    00000006     main.obj (.const:.string:h5x7_119)
                  0000c6b2    00000006     main.obj (.const:.string:h5x7_120)
                  0000c6b8    00000006     main.obj (.const:.string:h5x7_121)
                  0000c6be    00000006     main.obj (.const:.string:h5x7_122)
                  0000c6c4    00000006     main.obj (.const:.string:h5x7_123)
                  0000c6ca    00000006     main.obj (.const:.string:h5x7_124)
                  0000c6d0    00000006     main.obj (.const:.string:h5x7_125)
                  0000c6d6    00000006     main.obj (.const:.string:h5x7_126)
                  0000c6dc    00000006     main.obj (.const:.string:h5x7_127)
                  0000c6e2    00000006     main.obj (.const:.string:h5x7_128)
                  0000c6e8    00000006     main.obj (.const:.string:h5x7_129)
                  0000c6ee    00000006     main.obj (.const:.string:h5x7_130)
                  0000c6f4    00000006     main.obj (.const:.string:h5x7_131)
                  0000c6fa    00000006     main.obj (.const:.string:h5x7_132)
                  0000c700    00000006     main.obj (.const:.string:h5x7_133)
                  0000c706    00000006     main.obj (.const:.string:h5x7_134)
                  0000c70c    00000006     main.obj (.const:.string:h5x7_135)
                  0000c712    00000006     main.obj (.const:.string:h5x7_136)
                  0000c718    00000006     main.obj (.const:.string:h5x7_137)
                  0000c71e    00000006     main.obj (.const:.string:h5x7_138)
                  0000c724    00000006     main.obj (.const:.string:h5x7_139)
                  0000c72a    00000006     main.obj (.const:.string:h5x7_140)
                  0000c730    00000006     main.obj (.const:.string:h5x7_141)
                  0000c736    00000006     main.obj (.const:.string:h5x7_142)
                  0000c73c    00000006     main.obj (.const:.string:h5x7_143)
                  0000c742    00000006     main.obj (.const:.string:h5x7_144)
                  0000c748    00000006     main.obj (.const:.string:h5x7_145)
                  0000c74e    00000006     main.obj (.const:.string:h5x7_146)
                  0000c754    00000006     main.obj (.const:.string:h5x7_147)
                  0000c75a    00000006     main.obj (.const:.string:h5x7_148)
                  0000c760    00000006     main.obj (.const:.string:h5x7_149)
                  0000c766    00000006     main.obj (.const:.string:h5x7_150)
                  0000c76c    00000006     main.obj (.const:.string:h5x7_151)
                  0000c772    00000006     main.obj (.const:.string:h5x7_152)
                  0000c778    00000006     main.obj (.const:.string:h5x7_153)
                  0000c77e    00000006     main.obj (.const:.string:h5x7_154)
                  0000c784    00000006     main.obj (.const:.string:h5x7_155)
                  0000c78a    00000006     main.obj (.const:.string:h5x7_156)
                  0000c790    00000006     main.obj (.const:.string:h5x7_157)
                  0000c796    00000006     main.obj (.const:.string:h5x7_158)
                  0000c79c    00000006     main.obj (.const:.string:h5x7_159)
                  0000c7a2    00000006     main.obj (.const:.string:h5x7_160)
                  0000c7a8    00000006     main.obj (.const:.string:h5x7_161)
                  0000c7ae    00000006     main.obj (.const:.string:h5x7_162)
                  0000c7b4    00000006     main.obj (.const:.string:h5x7_163)
                  0000c7ba    00000006     main.obj (.const:.string:h5x7_164)
                  0000c7c0    00000006     main.obj (.const:.string:h5x7_165)
                  0000c7c6    00000006     main.obj (.const:.string:h5x7_166)
                  0000c7cc    00000006     main.obj (.const:.string:h5x7_167)
                  0000c7d2    00000006     main.obj (.const:.string:h5x7_168)
                  0000c7d8    00000006     main.obj (.const:.string:h5x7_169)
                  0000c7de    00000006     main.obj (.const:.string:h5x7_170)
                  0000c7e4    00000006     main.obj (.const:.string:h5x7_171)
                  0000c7ea    00000006     main.obj (.const:.string:h5x7_172)
                  0000c7f0    00000006     main.obj (.const:.string:h5x7_173)
                  0000c7f6    00000006     main.obj (.const:.string:h5x7_174)
                  0000c7fc    00000006     main.obj (.const:.string:h5x7_175)
                  0000c802    00000006     main.obj (.const:.string:h5x7_176)
                  0000c808    00000006     main.obj (.const:.string:h5x7_177)
                  0000c80e    00000006     main.obj (.const:.string:h5x7_178)
                  0000c814    00000006     main.obj (.const:.string:h5x7_179)
                  0000c81a    00000006     main.obj (.const:.string:h5x7_180)
                  0000c820    00000006     main.obj (.const:.string:h5x7_181)
                  0000c826    00000006     main.obj (.const:.string:h5x7_182)
                  0000c82c    00000006     main.obj (.const:.string:h5x7_183)
                  0000c832    00000006     main.obj (.const:.string:h5x7_184)
                  0000c838    00000006     main.obj (.const:.string:h5x7_185)
                  0000c83e    00000006     main.obj (.const:.string:h5x7_186)
                  0000c844    00000006     main.obj (.const:.string:h5x7_187)
                  0000c84a    00000006     main.obj (.const:.string:h5x7_188)
                  0000c850    00000006     main.obj (.const:.string:h5x7_189)
                  0000c856    00000006     main.obj (.const:.string:h5x7_190)
                  0000c85c    00000006     main.obj (.const:.string:h5x7_191)
                  0000c862    00000006     main.obj (.const:.string:h5x7_192)
                  0000c868    00000006     main.obj (.const:.string:h5x7_193)
                  0000c86e    00000006     main.obj (.const:.string:h5x7_194)
                  0000c874    00000006     main.obj (.const:.string:h5x7_195)
                  0000c87a    00000006     main.obj (.const:.string:h5x7_196)
                  0000c880    00000006     main.obj (.const:.string:h5x7_197)
                  0000c886    00000006     main.obj (.const:.string:h5x7_198)
                  0000c88c    00000006     main.obj (.const:.string:h5x7_199)
                  0000c892    00000006     main.obj (.const:.string:h5x7_200)
                  0000c898    00000006     main.obj (.const:.string:h5x7_201)
                  0000c89e    00000006     main.obj (.const:.string:h5x7_202)
                  0000c8a4    00000006     main.obj (.const:.string:h5x7_203)
                  0000c8aa    00000006     main.obj (.const:.string:h5x7_204)
                  0000c8b0    00000006     main.obj (.const:.string:h5x7_205)
                  0000c8b6    00000006     main.obj (.const:.string:h5x7_206)
                  0000c8bc    00000006     main.obj (.const:.string:h5x7_207)
                  0000c8c2    00000006     main.obj (.const:.string:h5x7_208)
                  0000c8c8    00000006     main.obj (.const:.string:h5x7_209)
                  0000c8ce    00000006     main.obj (.const:.string:h5x7_210)
                  0000c8d4    00000006     main.obj (.const:.string:h5x7_211)
                  0000c8da    00000006     main.obj (.const:.string:h5x7_212)
                  0000c8e0    00000006     main.obj (.const:.string:h5x7_213)
                  0000c8e6    00000006     main.obj (.const:.string:h5x7_214)
                  0000c8ec    00000006     main.obj (.const:.string:h5x7_215)
                  0000c8f2    00000006     main.obj (.const:.string:h5x7_216)
                  0000c8f8    00000006     main.obj (.const:.string:h5x7_217)
                  0000c8fe    00000006     main.obj (.const:.string:h5x7_218)
                  0000c904    00000006     main.obj (.const:.string:h5x7_219)
                  0000c90a    00000006     main.obj (.const:.string:h5x7_220)
                  0000c910    00000006     main.obj (.const:.string:h5x7_221)
                  0000c916    00000006     main.obj (.const:.string:h5x7_222)
                  0000c91c    00000006     main.obj (.const:.string:h5x7_223)
                  0000c922    00000006     main.obj (.const:.string:h5x7_224)
                  0000c928    00000006     main.obj (.const:.string:h5x7_225)
                  0000c92e    00000006     main.obj (.const:.string:h5x7_226)
                  0000c934    00000006     main.obj (.const:.string:h5x7_227)
                  0000c93a    00000006     main.obj (.const:.string:h5x7_228)
                  0000c940    00000006     main.obj (.const:.string:h5x7_229)
                  0000c946    00000006     main.obj (.const:.string:h5x7_230)
                  0000c94c    00000006     main.obj (.const:.string:h5x7_231)
                  0000c952    00000006     main.obj (.const:.string:h5x7_232)
                  0000c958    00000006     main.obj (.const:.string:h5x7_233)
                  0000c95e    00000006     main.obj (.const:.string:h5x7_234)
                  0000c964    00000006     main.obj (.const:.string:h5x7_235)
                  0000c96a    00000006     main.obj (.const:.string:h5x7_236)
                  0000c970    00000006     main.obj (.const:.string:h5x7_237)
                  0000c976    00000006     main.obj (.const:.string:h5x7_238)
                  0000c97c    00000006     main.obj (.const:.string:h5x7_239)
                  0000c982    00000006     main.obj (.const:.string:h5x7_23)
                  0000c988    00000006     main.obj (.const:.string:h5x7_240)
                  0000c98e    00000006     main.obj (.const:.string:h5x7_241)
                  0000c994    00000006     main.obj (.const:.string:h5x7_242)
                  0000c99a    00000006     main.obj (.const:.string:h5x7_243)
                  0000c9a0    00000006     main.obj (.const:.string:h5x7_244)
                  0000c9a6    00000006     main.obj (.const:.string:h5x7_245)
                  0000c9ac    00000006     main.obj (.const:.string:h5x7_246)
                  0000c9b2    00000006     main.obj (.const:.string:h5x7_247)
                  0000c9b8    00000006     main.obj (.const:.string:h5x7_248)
                  0000c9be    00000006     main.obj (.const:.string:h5x7_249)
                  0000c9c4    00000006     main.obj (.const:.string:h5x7_24)
                  0000c9ca    00000006     main.obj (.const:.string:h5x7_250)
                  0000c9d0    00000006     main.obj (.const:.string:h5x7_251)
                  0000c9d6    00000006     main.obj (.const:.string:h5x7_252)
                  0000c9dc    00000006     main.obj (.const:.string:h5x7_253)
                  0000c9e2    00000006     main.obj (.const:.string:h5x7_254)
                  0000c9e8    00000006     main.obj (.const:.string:h5x7_255)
                  0000c9ee    00000006     main.obj (.const:.string:h5x7_25)
                  0000c9f4    00000006     main.obj (.const:.string:h5x7_26)
                  0000c9fa    00000006     main.obj (.const:.string:h5x7_27)
                  0000ca00    00000006     main.obj (.const:.string:h5x7_28)
                  0000ca06    00000006     main.obj (.const:.string:h5x7_29)
                  0000ca0c    00000006     main.obj (.const:.string:h5x7_30)
                  0000ca12    00000006     main.obj (.const:.string:h5x7_31)
                  0000ca18    00000006     main.obj (.const:.string:h5x7_32)
                  0000ca1e    00000006     main.obj (.const:.string:h5x7_33)
                  0000ca24    00000006     main.obj (.const:.string:h5x7_34)
                  0000ca2a    00000006     main.obj (.const:.string:h5x7_35)
                  0000ca30    00000006     main.obj (.const:.string:h5x7_36)
                  0000ca36    00000006     main.obj (.const:.string:h5x7_37)
                  0000ca3c    00000006     main.obj (.const:.string:h5x7_38)
                  0000ca42    00000006     main.obj (.const:.string:h5x7_39)
                  0000ca48    00000006     main.obj (.const:.string:h5x7_40)
                  0000ca4e    00000006     main.obj (.const:.string:h5x7_41)
                  0000ca54    00000006     main.obj (.const:.string:h5x7_42)
                  0000ca5a    00000006     main.obj (.const:.string:h5x7_43)
                  0000ca60    00000006     main.obj (.const:.string:h5x7_44)
                  0000ca66    00000006     main.obj (.const:.string:h5x7_45)
                  0000ca6c    00000006     main.obj (.const:.string:h5x7_46)
                  0000ca72    00000006     main.obj (.const:.string:h5x7_47)
                  0000ca78    00000006     main.obj (.const:.string:h5x7_48)
                  0000ca7e    00000006     main.obj (.const:.string:h5x7_49)
                  0000ca84    00000006     main.obj (.const:.string:h5x7_50)
                  0000ca8a    00000006     main.obj (.const:.string:h5x7_51)
                  0000ca90    00000006     main.obj (.const:.string:h5x7_52)
                  0000ca96    00000006     main.obj (.const:.string:h5x7_53)
                  0000ca9c    00000006     main.obj (.const:.string:h5x7_54)
                  0000caa2    00000006     main.obj (.const:.string:h5x7_55)
                  0000caa8    00000006     main.obj (.const:.string:h5x7_56)
                  0000caae    00000006     main.obj (.const:.string:h5x7_57)
                  0000cab4    00000006     main.obj (.const:.string:h5x7_58)
                  0000caba    00000006     main.obj (.const:.string:h5x7_59)
                  0000cac0    00000006     main.obj (.const:.string:h5x7_60)
                  0000cac6    00000006     main.obj (.const:.string:h5x7_61)
                  0000cacc    00000006     main.obj (.const:.string:h5x7_62)
                  0000cad2    00000006     main.obj (.const:.string:h5x7_63)
                  0000cad8    00000006     main.obj (.const:.string:h5x7_64)
                  0000cade    00000006     main.obj (.const:.string:h5x7_65)
                  0000cae4    00000006     main.obj (.const:.string:h5x7_66)
                  0000caea    00000006     main.obj (.const:.string:h5x7_67)
                  0000caf0    00000006     main.obj (.const:.string:h5x7_68)
                  0000caf6    00000006     main.obj (.const:.string:h5x7_69)
                  0000cafc    00000006     main.obj (.const:.string:h5x7_70)
                  0000cb02    00000006     main.obj (.const:.string:h5x7_71)
                  0000cb08    00000006     main.obj (.const:.string:h5x7_72)
                  0000cb0e    00000006     main.obj (.const:.string:h5x7_73)
                  0000cb14    00000006     main.obj (.const:.string:h5x7_74)
                  0000cb1a    00000006     main.obj (.const:.string:h5x7_75)
                  0000cb20    00000006     main.obj (.const:.string:h5x7_76)
                  0000cb26    00000006     main.obj (.const:.string:h5x7_77)
                  0000cb2c    00000006     main.obj (.const:.string:h5x7_78)
                  0000cb32    00000006     main.obj (.const:.string:h5x7_79)
                  0000cb38    00000006     main.obj (.const:.string:h5x7_80)
                  0000cb3e    00000006     main.obj (.const:.string:h5x7_81)
                  0000cb44    00000006     main.obj (.const:.string:h5x7_82)
                  0000cb4a    00000006     main.obj (.const:.string:h5x7_83)
                  0000cb50    00000006     main.obj (.const:.string:h5x7_84)
                  0000cb56    00000006     main.obj (.const:.string:h5x7_85)
                  0000cb5c    00000006     main.obj (.const:.string:h5x7_86)
                  0000cb62    00000006     main.obj (.const:.string:h5x7_87)
                  0000cb68    00000006     main.obj (.const:.string:h5x7_88)
                  0000cb6e    00000006     main.obj (.const:.string:h5x7_89)
                  0000cb74    00000006     main.obj (.const:.string:h5x7_90)
                  0000cb7a    00000006     main.obj (.const:.string:h5x7_91)
                  0000cb80    00000006     main.obj (.const:.string:h5x7_92)
                  0000cb86    00000006     main.obj (.const:.string:h5x7_93)
                  0000cb8c    00000006     main.obj (.const:.string:h5x7_94)
                  0000cb92    00000006     main.obj (.const:.string:h5x7_95)
                  0000cb98    00000006     main.obj (.const:.string:h5x7_96)
                  0000cb9e    00000006     main.obj (.const:.string:h5x7_97)
                  0000cba4    00000006     main.obj (.const:.string:h5x7_98)
                  0000cbaa    00000006     main.obj (.const:.string:h5x7_99)

.text      0    0000cbb0    000005e6     
                  0000cbb0    000000ba     nt75451.obj (.text:PutChar)
                  0000cc6a    0000008e     main.obj (.text:main)
                  0000ccf8    00000084     nt75451.obj (.text:WriteFSGraphic)
                  0000cd7c    0000007c     rts430_eabi.lib : copy_decompress_lzss.c.obj (.text:decompress:lzss:__TI_decompress_lzss)
                  0000cdf8    00000078     nt75451.obj (.text:ClearDisplay)
                  0000ce70    00000060     nt75451.obj (.text:InitDisplay)
                  0000ced0    0000004c     rts430_eabi.lib : lsr16.asm.obj (.text)
                  0000cf1c    00000042                     : autoinit.c.obj (.text:__TI_auto_init_nobinit_nopinit:__TI_auto_init_nobinit_nopinit)
                  0000cf5e    00000042     nt75451.obj (.text:putPixels)
                  0000cfa0    0000003a     nt75451.obj (.text:sendSPI)
                  0000cfda    0000002c     rts430_eabi.lib : asr16.asm.obj (.text)
                  0000d006    0000002c                     : lsl16.asm.obj (.text)
                  0000d032    0000001e     nt75451.obj (.text:PrintText)
                  0000d050    0000001e     nt75451.obj (.text:setColumnAddress)
                  0000d06e    0000001c     nt75451.obj (.text:InitDriver)
                  0000d08a    0000001c     rts430_eabi.lib : boot.c.obj (.text:_c_int00_noargs)
                  0000d0a6    0000001a     main.obj (.text:watchdog_timer)
                  0000d0c0    00000016     nt75451.obj (.text:gotoxy)
                  0000d0d6    00000014     rts430_eabi.lib : copy_zero_init.c.obj (.text:decompress:ZI:__TI_zero_init_nomemset:__TI_zero_init_nomemset)
                  0000d0ea    00000012                     : copy_decompress_none.c.obj (.text:decompress:none:__TI_decompress_none)
                  0000d0fc    00000012                     : memcpy.c.obj (.text:memcpy)
                  0000d10e    00000012     nt75451.obj (.text:sendSPICmd)
                  0000d120    00000012     nt75451.obj (.text:sendSPIData)
                  0000d132    00000010     rts430_eabi.lib : epilog.asm.obj (.text)
                  0000d142    0000000e     timer.obj (.text:Delay)
                  0000d150    0000000e     gfxEmbedLib.obj (.text:Init_gfx)
                  0000d15e    0000000e     nt75451.obj (.text:setPageAddress)
                  0000d16c    0000000a     timer.obj (.text:CallInISR)
                  0000d176    00000008     rts430_eabi.lib : isr_trap.asm.obj (.text:_isr:__TI_ISR_TRAP)
                  0000d17e    00000006     timer.obj (.text:InitTimerSystem)
                  0000d184    00000006     nt75451.obj (.text:SetFont)
                  0000d18a    00000006     rts430_eabi.lib : exit.c.obj (.text:abort)
                  0000d190    00000004                     : pre_init.c.obj (.text:_system_pre_init)
                  0000d194    00000002                     : startup.c.obj (.text:_system_post_cinit)

.cinit     0    0000d196    0000001e     
                  0000d196    0000000c     (.cinit..data.load) [load image, compression = lzss]
                  0000d1a2    00000006     (__TI_handler_table)
                  0000d1a8    00000004     (.cinit..bss.load) [load image, compression = zero_init]
                  0000d1ac    00000008     (__TI_cinit_table)

.binit     0    0000c000    00000000     

.init_array 
*          0    0000c000    00000000     UNINITIALIZED

TRAPINT    0    0000ffe0    00000002     
                  0000ffe0    00000002     rts430_eabi.lib : int00.asm.obj (.int00)

PORT1      0    0000ffe4    00000002     
                  0000ffe4    00000002     rts430_eabi.lib : int02.asm.obj (.int02)

PORT2      0    0000ffe6    00000002     
                  0000ffe6    00000002     rts430_eabi.lib : int03.asm.obj (.int03)

ADC10      0    0000ffea    00000002     
                  0000ffea    00000002     rts430_eabi.lib : int05.asm.obj (.int05)

USCIAB0TX 
*          0    0000ffec    00000002     
                  0000ffec    00000002     rts430_eabi.lib : int06.asm.obj (.int06)

USCIAB0RX 
*          0    0000ffee    00000002     
                  0000ffee    00000002     rts430_eabi.lib : int07.asm.obj (.int07)

TIMER0_A1 
*          0    0000fff0    00000002     
                  0000fff0    00000002     rts430_eabi.lib : int08.asm.obj (.int08)

TIMER0_A0 
*          0    0000fff2    00000002     
                  0000fff2    00000002     rts430_eabi.lib : int09.asm.obj (.int09)

WDT        0    0000fff4    00000002     
                  0000fff4    00000002     main.obj (.int10)

COMPARATORA 
*          0    0000fff6    00000002     
                  0000fff6    00000002     rts430_eabi.lib : int11.asm.obj (.int11)

TIMER1_A1 
*          0    0000fff8    00000002     
                  0000fff8    00000002     rts430_eabi.lib : int12.asm.obj (.int12)

TIMER1_A0 
*          0    0000fffa    00000002     
                  0000fffa    00000002     rts430_eabi.lib : int13.asm.obj (.int13)

NMI        0    0000fffc    00000002     
                  0000fffc    00000002     rts430_eabi.lib : int14.asm.obj (.int14)

.reset     0    0000fffe    00000002     
                  0000fffe    00000002     rts430_eabi.lib : boot.c.obj (.reset)

$fill000   0    0000ffde    00000002     
                  0000ffde    00000002     --HOLE-- [fill = ffff]

MODULE SUMMARY

       Module                       code   ro data   rw data
       ------                       ----   -------   -------
    .\
       main.obj                     168    2987      2      
       timer.obj                    30     0         2      
    +--+----------------------------+------+---------+---------+
       Total:                       198    2987      4      
                                                            
    .\gfxEmbedLib\
       gfxEmbedLib.obj              14     0         0      
    +--+----------------------------+------+---------+---------+
       Total:                       14     0         0      
                                                            
    .\gfxEmbedLib\Drivers\
       nt75451.obj                  824    0         13     
    +--+----------------------------+------+---------+---------+
       Total:                       824    0         13     
                                                            
    C:\ti\ccs2010\ccs\tools\compiler\ti-cgt-msp430_21.6.1.LTS\lib\rts430_eabi.lib
       copy_decompress_lzss.c.obj   124    0         0      
       lsr16.asm.obj                76     0         0      
       autoinit.c.obj               66     0         0      
       asr16.asm.obj                44     0         0      
       lsl16.asm.obj                44     0         0      
       boot.c.obj                   28     2         0      
       copy_zero_init.c.obj         20     0         0      
       copy_decompress_none.c.obj   18     0         0      
       memcpy.c.obj                 18     0         0      
       epilog.asm.obj               16     0         0      
       isr_trap.asm.obj             8      0         0      
       exit.c.obj                   6      0         0      
       pre_init.c.obj               4      0         0      
       int00.asm.obj                0      2         0      
       int02.asm.obj                0      2         0      
       int03.asm.obj                0      2         0      
       int05.asm.obj                0      2         0      
       int06.asm.obj                0      2         0      
       int07.asm.obj                0      2         0      
       int08.asm.obj                0      2         0      
       int09.asm.obj                0      2         0      
       int11.asm.obj                0      2         0      
       int12.asm.obj                0      2         0      
       int13.asm.obj                0      2         0      
       int14.asm.obj                0      2         0      
       startup.c.obj                2      0         0      
    +--+----------------------------+------+---------+---------+
       Total:                       474    26        0      
                                                            
       Stack:                       0      0         80     
       Linker Generated:            0      30        0      
    +--+----------------------------+------+---------+---------+
       Grand Total:                 1510   3043      97     


LINKER GENERATED COPY TABLES

__TI_cinit_table @ 0000d1ac records: 2, size/record: 4, table size: 8
	.data: load addr=0000d196, load size=0000000c bytes, run addr=00000200, run size=00000009 bytes, compression=lzss
	.bss: load addr=0000d1a8, load size=00000004 bytes, run addr=0000020a, run size=00000008 bytes, compression=zero_init


LINKER GENERATED HANDLER TABLE

__TI_handler_table @ 0000d1a2 records: 3, size/record: 2, table size: 6
	index: 0, handler: __TI_zero_init
	index: 1, handler: __TI_decompress_lzss
	index: 2, handler: __TI_decompress_none


GLOBAL SYMBOLS: SORTED ALPHABETICALLY BY Name 

address   name                          
-------   ----                          
0000004a  ADC10AE0                      
000001b0  ADC10CTL0                     
000001b2  ADC10CTL1                     
00000048  ADC10DTC0                     
00000049  ADC10DTC1                     
000001b4  ADC10MEM                      
000001bc  ADC10SA                       
00000057  BCSCTL1                       
00000058  BCSCTL2                       
00000053  BCSCTL3                       
00000208  BaselineShift                 
0000d18a  C$$EXIT                       
00000059  CACTL1                        
0000005a  CACTL2                        
000010fb  CALBC1_12MHZ                  
000010f9  CALBC1_16MHZ                  
000010ff  CALBC1_1MHZ                   
000010fd  CALBC1_8MHZ                   
000010fa  CALDCO_12MHZ                  
000010f8  CALDCO_16MHZ                  
000010fe  CALDCO_1MHZ                   
000010fc  CALDCO_8MHZ                   
0000005b  CAPD                          
0000d16c  CallInISR                     
0000cdf8  ClearDisplay                  
0000cdf8  Clear_Display                 
00000056  DCOCTL                        
0000d142  Delay                         
00000128  FCTL1                         
0000012a  FCTL2                         
0000012c  FCTL3                         
0000c280  Hitachi                       
00000000  IE1                           
00000001  IE2                           
00000002  IFG1                          
00000003  IFG2                          
0000ce70  InitDisplay                   
0000d06e  InitDriver                    
0000d17e  InitTimerSystem               
0000d150  Init_gfx                      
00000210  Inverted                      
00000022  P1DIR                         
00000025  P1IE                          
00000024  P1IES                         
00000023  P1IFG                         
00000020  P1IN                          
00000021  P1OUT                         
00000027  P1REN                         
00000026  P1SEL                         
00000041  P1SEL2                        
0000002a  P2DIR                         
0000002d  P2IE                          
0000002c  P2IES                         
0000002b  P2IFG                         
00000028  P2IN                          
00000029  P2OUT                         
0000002f  P2REN                         
0000002e  P2SEL                         
00000042  P2SEL2                        
0000001a  P3DIR                         
00000018  P3IN                          
00000019  P3OUT                         
00000010  P3REN                         
0000001b  P3SEL                         
00000043  P3SEL2                        
0000d032  PrintText                     
0000d032  Print_Text                    
0000cbb0  PutChar                       
0000cbb0  Put_Char                      
0000ccf8  Put_graphic                   
0000d184  SetFont                       
0000d184  Set_Font                      
0000d0c0  Set_Location                  
00000172  TA0CCR0                       
00000174  TA0CCR1                       
00000176  TA0CCR2                       
00000162  TA0CCTL0                      
00000164  TA0CCTL1                      
00000166  TA0CCTL2                      
00000160  TA0CTL                        
0000012e  TA0IV                         
00000170  TA0R                          
00000192  TA1CCR0                       
00000194  TA1CCR1                       
00000196  TA1CCR2                       
00000182  TA1CCTL0                      
00000184  TA1CCTL1                      
00000186  TA1CCTL2                      
00000180  TA1CTL                        
0000011e  TA1IV                         
00000190  TA1R                          
0000020a  TIMERCOUNT                    
0000020c  TIME_MEASURE                  
000010db  TLV_ADC10_1_LEN               
000010da  TLV_ADC10_1_TAG               
000010c0  TLV_CHECKSUM                  
000010f7  TLV_DCO_30_LEN                
000010f6  TLV_DCO_30_TAG                
0000c000  Testbmp                       
0000005d  UCA0ABCTL                     
00000062  UCA0BR0                       
00000063  UCA0BR1                       
00000060  UCA0CTL0                      
00000061  UCA0CTL1                      
0000005f  UCA0IRRCTL                    
0000005e  UCA0IRTCTL                    
00000064  UCA0MCTL                      
00000066  UCA0RXBUF                     
00000065  UCA0STAT                      
00000067  UCA0TXBUF                     
0000006a  UCB0BR0                       
0000006b  UCB0BR1                       
00000068  UCB0CTL0                      
00000069  UCB0CTL1                      
0000006c  UCB0I2CIE                     
00000118  UCB0I2COA                     
0000011a  UCB0I2CSA                     
0000006e  UCB0RXBUF                     
0000006d  UCB0STAT                      
0000006f  UCB0TXBUF                     
00000120  WDTCTL                        
0000ccf8  WriteFSGraphic                
00000400  __STACK_END                   
00000050  __STACK_SIZE                  
0000d1ac  __TI_CINIT_Base               
0000d1b4  __TI_CINIT_Limit              
0000d1b4  __TI_CINIT_Warm               
0000d1a2  __TI_Handler_Table_Base       
0000d1a8  __TI_Handler_Table_Limit      
0000d176  __TI_ISR_TRAP                 
0000cf1c  __TI_auto_init_nobinit_nopinit
0000cd7c  __TI_decompress_lzss          
0000d0ea  __TI_decompress_none          
0000ffe0  __TI_int00                    
0000ffe4  __TI_int02                    
0000ffe6  __TI_int03                    
0000ffea  __TI_int05                    
0000ffec  __TI_int06                    
0000ffee  __TI_int07                    
0000fff0  __TI_int08                    
0000fff2  __TI_int09                    
0000fff4  __TI_int10                    
0000fff6  __TI_int11                    
0000fff8  __TI_int12                    
0000fffa  __TI_int13                    
0000fffc  __TI_int14                    
ffffffff  __TI_pprof_out_hndl           
ffffffff  __TI_prof_data_size           
ffffffff  __TI_prof_data_start          
0000d0d6  __TI_zero_init_nomemset       
ffffffff  __c_args__                    
0000d13e  __mspabi_func_epilog_1        
0000d13c  __mspabi_func_epilog_2        
0000d13a  __mspabi_func_epilog_3        
0000d138  __mspabi_func_epilog_4        
0000d136  __mspabi_func_epilog_5        
0000d134  __mspabi_func_epilog_6        
0000d132  __mspabi_func_epilog_7        
0000d006  __mspabi_slli                 
0000d02e  __mspabi_slli_1               
0000d01c  __mspabi_slli_10              
0000d01a  __mspabi_slli_11              
0000d018  __mspabi_slli_12              
0000d016  __mspabi_slli_13              
0000d014  __mspabi_slli_14              
0000d012  __mspabi_slli_15              
0000d02c  __mspabi_slli_2               
0000d02a  __mspabi_slli_3               
0000d028  __mspabi_slli_4               
0000d026  __mspabi_slli_5               
0000d024  __mspabi_slli_6               
0000d022  __mspabi_slli_7               
0000d020  __mspabi_slli_8               
0000d01e  __mspabi_slli_9               
0000cfda  __mspabi_srai                 
0000d002  __mspabi_srai_1               
0000cff0  __mspabi_srai_10              
0000cfee  __mspabi_srai_11              
0000cfec  __mspabi_srai_12              
0000cfea  __mspabi_srai_13              
0000cfe8  __mspabi_srai_14              
0000cfe6  __mspabi_srai_15              
0000d000  __mspabi_srai_2               
0000cffe  __mspabi_srai_3               
0000cffc  __mspabi_srai_4               
0000cffa  __mspabi_srai_5               
0000cff8  __mspabi_srai_6               
0000cff6  __mspabi_srai_7               
0000cff4  __mspabi_srai_8               
0000cff2  __mspabi_srai_9               
0000ced0  __mspabi_srli                 
0000cf16  __mspabi_srli_1               
0000cef2  __mspabi_srli_10              
0000ceee  __mspabi_srli_11              
0000ceea  __mspabi_srli_12              
0000cee6  __mspabi_srli_13              
0000cee2  __mspabi_srli_14              
0000cede  __mspabi_srli_15              
0000cf12  __mspabi_srli_2               
0000cf0e  __mspabi_srli_3               
0000cf0a  __mspabi_srli_4               
0000cf06  __mspabi_srli_5               
0000cf02  __mspabi_srli_6               
0000cefe  __mspabi_srli_7               
0000cefa  __mspabi_srli_8               
0000cef6  __mspabi_srli_9               
0000d08a  _c_int00_noargs               
0000fffe  _reset_vector                 
000003b0  _stack                        
0000d194  _system_post_cinit            
0000d190  _system_pre_init              
0000d18a  abort                         
00000200  column                        
00000206  debug_var                     
00000207  debug_var_2                   
00000202  display_x_size                
00000204  display_y_size                
0000020e  font_data_ptr                 
0000d0c0  gotoxy                        
0000c62e  h5x7_00                       
0000c634  h5x7_01                       
0000c5fe  h5x7_02                       
0000c598  h5x7_03                       
0000c5d0  h5x7_04                       
0000c5de  h5x7_05                       
0000c584  h5x7_06                       
0000c606  h5x7_07                       
0000c5c0  h5x7_08                       
0000c60e  h5x7_09                       
0000c616  h5x7_10                       
0000c63a  h5x7_100                      
0000c640  h5x7_101                      
0000c646  h5x7_102                      
0000c64c  h5x7_103                      
0000c652  h5x7_104                      
0000c658  h5x7_105                      
0000c65e  h5x7_106                      
0000c664  h5x7_107                      
0000c66a  h5x7_108                      
0000c670  h5x7_109                      
0000c61e  h5x7_11                       
0000c676  h5x7_110                      
0000c67c  h5x7_111                      
0000c682  h5x7_112                      
0000c688  h5x7_113                      
0000c68e  h5x7_114                      
0000c694  h5x7_115                      
0000c69a  h5x7_116                      
0000c6a0  h5x7_117                      
0000c6a6  h5x7_118                      
0000c6ac  h5x7_119                      
0000c626  h5x7_12                       
0000c6b2  h5x7_120                      
0000c6b8  h5x7_121                      
0000c6be  h5x7_122                      
0000c6c4  h5x7_123                      
0000c6ca  h5x7_124                      
0000c6d0  h5x7_125                      
0000c6d6  h5x7_126                      
0000c6dc  h5x7_127                      
0000c6e2  h5x7_128                      
0000c6e8  h5x7_129                      
0000c5ac  h5x7_13                       
0000c6ee  h5x7_130                      
0000c6f4  h5x7_131                      
0000c6fa  h5x7_132                      
0000c700  h5x7_133                      
0000c706  h5x7_134                      
0000c70c  h5x7_135                      
0000c712  h5x7_136                      
0000c718  h5x7_137                      
0000c71e  h5x7_138                      
0000c724  h5x7_139                      
0000c4b2  h5x7_14                       
0000c72a  h5x7_140                      
0000c730  h5x7_141                      
0000c736  h5x7_142                      
0000c73c  h5x7_143                      
0000c742  h5x7_144                      
0000c748  h5x7_145                      
0000c74e  h5x7_146                      
0000c754  h5x7_147                      
0000c75a  h5x7_148                      
0000c760  h5x7_149                      
0000c4d0  h5x7_15                       
0000c766  h5x7_150                      
0000c76c  h5x7_151                      
0000c772  h5x7_152                      
0000c778  h5x7_153                      
0000c77e  h5x7_154                      
0000c784  h5x7_155                      
0000c78a  h5x7_156                      
0000c790  h5x7_157                      
0000c796  h5x7_158                      
0000c79c  h5x7_159                      
0000c4ee  h5x7_16                       
0000c7a2  h5x7_160                      
0000c7a8  h5x7_161                      
0000c7ae  h5x7_162                      
0000c7b4  h5x7_163                      
0000c7ba  h5x7_164                      
0000c7c0  h5x7_165                      
0000c7c6  h5x7_166                      
0000c7cc  h5x7_167                      
0000c7d2  h5x7_168                      
0000c7d8  h5x7_169                      
0000c50c  h5x7_17                       
0000c7de  h5x7_170                      
0000c7e4  h5x7_171                      
0000c7ea  h5x7_172                      
0000c7f0  h5x7_173                      
0000c7f6  h5x7_174                      
0000c7fc  h5x7_175                      
0000c802  h5x7_176                      
0000c808  h5x7_177                      
0000c80e  h5x7_178                      
0000c814  h5x7_179                      
0000c5ea  h5x7_18                       
0000c81a  h5x7_180                      
0000c820  h5x7_181                      
0000c826  h5x7_182                      
0000c82c  h5x7_183                      
0000c832  h5x7_184                      
0000c838  h5x7_185                      
0000c83e  h5x7_186                      
0000c844  h5x7_187                      
0000c84a  h5x7_188                      
0000c850  h5x7_189                      
0000c5f4  h5x7_19                       
0000c856  h5x7_190                      
0000c85c  h5x7_191                      
0000c862  h5x7_192                      
0000c868  h5x7_193                      
0000c86e  h5x7_194                      
0000c874  h5x7_195                      
0000c87a  h5x7_196                      
0000c880  h5x7_197                      
0000c886  h5x7_198                      
0000c88c  h5x7_199                      
0000c52a  h5x7_20                       
0000c892  h5x7_200                      
0000c898  h5x7_201                      
0000c89e  h5x7_202                      
0000c8a4  h5x7_203                      
0000c8aa  h5x7_204                      
0000c8b0  h5x7_205                      
0000c8b6  h5x7_206                      
0000c8bc  h5x7_207                      
0000c8c2  h5x7_208                      
0000c8c8  h5x7_209                      
0000c548  h5x7_21                       
0000c8ce  h5x7_210                      
0000c8d4  h5x7_211                      
0000c8da  h5x7_212                      
0000c8e0  h5x7_213                      
0000c8e6  h5x7_214                      
0000c8ec  h5x7_215                      
0000c8f2  h5x7_216                      
0000c8f8  h5x7_217                      
0000c8fe  h5x7_218                      
0000c904  h5x7_219                      
0000c566  h5x7_22                       
0000c90a  h5x7_220                      
0000c910  h5x7_221                      
0000c916  h5x7_222                      
0000c91c  h5x7_223                      
0000c922  h5x7_224                      
0000c928  h5x7_225                      
0000c92e  h5x7_226                      
0000c934  h5x7_227                      
0000c93a  h5x7_228                      
0000c940  h5x7_229                      
0000c982  h5x7_23                       
0000c946  h5x7_230                      
0000c94c  h5x7_231                      
0000c952  h5x7_232                      
0000c958  h5x7_233                      
0000c95e  h5x7_234                      
0000c964  h5x7_235                      
0000c96a  h5x7_236                      
0000c970  h5x7_237                      
0000c976  h5x7_238                      
0000c97c  h5x7_239                      
0000c9c4  h5x7_24                       
0000c988  h5x7_240                      
0000c98e  h5x7_241                      
0000c994  h5x7_242                      
0000c99a  h5x7_243                      
0000c9a0  h5x7_244                      
0000c9a6  h5x7_245                      
0000c9ac  h5x7_246                      
0000c9b2  h5x7_247                      
0000c9b8  h5x7_248                      
0000c9be  h5x7_249                      
0000c9ee  h5x7_25                       
0000c9ca  h5x7_250                      
0000c9d0  h5x7_251                      
0000c9d6  h5x7_252                      
0000c9dc  h5x7_253                      
0000c9e2  h5x7_254                      
0000c9e8  h5x7_255                      
0000c9f4  h5x7_26                       
0000c9fa  h5x7_27                       
0000ca00  h5x7_28                       
0000ca06  h5x7_29                       
0000ca0c  h5x7_30                       
0000ca12  h5x7_31                       
0000ca18  h5x7_32                       
0000ca1e  h5x7_33                       
0000ca24  h5x7_34                       
0000ca2a  h5x7_35                       
0000ca30  h5x7_36                       
0000ca36  h5x7_37                       
0000ca3c  h5x7_38                       
0000ca42  h5x7_39                       
0000ca48  h5x7_40                       
0000ca4e  h5x7_41                       
0000ca54  h5x7_42                       
0000ca5a  h5x7_43                       
0000ca60  h5x7_44                       
0000ca66  h5x7_45                       
0000ca6c  h5x7_46                       
0000ca72  h5x7_47                       
0000ca78  h5x7_48                       
0000ca7e  h5x7_49                       
0000ca84  h5x7_50                       
0000ca8a  h5x7_51                       
0000ca90  h5x7_52                       
0000ca96  h5x7_53                       
0000ca9c  h5x7_54                       
0000caa2  h5x7_55                       
0000caa8  h5x7_56                       
0000caae  h5x7_57                       
0000cab4  h5x7_58                       
0000caba  h5x7_59                       
0000cac0  h5x7_60                       
0000cac6  h5x7_61                       
0000cacc  h5x7_62                       
0000cad2  h5x7_63                       
0000cad8  h5x7_64                       
0000cade  h5x7_65                       
0000cae4  h5x7_66                       
0000caea  h5x7_67                       
0000caf0  h5x7_68                       
0000caf6  h5x7_69                       
0000cafc  h5x7_70                       
0000cb02  h5x7_71                       
0000cb08  h5x7_72                       
0000cb0e  h5x7_73                       
0000cb14  h5x7_74                       
0000cb1a  h5x7_75                       
0000cb20  h5x7_76                       
0000cb26  h5x7_77                       
0000cb2c  h5x7_78                       
0000cb32  h5x7_79                       
0000cb38  h5x7_80                       
0000cb3e  h5x7_81                       
0000cb44  h5x7_82                       
0000cb4a  h5x7_83                       
0000cb50  h5x7_84                       
0000cb56  h5x7_85                       
0000cb5c  h5x7_86                       
0000cb62  h5x7_87                       
0000cb68  h5x7_88                       
0000cb6e  h5x7_89                       
0000cb74  h5x7_90                       
0000cb7a  h5x7_91                       
0000cb80  h5x7_92                       
0000cb86  h5x7_93                       
0000cb8c  h5x7_94                       
0000cb92  h5x7_95                       
0000cb98  h5x7_96                       
0000cb9e  h5x7_97                       
0000cba4  h5x7_98                       
0000cbaa  h5x7_99                       
0000cc6a  main                          
00000211  masking                       
0000d0fc  memcpy                        
0000cf5e  putPixels                     
00000201  row                           
0000cfa0  sendSPI                       
0000d10e  sendSPICmd                    
0000d120  sendSPIData                   
0000d050  setColumnAddress              
0000d15e  setPageAddress                
0000d0a6  watchdog_timer                


GLOBAL SYMBOLS: SORTED BY Symbol Address 

address   name                          
-------   ----                          
00000000  IE1                           
00000001  IE2                           
00000002  IFG1                          
00000003  IFG2                          
00000010  P3REN                         
00000018  P3IN                          
00000019  P3OUT                         
0000001a  P3DIR                         
0000001b  P3SEL                         
00000020  P1IN                          
00000021  P1OUT                         
00000022  P1DIR                         
00000023  P1IFG                         
00000024  P1IES                         
00000025  P1IE                          
00000026  P1SEL                         
00000027  P1REN                         
00000028  P2IN                          
00000029  P2OUT                         
0000002a  P2DIR                         
0000002b  P2IFG                         
0000002c  P2IES                         
0000002d  P2IE                          
0000002e  P2SEL                         
0000002f  P2REN                         
00000041  P1SEL2                        
00000042  P2SEL2                        
00000043  P3SEL2                        
00000048  ADC10DTC0                     
00000049  ADC10DTC1                     
0000004a  ADC10AE0                      
00000050  __STACK_SIZE                  
00000053  BCSCTL3                       
00000056  DCOCTL                        
00000057  BCSCTL1                       
00000058  BCSCTL2                       
00000059  CACTL1                        
0000005a  CACTL2                        
0000005b  CAPD                          
0000005d  UCA0ABCTL                     
0000005e  UCA0IRTCTL                    
0000005f  UCA0IRRCTL                    
00000060  UCA0CTL0                      
00000061  UCA0CTL1                      
00000062  UCA0BR0                       
00000063  UCA0BR1                       
00000064  UCA0MCTL                      
00000065  UCA0STAT                      
00000066  UCA0RXBUF                     
00000067  UCA0TXBUF                     
00000068  UCB0CTL0                      
00000069  UCB0CTL1                      
0000006a  UCB0BR0                       
0000006b  UCB0BR1                       
0000006c  UCB0I2CIE                     
0000006d  UCB0STAT                      
0000006e  UCB0RXBUF                     
0000006f  UCB0TXBUF                     
00000118  UCB0I2COA                     
0000011a  UCB0I2CSA                     
0000011e  TA1IV                         
00000120  WDTCTL                        
00000128  FCTL1                         
0000012a  FCTL2                         
0000012c  FCTL3                         
0000012e  TA0IV                         
00000160  TA0CTL                        
00000162  TA0CCTL0                      
00000164  TA0CCTL1                      
00000166  TA0CCTL2                      
00000170  TA0R                          
00000172  TA0CCR0                       
00000174  TA0CCR1                       
00000176  TA0CCR2                       
00000180  TA1CTL                        
00000182  TA1CCTL0                      
00000184  TA1CCTL1                      
00000186  TA1CCTL2                      
00000190  TA1R                          
00000192  TA1CCR0                       
00000194  TA1CCR1                       
00000196  TA1CCR2                       
000001b0  ADC10CTL0                     
000001b2  ADC10CTL1                     
000001b4  ADC10MEM                      
000001bc  ADC10SA                       
00000200  column                        
00000201  row                           
00000202  display_x_size                
00000204  display_y_size                
00000206  debug_var                     
00000207  debug_var_2                   
00000208  BaselineShift                 
0000020a  TIMERCOUNT                    
0000020c  TIME_MEASURE                  
0000020e  font_data_ptr                 
00000210  Inverted                      
00000211  masking                       
000003b0  _stack                        
00000400  __STACK_END                   
000010c0  TLV_CHECKSUM                  
000010da  TLV_ADC10_1_TAG               
000010db  TLV_ADC10_1_LEN               
000010f6  TLV_DCO_30_TAG                
000010f7  TLV_DCO_30_LEN                
000010f8  CALDCO_16MHZ                  
000010f9  CALBC1_16MHZ                  
000010fa  CALDCO_12MHZ                  
000010fb  CALBC1_12MHZ                  
000010fc  CALDCO_8MHZ                   
000010fd  CALBC1_8MHZ                   
000010fe  CALDCO_1MHZ                   
000010ff  CALBC1_1MHZ                   
0000c000  Testbmp                       
0000c280  Hitachi                       
0000c4b2  h5x7_14                       
0000c4d0  h5x7_15                       
0000c4ee  h5x7_16                       
0000c50c  h5x7_17                       
0000c52a  h5x7_20                       
0000c548  h5x7_21                       
0000c566  h5x7_22                       
0000c584  h5x7_06                       
0000c598  h5x7_03                       
0000c5ac  h5x7_13                       
0000c5c0  h5x7_08                       
0000c5d0  h5x7_04                       
0000c5de  h5x7_05                       
0000c5ea  h5x7_18                       
0000c5f4  h5x7_19                       
0000c5fe  h5x7_02                       
0000c606  h5x7_07                       
0000c60e  h5x7_09                       
0000c616  h5x7_10                       
0000c61e  h5x7_11                       
0000c626  h5x7_12                       
0000c62e  h5x7_00                       
0000c634  h5x7_01                       
0000c63a  h5x7_100                      
0000c640  h5x7_101                      
0000c646  h5x7_102                      
0000c64c  h5x7_103                      
0000c652  h5x7_104                      
0000c658  h5x7_105                      
0000c65e  h5x7_106                      
0000c664  h5x7_107                      
0000c66a  h5x7_108                      
0000c670  h5x7_109                      
0000c676  h5x7_110                      
0000c67c  h5x7_111                      
0000c682  h5x7_112                      
0000c688  h5x7_113                      
0000c68e  h5x7_114                      
0000c694  h5x7_115                      
0000c69a  h5x7_116                      
0000c6a0  h5x7_117                      
0000c6a6  h5x7_118                      
0000c6ac  h5x7_119                      
0000c6b2  h5x7_120                      
0000c6b8  h5x7_121                      
0000c6be  h5x7_122                      
0000c6c4  h5x7_123                      
0000c6ca  h5x7_124                      
0000c6d0  h5x7_125                      
0000c6d6  h5x7_126                      
0000c6dc  h5x7_127                      
0000c6e2  h5x7_128                      
0000c6e8  h5x7_129                      
0000c6ee  h5x7_130                      
0000c6f4  h5x7_131                      
0000c6fa  h5x7_132                      
0000c700  h5x7_133                      
0000c706  h5x7_134                      
0000c70c  h5x7_135                      
0000c712  h5x7_136                      
0000c718  h5x7_137                      
0000c71e  h5x7_138                      
0000c724  h5x7_139                      
0000c72a  h5x7_140                      
0000c730  h5x7_141                      
0000c736  h5x7_142                      
0000c73c  h5x7_143                      
0000c742  h5x7_144                      
0000c748  h5x7_145                      
0000c74e  h5x7_146                      
0000c754  h5x7_147                      
0000c75a  h5x7_148                      
0000c760  h5x7_149                      
0000c766  h5x7_150                      
0000c76c  h5x7_151                      
0000c772  h5x7_152                      
0000c778  h5x7_153                      
0000c77e  h5x7_154                      
0000c784  h5x7_155                      
0000c78a  h5x7_156                      
0000c790  h5x7_157                      
0000c796  h5x7_158                      
0000c79c  h5x7_159                      
0000c7a2  h5x7_160                      
0000c7a8  h5x7_161                      
0000c7ae  h5x7_162                      
0000c7b4  h5x7_163                      
0000c7ba  h5x7_164                      
0000c7c0  h5x7_165                      
0000c7c6  h5x7_166                      
0000c7cc  h5x7_167                      
0000c7d2  h5x7_168                      
0000c7d8  h5x7_169                      
0000c7de  h5x7_170                      
0000c7e4  h5x7_171                      
0000c7ea  h5x7_172                      
0000c7f0  h5x7_173                      
0000c7f6  h5x7_174                      
0000c7fc  h5x7_175                      
0000c802  h5x7_176                      
0000c808  h5x7_177                      
0000c80e  h5x7_178                      
0000c814  h5x7_179                      
0000c81a  h5x7_180                      
0000c820  h5x7_181                      
0000c826  h5x7_182                      
0000c82c  h5x7_183                      
0000c832  h5x7_184                      
0000c838  h5x7_185                      
0000c83e  h5x7_186                      
0000c844  h5x7_187                      
0000c84a  h5x7_188                      
0000c850  h5x7_189                      
0000c856  h5x7_190                      
0000c85c  h5x7_191                      
0000c862  h5x7_192                      
0000c868  h5x7_193                      
0000c86e  h5x7_194                      
0000c874  h5x7_195                      
0000c87a  h5x7_196                      
0000c880  h5x7_197                      
0000c886  h5x7_198                      
0000c88c  h5x7_199                      
0000c892  h5x7_200                      
0000c898  h5x7_201                      
0000c89e  h5x7_202                      
0000c8a4  h5x7_203                      
0000c8aa  h5x7_204                      
0000c8b0  h5x7_205                      
0000c8b6  h5x7_206                      
0000c8bc  h5x7_207                      
0000c8c2  h5x7_208                      
0000c8c8  h5x7_209                      
0000c8ce  h5x7_210                      
0000c8d4  h5x7_211                      
0000c8da  h5x7_212                      
0000c8e0  h5x7_213                      
0000c8e6  h5x7_214                      
0000c8ec  h5x7_215                      
0000c8f2  h5x7_216                      
0000c8f8  h5x7_217                      
0000c8fe  h5x7_218                      
0000c904  h5x7_219                      
0000c90a  h5x7_220                      
0000c910  h5x7_221                      
0000c916  h5x7_222                      
0000c91c  h5x7_223                      
0000c922  h5x7_224                      
0000c928  h5x7_225                      
0000c92e  h5x7_226                      
0000c934  h5x7_227                      
0000c93a  h5x7_228                      
0000c940  h5x7_229                      
0000c946  h5x7_230                      
0000c94c  h5x7_231                      
0000c952  h5x7_232                      
0000c958  h5x7_233                      
0000c95e  h5x7_234                      
0000c964  h5x7_235                      
0000c96a  h5x7_236                      
0000c970  h5x7_237                      
0000c976  h5x7_238                      
0000c97c  h5x7_239                      
0000c982  h5x7_23                       
0000c988  h5x7_240                      
0000c98e  h5x7_241                      
0000c994  h5x7_242                      
0000c99a  h5x7_243                      
0000c9a0  h5x7_244                      
0000c9a6  h5x7_245                      
0000c9ac  h5x7_246                      
0000c9b2  h5x7_247                      
0000c9b8  h5x7_248                      
0000c9be  h5x7_249                      
0000c9c4  h5x7_24                       
0000c9ca  h5x7_250                      
0000c9d0  h5x7_251                      
0000c9d6  h5x7_252                      
0000c9dc  h5x7_253                      
0000c9e2  h5x7_254                      
0000c9e8  h5x7_255                      
0000c9ee  h5x7_25                       
0000c9f4  h5x7_26                       
0000c9fa  h5x7_27                       
0000ca00  h5x7_28                       
0000ca06  h5x7_29                       
0000ca0c  h5x7_30                       
0000ca12  h5x7_31                       
0000ca18  h5x7_32                       
0000ca1e  h5x7_33                       
0000ca24  h5x7_34                       
0000ca2a  h5x7_35                       
0000ca30  h5x7_36                       
0000ca36  h5x7_37                       
0000ca3c  h5x7_38                       
0000ca42  h5x7_39                       
0000ca48  h5x7_40                       
0000ca4e  h5x7_41                       
0000ca54  h5x7_42                       
0000ca5a  h5x7_43                       
0000ca60  h5x7_44                       
0000ca66  h5x7_45                       
0000ca6c  h5x7_46                       
0000ca72  h5x7_47                       
0000ca78  h5x7_48                       
0000ca7e  h5x7_49                       
0000ca84  h5x7_50                       
0000ca8a  h5x7_51                       
0000ca90  h5x7_52                       
0000ca96  h5x7_53                       
0000ca9c  h5x7_54                       
0000caa2  h5x7_55                       
0000caa8  h5x7_56                       
0000caae  h5x7_57                       
0000cab4  h5x7_58                       
0000caba  h5x7_59                       
0000cac0  h5x7_60                       
0000cac6  h5x7_61                       
0000cacc  h5x7_62                       
0000cad2  h5x7_63                       
0000cad8  h5x7_64                       
0000cade  h5x7_65                       
0000cae4  h5x7_66                       
0000caea  h5x7_67                       
0000caf0  h5x7_68                       
0000caf6  h5x7_69                       
0000cafc  h5x7_70                       
0000cb02  h5x7_71                       
0000cb08  h5x7_72                       
0000cb0e  h5x7_73                       
0000cb14  h5x7_74                       
0000cb1a  h5x7_75                       
0000cb20  h5x7_76                       
0000cb26  h5x7_77                       
0000cb2c  h5x7_78                       
0000cb32  h5x7_79                       
0000cb38  h5x7_80                       
0000cb3e  h5x7_81                       
0000cb44  h5x7_82                       
0000cb4a  h5x7_83                       
0000cb50  h5x7_84                       
0000cb56  h5x7_85                       
0000cb5c  h5x7_86                       
0000cb62  h5x7_87                       
0000cb68  h5x7_88                       
0000cb6e  h5x7_89                       
0000cb74  h5x7_90                       
0000cb7a  h5x7_91                       
0000cb80  h5x7_92                       
0000cb86  h5x7_93                       
0000cb8c  h5x7_94                       
0000cb92  h5x7_95                       
0000cb98  h5x7_96                       
0000cb9e  h5x7_97                       
0000cba4  h5x7_98                       
0000cbaa  h5x7_99                       
0000cbb0  PutChar                       
0000cbb0  Put_Char                      
0000cc6a  main                          
0000ccf8  Put_graphic                   
0000ccf8  WriteFSGraphic                
0000cd7c  __TI_decompress_lzss          
0000cdf8  ClearDisplay                  
0000cdf8  Clear_Display                 
0000ce70  InitDisplay                   
0000ced0  __mspabi_srli                 
0000cede  __mspabi_srli_15              
0000cee2  __mspabi_srli_14              
0000cee6  __mspabi_srli_13              
0000ceea  __mspabi_srli_12              
0000ceee  __mspabi_srli_11              
0000cef2  __mspabi_srli_10              
0000cef6  __mspabi_srli_9               
0000cefa  __mspabi_srli_8               
0000cefe  __mspabi_srli_7               
0000cf02  __mspabi_srli_6               
0000cf06  __mspabi_srli_5               
0000cf0a  __mspabi_srli_4               
0000cf0e  __mspabi_srli_3               
0000cf12  __mspabi_srli_2               
0000cf16  __mspabi_srli_1               
0000cf1c  __TI_auto_init_nobinit_nopinit
0000cf5e  putPixels                     
0000cfa0  sendSPI                       
0000cfda  __mspabi_srai                 
0000cfe6  __mspabi_srai_15              
0000cfe8  __mspabi_srai_14              
0000cfea  __mspabi_srai_13              
0000cfec  __mspabi_srai_12              
0000cfee  __mspabi_srai_11              
0000cff0  __mspabi_srai_10              
0000cff2  __mspabi_srai_9               
0000cff4  __mspabi_srai_8               
0000cff6  __mspabi_srai_7               
0000cff8  __mspabi_srai_6               
0000cffa  __mspabi_srai_5               
0000cffc  __mspabi_srai_4               
0000cffe  __mspabi_srai_3               
0000d000  __mspabi_srai_2               
0000d002  __mspabi_srai_1               
0000d006  __mspabi_slli                 
0000d012  __mspabi_slli_15              
0000d014  __mspabi_slli_14              
0000d016  __mspabi_slli_13              
0000d018  __mspabi_slli_12              
0000d01a  __mspabi_slli_11              
0000d01c  __mspabi_slli_10              
0000d01e  __mspabi_slli_9               
0000d020  __mspabi_slli_8               
0000d022  __mspabi_slli_7               
0000d024  __mspabi_slli_6               
0000d026  __mspabi_slli_5               
0000d028  __mspabi_slli_4               
0000d02a  __mspabi_slli_3               
0000d02c  __mspabi_slli_2               
0000d02e  __mspabi_slli_1               
0000d032  PrintText                     
0000d032  Print_Text                    
0000d050  setColumnAddress              
0000d06e  InitDriver                    
0000d08a  _c_int00_noargs               
0000d0a6  watchdog_timer                
0000d0c0  Set_Location                  
0000d0c0  gotoxy                        
0000d0d6  __TI_zero_init_nomemset       
0000d0ea  __TI_decompress_none          
0000d0fc  memcpy                        
0000d10e  sendSPICmd                    
0000d120  sendSPIData                   
0000d132  __mspabi_func_epilog_7        
0000d134  __mspabi_func_epilog_6        
0000d136  __mspabi_func_epilog_5        
0000d138  __mspabi_func_epilog_4        
0000d13a  __mspabi_func_epilog_3        
0000d13c  __mspabi_func_epilog_2        
0000d13e  __mspabi_func_epilog_1        
0000d142  Delay                         
0000d150  Init_gfx                      
0000d15e  setPageAddress                
0000d16c  CallInISR                     
0000d176  __TI_ISR_TRAP                 
0000d17e  InitTimerSystem               
0000d184  SetFont                       
0000d184  Set_Font                      
0000d18a  C$$EXIT                       
0000d18a  abort                         
0000d190  _system_pre_init              
0000d194  _system_post_cinit            
0000d1a2  __TI_Handler_Table_Base       
0000d1a8  __TI_Handler_Table_Limit      
0000d1ac  __TI_CINIT_Base               
0000d1b4  __TI_CINIT_Limit              
0000d1b4  __TI_CINIT_Warm               
0000ffe0  __TI_int00                    
0000ffe4  __TI_int02                    
0000ffe6  __TI_int03                    
0000ffea  __TI_int05                    
0000ffec  __TI_int06                    
0000ffee  __TI_int07                    
0000fff0  __TI_int08                    
0000fff2  __TI_int09                    
0000fff4  __TI_int10                    
0000fff6  __TI_int11                    
0000fff8  __TI_int12                    
0000fffa  __TI_int13                    
0000fffc  __TI_int14                    
0000fffe  _reset_vector                 
ffffffff  __TI_pprof_out_hndl           
ffffffff  __TI_prof_data_size           
ffffffff  __TI_prof_data_start          
ffffffff  __c_args__                    

[486 symbols]
